Component: ARM Compiler 5.06 update 6 (build 750) Tool: armlink [4d35ed]

==============================================================================

Section Cross References

    sx1276.o(i.GetFskBandwidthRegValue) refers to sx1276.o(.constdata) for .constdata
    sx1276.o(i.RxChainCalibration) refers to sx1276.o(i.SX1276Read) for SX1276Read
    sx1276.o(i.RxChainCalibration) refers to sx1276.o(i.SX1276Write) for SX1276Write
    sx1276.o(i.RxChainCalibration) refers to sx1276.o(i.SX1276SetChannel) for SX1276SetChannel
    sx1276.o(i.SX1276BoardInit) refers to sx1276.o(.data) for .data
    sx1276.o(i.SX1276GetRadioWakeUpTime) refers to sx1276.o(.data) for .data
    sx1276.o(i.SX1276GetStatus) refers to sx1276.o(.bss) for .bss
    sx1276.o(i.SX1276GetTimeOnAir) refers to dfltui.o(.text) for __aeabi_ui2d
    sx1276.o(i.SX1276GetTimeOnAir) refers to sx1276.o(i.SX1276Read) for SX1276Read
    sx1276.o(i.SX1276GetTimeOnAir) refers to dadd.o(.text) for __aeabi_dadd
    sx1276.o(i.SX1276GetTimeOnAir) refers to dscalb.o(.text) for __ARM_scalbn
    sx1276.o(i.SX1276GetTimeOnAir) refers to ddiv.o(.text) for __aeabi_ddiv
    sx1276.o(i.SX1276GetTimeOnAir) refers to dmul.o(.text) for __aeabi_dmul
    sx1276.o(i.SX1276GetTimeOnAir) refers to round.o(i.round) for round
    sx1276.o(i.SX1276GetTimeOnAir) refers to dflti.o(.text) for __aeabi_i2d
    sx1276.o(i.SX1276GetTimeOnAir) refers to ceil.o(i.ceil) for ceil
    sx1276.o(i.SX1276GetTimeOnAir) refers to cdrcmple.o(.text) for __aeabi_cdrcmple
    sx1276.o(i.SX1276GetTimeOnAir) refers to floor.o(i.floor) for floor
    sx1276.o(i.SX1276GetTimeOnAir) refers to dfixui.o(.text) for __aeabi_d2uiz
    sx1276.o(i.SX1276GetTimeOnAir) refers to sx1276.o(.bss) for .bss
    sx1276.o(i.SX1276Init) refers to timeserver.o(i.TimerInit) for TimerInit
    sx1276.o(i.SX1276Init) refers to sx1276.o(i.SX1276Reset) for SX1276Reset
    sx1276.o(i.SX1276Init) refers to sx1276.o(i.RxChainCalibration) for RxChainCalibration
    sx1276.o(i.SX1276Init) refers to sx1276.o(i.SX1276SetOpMode) for SX1276SetOpMode
    sx1276.o(i.SX1276Init) refers to sx1276.o(i.SX1276SetModem) for SX1276SetModem
    sx1276.o(i.SX1276Init) refers to sx1276.o(i.SX1276Write) for SX1276Write
    sx1276.o(i.SX1276Init) refers to sx1276.o(.data) for .data
    sx1276.o(i.SX1276Init) refers to sx1276.o(i.SX1276OnTimeoutIrq) for SX1276OnTimeoutIrq
    sx1276.o(i.SX1276Init) refers to sx1276.o(.bss) for .bss
    sx1276.o(i.SX1276Init) refers to sx1276.o(.constdata) for .constdata
    sx1276.o(i.SX1276IsChannelFree) refers to sx1276.o(i.SX1276SetModem) for SX1276SetModem
    sx1276.o(i.SX1276IsChannelFree) refers to sx1276.o(i.SX1276SetChannel) for SX1276SetChannel
    sx1276.o(i.SX1276IsChannelFree) refers to sx1276.o(i.SX1276SetOpMode) for SX1276SetOpMode
    sx1276.o(i.SX1276IsChannelFree) refers to delay.o(i.DelayMs) for DelayMs
    sx1276.o(i.SX1276IsChannelFree) refers to timeserver.o(i.TimerGetCurrentTime) for TimerGetCurrentTime
    sx1276.o(i.SX1276IsChannelFree) refers to sx1276.o(i.SX1276ReadRssi) for SX1276ReadRssi
    sx1276.o(i.SX1276IsChannelFree) refers to timeserver.o(i.TimerGetElapsedTime) for TimerGetElapsedTime
    sx1276.o(i.SX1276IsChannelFree) refers to sx1276.o(i.SX1276SetSleep) for SX1276SetSleep
    sx1276.o(i.SX1276OnDio0Irq) refers to timeserver.o(i.TimerStop) for TimerStop
    sx1276.o(i.SX1276OnDio0Irq) refers to sx1276.o(i.SX1276Write) for SX1276Write
    sx1276.o(i.SX1276OnDio0Irq) refers to sx1276.o(i.SX1276Read) for SX1276Read
    sx1276.o(i.SX1276OnDio0Irq) refers to timeserver.o(i.TimerStart) for TimerStart
    sx1276.o(i.SX1276OnDio0Irq) refers to sx1276.o(i.SX1276ReadFifo) for SX1276ReadFifo
    sx1276.o(i.SX1276OnDio0Irq) refers to vcom.o(i.vcom_Send) for vcom_Send
    sx1276.o(i.SX1276OnDio0Irq) refers to sx1276.o(.bss) for .bss
    sx1276.o(i.SX1276OnDio0Irq) refers to sx1276.o(.data) for .data
    sx1276.o(i.SX1276OnDio1Irq) refers to sx1276.o(i.SX1276WriteFifo) for SX1276WriteFifo
    sx1276.o(i.SX1276OnDio1Irq) refers to timeserver.o(i.TimerStop) for TimerStop
    sx1276.o(i.SX1276OnDio1Irq) refers to sx1276.o(i.SX1276Write) for SX1276Write
    sx1276.o(i.SX1276OnDio1Irq) refers to vcom.o(i.vcom_Send) for vcom_Send
    sx1276.o(i.SX1276OnDio1Irq) refers to sx1276.o(i.SX1276Read) for SX1276Read
    sx1276.o(i.SX1276OnDio1Irq) refers to sx1276.o(i.SX1276ReadFifo) for SX1276ReadFifo
    sx1276.o(i.SX1276OnDio1Irq) refers to sx1276.o(.bss) for .bss
    sx1276.o(i.SX1276OnDio1Irq) refers to sx1276.o(.data) for .data
    sx1276.o(i.SX1276OnDio2Irq) refers to sx1276.o(i.SX1276Write) for SX1276Write
    sx1276.o(i.SX1276OnDio2Irq) refers to sx1276.o(i.SX1276Read) for SX1276Read
    sx1276.o(i.SX1276OnDio2Irq) refers to timeserver.o(i.TimerStop) for TimerStop
    sx1276.o(i.SX1276OnDio2Irq) refers to sx1276.o(.bss) for .bss
    sx1276.o(i.SX1276OnDio2Irq) refers to sx1276.o(.data) for .data
    sx1276.o(i.SX1276OnDio3Irq) refers to sx1276.o(i.SX1276Read) for SX1276Read
[...]
    RegionComputeRxWindowParameters          0x08005fc3   Thumb Code    26  region.o(i.RegionComputeRxWindowParameters)
    RegionDlChannelReq                       0x08005fdd   Thumb Code    18  region.o(i.RegionDlChannelReq)
    RegionEU868AdrNext                       0x08005ff1   Thumb Code   116  regioneu868.o(i.RegionEU868AdrNext)
    RegionEU868AlternateDr                   0x08006069   Thumb Code    64  regioneu868.o(i.RegionEU868AlternateDr)
    RegionEU868ApplyCFList                   0x080060a9   Thumb Code   116  regioneu868.o(i.RegionEU868ApplyCFList)
    RegionEU868ApplyDrOffset                 0x0800611d   Thumb Code    14  regioneu868.o(i.RegionEU868ApplyDrOffset)
    RegionEU868CalcBackOff                   0x0800612d   Thumb Code    48  regioneu868.o(i.RegionEU868CalcBackOff)
    RegionEU868ChanMaskSet                   0x08006165   Thumb Code    40  regioneu868.o(i.RegionEU868ChanMaskSet)
    RegionEU868ChannelAdd                    0x08006191   Thumb Code   210  regioneu868.o(i.RegionEU868ChannelAdd)
    RegionEU868ChannelsRemove                0x0800626d   Thumb Code    38  regioneu868.o(i.RegionEU868ChannelsRemove)
    RegionEU868ComputeRxWindowParameters     0x0800629d   Thumb Code    92  regioneu868.o(i.RegionEU868ComputeRxWindowParameters)
    RegionEU868DlChannelReq                  0x08006301   Thumb Code    56  regioneu868.o(i.RegionEU868DlChannelReq)
    RegionEU868GetPhyParam                   0x0800633d   Thumb Code   174  regioneu868.o(i.RegionEU868GetPhyParam)
    RegionEU868InitDefaults                  0x08006411   Thumb Code    66  regioneu868.o(i.RegionEU868InitDefaults)
    RegionEU868LinkAdrReq                    0x08006461   Thumb Code   270  regioneu868.o(i.RegionEU868LinkAdrReq)
    RegionEU868NewChannelReq                 0x08006579   Thumb Code    72  regioneu868.o(i.RegionEU868NewChannelReq)
    RegionEU868NextChannel                   0x080065c1   Thumb Code   176  regioneu868.o(i.RegionEU868NextChannel)
    RegionEU868RxConfig                      0x08006679   Thumb Code   202  regioneu868.o(i.RegionEU868RxConfig)
    RegionEU868RxParamSetupReq               0x08006759   Thumb Code    64  regioneu868.o(i.RegionEU868RxParamSetupReq)
    RegionEU868SetBandTxDone                 0x0800679d   Thumb Code    30  regioneu868.o(i.RegionEU868SetBandTxDone)
    RegionEU868SetContinuousWave             0x080067c5   Thumb Code    60  regioneu868.o(i.RegionEU868SetContinuousWave)
    RegionEU868TxConfig                      0x0800680d   Thumb Code   218  regioneu868.o(i.RegionEU868TxConfig)
    RegionEU868TxParamSetupReq               0x0800691d   Thumb Code     6  regioneu868.o(i.RegionEU868TxParamSetupReq)
    RegionEU868Verify                        0x08006923   Thumb Code    76  regioneu868.o(i.RegionEU868Verify)
    RegionGetPhyParam                        0x0800696f   Thumb Code    20  region.o(i.RegionGetPhyParam)
    RegionInitDefaults                       0x08006983   Thumb Code    14  region.o(i.RegionInitDefaults)
    RegionIsActive                           0x08006991   Thumb Code    12  region.o(i.RegionIsActive)
    RegionLinkAdrReq                         0x0800699d   Thumb Code    34  region.o(i.RegionLinkAdrReq)
    RegionNewChannelReq                      0x080069bf   Thumb Code    18  region.o(i.RegionNewChannelReq)
    RegionNextChannel                        0x080069d1   Thumb Code    30  region.o(i.RegionNextChannel)
    RegionRxConfig                           0x080069ef   Thumb Code    22  region.o(i.RegionRxConfig)
    RegionRxParamSetupReq                    0x08006a05   Thumb Code    18  region.o(i.RegionRxParamSetupReq)
    RegionSetBandTxDone                      0x08006a17   Thumb Code    14  region.o(i.RegionSetBandTxDone)
    RegionSetContinuousWave                  0x08006a25   Thumb Code    14  region.o(i.RegionSetContinuousWave)
    RegionTxConfig                           0x08006a33   Thumb Code    26  region.o(i.RegionTxConfig)
    RegionTxParamSetupReq                    0x08006a4d   Thumb Code    18  region.o(i.RegionTxParamSetupReq)
    RegionVerify                             0x08006a5f   Thumb Code    22  region.o(i.RegionVerify)
    SVC_Handler                              0x08006c53   Thumb Code     2  stm32l0xx_it.o(i.SVC_Handler)
    SX1276BoardInit                          0x08006c55   Thumb Code     6  sx1276.o(i.SX1276BoardInit)
    SX1276CheckRfFrequency                   0x08006c61   Thumb Code     4  sx1276mb1las.o(i.SX1276CheckRfFrequency)
    SX1276GetPaSelect                        0x08006c65   Thumb Code     6  sx1276mb1las.o(i.SX1276GetPaSelect)
    SX1276GetRadioWakeUpTime                 0x08006c71   Thumb Code    14  sx1276.o(i.SX1276GetRadioWakeUpTime)
    SX1276GetStatus                          0x08006c85   Thumb Code     6  sx1276.o(i.SX1276GetStatus)
    SX1276GetTimeOnAir                       0x08006c91   Thumb Code   444  sx1276.o(i.SX1276GetTimeOnAir)
    SX1276GetWakeTime                        0x08006e75   Thumb Code     4  sx1276mb1las.o(i.SX1276GetWakeTime)
    SX1276Init                               0x08006e79   Thumb Code   122  sx1276.o(i.SX1276Init)
    SX1276IoDeInit                           0x08006f05   Thumb Code    72  sx1276mb1las.o(i.SX1276IoDeInit)
    SX1276IoInit                             0x08006f59   Thumb Code    84  sx1276mb1las.o(i.SX1276IoInit)
    SX1276IoIrqInit                          0x08006fbd   Thumb Code    64  sx1276mb1las.o(i.SX1276IoIrqInit)
    SX1276IsChannelFree                      0x08007005   Thumb Code    78  sx1276.o(i.SX1276IsChannelFree)
    SX1276OnDio0Irq                          0x08007055   Thumb Code   594  sx1276.o(i.SX1276OnDio0Irq)
    SX1276OnDio1Irq                          0x080072d1   Thumb Code   194  sx1276.o(i.SX1276OnDio1Irq)
    SX1276OnDio2Irq                          0x080073a9   Thumb Code   166  sx1276.o(i.SX1276OnDio2Irq)
    SX1276OnDio3Irq                          0x0800745d   Thumb Code    76  sx1276.o(i.SX1276OnDio3Irq)
    SX1276OnDio4Irq                          0x080074b1   Thumb Code    24  sx1276.o(i.SX1276OnDio4Irq)
    SX1276OnTimeoutIrq                       0x080074cd   Thumb Code   188  sx1276.o(i.SX1276OnTimeoutIrq)
    SX1276Random                             0x08007595   Thumb Code    62  sx1276.o(i.SX1276Random)
    SX1276Read                               0x080075d3   Thumb Code    16  sx1276.o(i.SX1276Read)
    SX1276ReadBuffer                         0x080075e3   Thumb Code    66  sx1276.o(i.SX1276ReadBuffer)
    SX1276ReadFifo                           0x08007625   Thumb Code    14  sx1276.o(i.SX1276ReadFifo)
    SX1276ReadRssi                           0x08007635   Thumb Code    58  sx1276.o(i.SX1276ReadRssi)
    SX1276Reset                              0x08007679   Thumb Code    74  sx1276.o(i.SX1276Reset)
    SX1276Send                               0x080076c9   Thumb Code   230  sx1276.o(i.SX1276Send)
    SX1276SetAntSw                           0x080077b9   Thumb Code    28  sx1276mb1las.o(i.SX1276SetAntSw)
    SX1276SetAntSwLowPower                   0x080077d5   Thumb Code    64  sx1276mb1las.o(i.SX1276SetAntSwLowPower)
    SX1276SetChannel                         0x08007819   Thumb Code    72  sx1276.o(i.SX1276SetChannel)
    SX1276SetMaxPayloadLength                0x08007869   Thumb Code    42  sx1276.o(i.SX1276SetMaxPayloadLength)
    SX1276SetModem                           0x08007899   Thumb Code   106  sx1276.o(i.SX1276SetModem)
    SX1276SetOpMode                          0x08007909   Thumb Code    86  sx1276.o(i.SX1276SetOpMode)
    SX1276SetPublicNetwork                   0x08007965   Thumb Code    32  sx1276.o(i.SX1276SetPublicNetwork)
    SX1276SetRfTxPower                       0x08007989   Thumb Code   154  sx1276mb1las.o(i.SX1276SetRfTxPower)
    SX1276SetRx                              0x08007a29   Thumb Code   474  sx1276.o(i.SX1276SetRx)
    SX1276SetRxConfig                        0x08007c25   Thumb Code   628  sx1276.o(i.SX1276SetRxConfig)
    SX1276SetSleep                           0x08007ead   Thumb Code    32  sx1276.o(i.SX1276SetSleep)
    SX1276SetStby                            0x08007ed1   Thumb Code    32  sx1276.o(i.SX1276SetStby)
    SX1276SetTx                              0x08007ef5   Thumb Code   158  sx1276.o(i.SX1276SetTx)
    SX1276SetTxConfig                        0x08007f99   Thumb Code   490  sx1276.o(i.SX1276SetTxConfig)
    SX1276SetTxContinuousWave                0x08008195   Thumb Code   120  sx1276.o(i.SX1276SetTxContinuousWave)
    SX1276SetXO                              0x08008211   Thumb Code     2  sx1276mb1las.o(i.SX1276SetXO)
    SX1276StartCad                           0x08008215   Thumb Code    50  sx1276.o(i.SX1276StartCad)
    SX1276Write                              0x0800824d   Thumb Code    12  sx1276.o(i.SX1276Write)
    SX1276WriteBuffer                        0x08008259   Thumb Code    66  sx1276.o(i.SX1276WriteBuffer)
    SX1276WriteFifo                          0x0800829b   Thumb Code    14  sx1276.o(i.SX1276WriteFifo)
    Send                                     0x080083b5   Thumb Code    54  loramac.o(i.Send)
    SendFrameOnChannel                       0x08008461   Thumb Code   138  loramac.o(i.SendFrameOnChannel)
    SetTxContinuousWave                      0x08008521   Thumb Code    74  loramac.o(i.SetTxContinuousWave)
    SetTxContinuousWave1                     0x08008575   Thumb Code    48  loramac.o(i.SetTxContinuousWave1)
    SysTick_Handler                          0x080085b1   Thumb Code     8  stm32l0xx_it.o(i.SysTick_Handler)
    SystemClock_Config                       0x080085b9   Thumb Code   130  stm32l0xx_hw.o(i.SystemClock_Config)
    SystemInit                               0x08008645   Thumb Code    66  system_stm32l0xx.o(i.SystemInit)
    TimerGetCurrentTime                      0x08008699   Thumb Code    12  timeserver.o(i.TimerGetCurrentTime)
    TimerGetElapsedTime                      0x080086a5   Thumb Code    24  timeserver.o(i.TimerGetElapsedTime)
    TimerInit                                0x080086bd   Thumb Code    14  timeserver.o(i.TimerInit)
    TimerIrqHandler                          0x080086e9   Thumb Code   116  timeserver.o(i.TimerIrqHandler)
    TimerSetValue                            0x0800878d   Thumb Code    34  timeserver.o(i.TimerSetValue)
    TimerStart                               0x080087b1   Thumb Code   108  timeserver.o(i.TimerStart)
    TimerStop                                0x08008821   Thumb Code    90  timeserver.o(i.TimerStop)
    UART_AdvFeatureConfig                    0x08008881   Thumb Code   202  stm32l0xx_hal_uart.o(i.UART_AdvFeatureConfig)
    UART_CheckIdleState                      0x0800894d   Thumb Code    90  stm32l0xx_hal_uart.o(i.UART_CheckIdleState)
    UART_SetConfig                           0x080089ad   Thumb Code   510  stm32l0xx_hal_uart.o(i.UART_SetConfig)
    UART_WaitOnFlagUntilTimeout              0x08008bdd   Thumb Code    98  stm32l0xx_hal_uart.o(i.UART_WaitOnFlagUntilTimeout)
    __0printf                                0x08008d21   Thumb Code    24  printfa.o(i.__0printf)
    __1printf                                0x08008d21   Thumb Code     0  printfa.o(i.__0printf)
    __2printf                                0x08008d21   Thumb Code     0  printfa.o(i.__0printf)
    __c89printf                              0x08008d21   Thumb Code     0  printfa.o(i.__0printf)
    printf                                   0x08008d21   Thumb Code     0  printfa.o(i.__0printf)
    __ARM_clz                                0x08008d41   Thumb Code    46  depilogue.o(i.__ARM_clz)
    __ARM_common_ll_muluu                    0x08008d6f   Thumb Code    48  hw_rtc.o(i.__ARM_common_ll_muluu)
    __ARM_common_switch8                     0x08008d9f   Thumb Code    26  sx1276.o(i.__ARM_common_switch8)
    __scatterload_copy                       0x08008db9   Thumb Code    14  handlers.o(i.__scatterload_copy)
    __scatterload_null                       0x08008dc7   Thumb Code     2  handlers.o(i.__scatterload_null)
    __scatterload_zeroinit                   0x08008dc9   Thumb Code    14  handlers.o(i.__scatterload_zeroinit)
    aes_encrypt                              0x08009685   Thumb Code    84  aes.o(i.aes_encrypt)
    aes_set_key                              0x080096d9   Thumb Code   248  aes.o(i.aes_set_key)
    at_ADR_get                               0x080097d5   Thumb Code    34  at.o(i.at_ADR_get)
    at_ADR_set                               0x080097f7   Thumb Code    42  at.o(i.at_ADR_set)
    at_AppEUI_get                            0x08009821   Thumb Code    14  at.o(i.at_AppEUI_get)
    at_AppEUI_set                            0x08009831   Thumb Code    60  at.o(i.at_AppEUI_set)
    at_AppKey_get                            0x08009895   Thumb Code    14  at.o(i.at_AppKey_get)
    at_AppKey_set                            0x080098a3   Thumb Code    28  at.o(i.at_AppKey_set)
    at_AppSKey_get                           0x080098bf   Thumb Code    14  at.o(i.at_AppSKey_get)
    at_AppSKey_set                           0x080098cd   Thumb Code    28  at.o(i.at_AppSKey_set)
    at_DataRate_get                          0x080098e9   Thumb Code    36  at.o(i.at_DataRate_get)
    at_DataRate_set                          0x0800990d   Thumb Code    36  at.o(i.at_DataRate_set)
    at_DevAddr_get                           0x08009939   Thumb Code    10  at.o(i.at_DevAddr_get)
    at_DevAddr_set                           0x08009943   Thumb Code    26  at.o(i.at_DevAddr_set)
    at_DevEUI_get                            0x0800995d   Thumb Code    14  at.o(i.at_DevEUI_get)
    at_DevEUI_set                            0x0800996d   Thumb Code    60  at.o(i.at_DevEUI_set)
    at_DeviceClass_get                       0x080099d1   Thumb Code    38  at.o(i.at_DeviceClass_get)
    at_DeviceClass_set                       0x08009a01   Thumb Code    42  at.o(i.at_DeviceClass_set)
    at_DownlinkCounter_get                   0x08009a2b   Thumb Code    32  at.o(i.at_DownlinkCounter_get)
    at_DownlinkCounter_set                   0x08009a4d   Thumb Code    36  at.o(i.at_DownlinkCounter_set)
    at_DutyCycle_get                         0x08009a75   Thumb Code    24  at.o(i.at_DutyCycle_get)
    at_DutyCycle_set                         0x08009a95   Thumb Code    30  at.o(i.at_DutyCycle_set)
    at_Join                                  0x08009ab3   Thumb Code    12  at.o(i.at_Join)
    at_JoinAcceptDelay1_get                  0x08009abf   Thumb Code    32  at.o(i.at_JoinAcceptDelay1_get)
    at_JoinAcceptDelay1_set                  0x08009ae1   Thumb Code    36  at.o(i.at_JoinAcceptDelay1_set)
    at_JoinAcceptDelay2_get                  0x08009b09   Thumb Code    32  at.o(i.at_JoinAcceptDelay2_get)
    at_JoinAcceptDelay2_set                  0x08009b29   Thumb Code    36  at.o(i.at_JoinAcceptDelay2_set)
    at_NetworkID_get                         0x08009b51   Thumb Code    54  at.o(i.at_NetworkID_get)
    at_NetworkID_set                         0x08009ba1   Thumb Code    34  at.o(i.at_NetworkID_set)
    at_NetworkJoinMode_get                   0x08009bc3   Thumb Code    20  at.o(i.at_NetworkJoinMode_get)
    at_NetworkJoinMode_set                   0x08009bd7   Thumb Code    30  at.o(i.at_NetworkJoinMode_set)
    at_NetworkJoinStatus                     0x08009bf5   Thumb Code    40  at.o(i.at_NetworkJoinStatus)
    at_NwkSKey_get                           0x08009c1d   Thumb Code    14  at.o(i.at_NwkSKey_get)
    at_NwkSKey_set                           0x08009c2b   Thumb Code    28  at.o(i.at_NwkSKey_set)
    at_PublicNetwork_get                     0x08009c47   Thumb Code    34  at.o(i.at_PublicNetwork_get)
    at_PublicNetwork_set                     0x08009c69   Thumb Code    42  at.o(i.at_PublicNetwork_set)
    at_Receive                               0x08009c95   Thumb Code    40  at.o(i.at_Receive)
    at_ReceiveBinary                         0x08009cd1   Thumb Code    46  at.o(i.at_ReceiveBinary)
    at_Rx1Delay_get                          0x08009d19   Thumb Code    32  at.o(i.at_Rx1Delay_get)
    at_Rx1Delay_set                          0x08009d39   Thumb Code    36  at.o(i.at_Rx1Delay_set)
    at_Rx2DataRate_get                       0x08009d61   Thumb Code    34  at.o(i.at_Rx2DataRate_get)
    at_Rx2DataRate_set                       0x08009d85   Thumb Code    54  at.o(i.at_Rx2DataRate_set)
    at_Rx2Delay_get                          0x08009dc5   Thumb Code    32  at.o(i.at_Rx2Delay_get)
    at_Rx2Delay_set                          0x08009de5   Thumb Code    36  at.o(i.at_Rx2Delay_set)
    at_Rx2Frequency_get                      0x08009e0d   Thumb Code    32  at.o(i.at_Rx2Frequency_get)
    at_Rx2Frequency_set                      0x08009e2d   Thumb Code    54  at.o(i.at_Rx2Frequency_set)
    at_Send                                  0x08009e69   Thumb Code    24  at.o(i.at_Send)
    at_SendBinary                            0x08009e81   Thumb Code    24  at.o(i.at_SendBinary)
    at_TDC_get                               0x08009e99   Thumb Code    16  at.o(i.at_TDC_get)
    at_TDC_set                               0x08009ead   Thumb Code    26  at.o(i.at_TDC_set)
    at_TransmitPower_get                     0x08009ed1   Thumb Code    36  at.o(i.at_TransmitPower_get)
    at_TransmitPower_set                     0x08009ef5   Thumb Code    36  at.o(i.at_TransmitPower_set)
    at_UplinkCounter_get                     0x08009f21   Thumb Code    32  at.o(i.at_UplinkCounter_get)
    at_UplinkCounter_set                     0x08009f41   Thumb Code    36  at.o(i.at_UplinkCounter_set)
    at_ack_get                               0x08009f69   Thumb Code    20  at.o(i.at_ack_get)
    at_ack_set                               0x08009f7d   Thumb Code    30  at.o(i.at_ack_set)
    at_isack_get                             0x08009f9b   Thumb Code    20  at.o(i.at_isack_get)
    at_reset                                 0x08009fb1   Thumb Code    18  at.o(i.at_reset)
    at_return_error                          0x08009fcd   Thumb Code     4  at.o(i.at_return_error)
    at_rssi_get                              0x08009fd1   Thumb Code    14  at.o(i.at_rssi_get)
    at_snr_get                               0x08009fdf   Thumb Code    14  at.o(i.at_snr_get)
    at_version_get                           0x08009fed   Thumb Code    12  at.o(i.at_version_get)
    ceil                                     0x0800a001   Thumb Code   180  ceil.o(i.ceil)
    floor                                    0x0800a2ad   Thumb Code   180  floor.o(i.floor)
    fputc                                    0x0800a375   Thumb Code    18  fputc.o(i.fputc)
    lora_Init                                0x0800a389   Thumb Code   238  lora.o(i.lora_Init)
    lora_config_appeui_get                   0x0800a525   Thumb Code     4  lora.o(i.lora_config_appeui_get)
    lora_config_appeui_set                   0x0800a52d   Thumb Code    14  lora.o(i.lora_config_appeui_set)
    lora_config_appkey_get                   0x0800a541   Thumb Code     4  lora.o(i.lora_config_appkey_get)
    lora_config_appkey_set                   0x0800a549   Thumb Code    14  lora.o(i.lora_config_appkey_set)
    lora_config_appskey_get                  0x0800a55d   Thumb Code     4  lora.o(i.lora_config_appskey_get)
    lora_config_appskey_set                  0x0800a565   Thumb Code    14  lora.o(i.lora_config_appskey_set)
    lora_config_devaddr_get                  0x0800a579   Thumb Code    14  lora.o(i.lora_config_devaddr_get)
    lora_config_devaddr_set                  0x0800a595   Thumb Code     6  lora.o(i.lora_config_devaddr_set)
    lora_config_deveui_get                   0x0800a5a1   Thumb Code     4  lora.o(i.lora_config_deveui_get)
    lora_config_deveui_set                   0x0800a5a9   Thumb Code    14  lora.o(i.lora_config_deveui_set)
    lora_config_duty_cycle_get               0x0800a5bd   Thumb Code     6  lora.o(i.lora_config_duty_cycle_get)
    lora_config_duty_cycle_set               0x0800a5c9   Thumb Code    18  lora.o(i.lora_config_duty_cycle_set)
    lora_config_isack_get                    0x0800a5e1   Thumb Code    18  lora.o(i.lora_config_isack_get)
    lora_config_nwkskey_get                  0x0800a5f9   Thumb Code     4  lora.o(i.lora_config_nwkskey_get)
    lora_config_nwkskey_set                  0x0800a601   Thumb Code    14  lora.o(i.lora_config_nwkskey_set)
    lora_config_otaa_get                     0x0800a615   Thumb Code     6  lora.o(i.lora_config_otaa_get)
    lora_config_otaa_set                     0x0800a621   Thumb Code     6  lora.o(i.lora_config_otaa_set)
    lora_config_reqack_get                   0x0800a62d   Thumb Code     6  lora.o(i.lora_config_reqack_get)
    lora_config_reqack_set                   0x0800a639   Thumb Code     6  lora.o(i.lora_config_reqack_set)
    lora_config_rssi_get                     0x0800a645   Thumb Code     8  lora.o(i.lora_config_rssi_get)
    lora_config_snr_get                      0x0800a651   Thumb Code     8  lora.o(i.lora_config_snr_get)
    lora_fsm                                 0x0800a65d   Thumb Code   334  lora.o(i.lora_fsm)
    lora_getDeviceState                      0x0800a7d5   Thumb Code     6  lora.o(i.lora_getDeviceState)
    lora_join                                0x0800a7e1   Thumb Code    50  lora.o(i.lora_join)
    lora_send                                0x0800a819   Thumb Code   212  lora.o(i.lora_send)
    lora_send_exti                           0x0800a925   Thumb Code    52  lora.o(i.lora_send_exti)
    main                                     0x0800a95d   Thumb Code    68  main.o(i.main)
    memcpy1                                  0x0800a9a5   Thumb Code    22  utilities.o(i.memcpy1)
    memcpyr                                  0x0800a9bb   Thumb Code    26  utilities.o(i.memcpyr)
    memset1                                  0x0800a9d5   Thumb Code    18  utilities.o(i.memset1)
    rand1                                    0x0800ad75   Thumb Code    26  utilities.o(i.rand1)
    randr                                    0x0800ada1   Thumb Code    22  utilities.o(i.randr)
    round                                    0x0800adb9   Thumb Code   142  round.o(i.round)
    send_exti                                0x0800ae55   Thumb Code    16  main.o(i.send_exti)
    set_at_receive                           0x0800ae69   Thumb Code    28  at.o(i.set_at_receive)
    srand1                                   0x0800af05   Thumb Code     6  utilities.o(i.srand1)
    tiny_sscanf                              0x0800af85   Thumb Code    20  tiny_sscanf.o(i.tiny_sscanf)
    tiny_vsnprintf_like                      0x0800b1ed   Thumb Code   338  tiny_vsnprintf.o(i.tiny_vsnprintf_like)
    vcom_IRQHandler                          0x0800b369   Thumb Code   158  vcom.o(i.vcom_IRQHandler)
    vcom_Init                                0x0800b44d   Thumb Code   154  vcom.o(i.vcom_Init)
    vcom_IoInit                              0x0800b4fd   Thumb Code   118  vcom.o(i.vcom_IoInit)
    vcom_ReceiveInit                         0x0800b579   Thumb Code    44  vcom.o(i.vcom_ReceiveInit)
    vcom_Send                                0x0800b5ad   Thumb Code   140  vcom.o(i.vcom_Send)
    RadioRegsInit                            0x0800b6c8   Data          48  sx1276.o(.constdata)
    FskBandwidths                            0x0800b6f8   Data         176  sx1276.o(.constdata)
    Radio                                    0x0800b7a8   Data         104  sx1276mb1las.o(.constdata)
    AHBPrescTable                            0x0800b810   Data          16  system_stm32l0xx.o(.constdata)
    PLLMulTable                              0x0800b820   Data           9  system_stm32l0xx.o(.constdata)
    APBPrescTable                            0x0800b829   Data           8  system_stm32l0xx.o(.constdata)
    Region$$Table$$Base                      0x0800ca4c   Number         0  anon$$obj.o(Region$$Table)
    Region$$Table$$Limit                     0x0800ca6c   Number         0  anon$$obj.o(Region$$Table)
    DioIrq                                   0x20000008   Data          24  sx1276.o(.data)
    SystemCoreClock                          0x2000003c   Data           4  system_stm32l0xx.o(.data)
    uwTick                                   0x20000040   Data           4  stm32l0xx_hal.o(.data)
    batteryLevel_mV                          0x2000004c   Data           2  main.o(.data)
    exti_flag                                0x20000050   Data           4  main.o(.data)
    iw                                       0x2000007c   Data           2  vcom.o(.data)
    WakeUpSelection                          0x20000084   Data           8  vcom.o(.data)
    LoRaParamInit                            0x2000009c   Data           4  lora.o(.data)
    LoRaMacFlags                             0x20000126   Data           1  loramac.o(.data)
    LoRaMacState                             0x20000144   Data           4  loramac.o(.data)
    TxTimeOnAir                              0x20000148   Data           4  loramac.o(.data)
    __stdout                                 0x200001f8   Data           4  stdout.o(.data)
    SX1276                                   0x200002fc   Data         104  sx1276.o(.bss)
    TxTimeoutTimer                           0x20000364   Data          20  sx1276.o(.bss)
    RxTimeoutTimer                           0x20000378   Data          20  sx1276.o(.bss)
    RxTimeoutSyncWord                        0x2000038c   Data          20  sx1276.o(.bss)
    UartHandle                               0x2000080c   Data         112  vcom.o(.bss)
    ComplianceTest                           0x20000a68   Data          20  lora.o(.bss)
    LoRaMacParams                            0x20000db0   Data          56  loramac.o(.bss)
    LoRaMacParamsDefaults                    0x20000de8   Data          56  loramac.o(.bss)
    __initial_sp                             0x200015f0   Data           0  startup_stm32l072xx.o(STACK)



==============================================================================

Memory Map of the image

  Image Entry point : 0x080000c1

  Load Region LR_IROM1 (Base: 0x08000000, Size: 0x0000cc68, Max: 0x00030000, ABSOLUTE, COMPRESSED[0x0000cb2c])

    Execution Region ER_IROM1 (Exec base: 0x08000000, Load base: 0x08000000, Size: 0x0000ca6c, Max: 0x00030000, ABSOLUTE)

    Exec Addr    Load Addr    Size         Type   Attr      Idx    E Section Name        Object

    0x08000000   0x08000000   0x000000c0   Data   RO         4088    RESET               startup_stm32l072xx.o
    0x080000c0   0x080000c0   0x00000000   Code   RO         8168  * .ARM.Collect$$$$00000000  mc_p.l(entry.o)
    0x080000c0   0x080000c0   0x00000004   Code   RO         8488    .ARM.Collect$$$$00000001  mc_p.l(entry2.o)
    0x080000c4   0x080000c4   0x00000004   Code   RO         8491    .ARM.Collect$$$$00000004  mc_p.l(entry5.o)
    0x080000c8   0x080000c8   0x00000000   Code   RO         8493    .ARM.Collect$$$$00000008  mc_p.l(entry7b.o)
    0x080000c8   0x080000c8   0x00000000   Code   RO         8495    .ARM.Collect$$$$0000000A  mc_p.l(entry8b.o)
    0x080000c8   0x080000c8   0x00000008   Code   RO         8496    .ARM.Collect$$$$0000000B  mc_p.l(entry9a.o)
    0x080000d0   0x080000d0   0x00000000   Code   RO         8498    .ARM.Collect$$$$0000000D  mc_p.l(entry10a.o)
    0x080000d0   0x080000d0   0x00000000   Code   RO         8500    .ARM.Collect$$$$0000000F  mc_p.l(entry11a.o)
    0x080000d0   0x080000d0   0x00000004   Code   RO         8489    .ARM.Collect$$$$00002712  mc_p.l(entry2.o)
    0x080000d4   0x080000d4   0x0000001c   Code   RO         4089    .text               startup_stm32l072xx.o
    0x080000f0   0x080000f0   0x0000002c   Code   RO         8171    .text               mc_p.l(uidiv.o)
    0x0800011c   0x0800011c   0x00000028   Code   RO         8173    .text               mc_p.l(idiv.o)
    0x08000144   0x08000144   0x00000060   Code   RO         8175    .text               mc_p.l(uldiv.o)
    0x080001a4   0x080001a4   0x0000007a   Code   RO         8177    .text               mc_p.l(llmul.o)
    0x0800021e   0x0800021e   0x00000024   Code   RO         8179    .text               mc_p.l(memcpya.o)
    0x08000242   0x08000242   0x00000024   Code   RO         8181    .text               mc_p.l(memseta.o)
    0x08000266   0x08000266   0x0000000e   Code   RO         8183    .text               mc_p.l(strlen.o)
    0x08000274   0x08000274   0x0000001e   Code   RO         8185    .text               mc_p.l(strncmp.o)
    0x08000292   0x08000292   0x00000014   Code   RO         8450    .text               mc_p.l(uread4.o)
    0x080002a6   0x080002a6   0x000000b2   Code   RO         8452    .text               mf_p.l(fadd.o)
    0x08000358   0x08000358   0x0000007a   Code   RO         8454    .text               mf_p.l(fmul.o)
    0x080003d2   0x080003d2   0x00000002   PAD
    0x080003d4   0x080003d4   0x00000164   Code   RO         8456    .text               mf_p.l(dadd.o)
    0x08000538   0x08000538   0x000000d0   Code   RO         8458    .text               mf_p.l(dmul.o)
    0x08000608   0x08000608   0x000000f0   Code   RO         8460    .text               mf_p.l(ddiv.o)
    0x080006f8   0x080006f8   0x0000002c   Code   RO         8462    .text               mf_p.l(dscalb.o)
    0x08000724   0x08000724   0x0000000e   Code   RO         8466    .text               mf_p.l(ffltui.o)
    0x08000732   0x08000732   0x00000002   PAD
    0x08000734   0x08000734   0x00000028   Code   RO         8468    .text               mf_p.l(dflti.o)
    0x0800075c   0x0800075c   0x0000001c   Code   RO         8470    .text               mf_p.l(dfltui.o)
    0x08000778   0x08000778   0x00000032   Code   RO         8472    .text               mf_p.l(ffixi.o)
    0x080007aa   0x080007aa   0x00000002   PAD
    0x080007ac   0x080007ac   0x00000048   Code   RO         8476    .text               mf_p.l(dfixi.o)
    0x080007f4   0x080007f4   0x0000003c   Code   RO         8478    .text               mf_p.l(dfixui.o)
    0x08000830   0x08000830   0x00000028   Code   RO         8480    .text               mf_p.l(f2d.o)
    0x08000858   0x08000858   0x00000028   Code   RO         8482    .text               mf_p.l(cdrcmple.o)
    0x08000880   0x08000880   0x00000038   Code   RO         8484    .text               mf_p.l(d2f.o)
    0x080008b8   0x080008b8   0x00000020   Code   RO         8505    .text               mc_p.l(llshl.o)
    0x080008d8   0x080008d8   0x00000022   Code   RO         8507    .text               mc_p.l(llushr.o)
    0x080008fa   0x080008fa   0x00000026   Code   RO         8509    .text               mc_p.l(llsshr.o)
    0x08000920   0x08000920   0x00000000   Code   RO         8511    .text               mc_p.l(iusefp.o)
    0x08000920   0x08000920   0x00000082   Code   RO         8512    .text               mf_p.l(fepilogue.o)
    0x080009a2   0x080009a2   0x000000be   Code   RO         8514    .text               mf_p.l(depilogue.o)
    0x08000a60   0x08000a60   0x0000007c   Code   RO         8518    .text               mf_p.l(drnd.o)
    0x08000adc   0x08000adc   0x00000040   Code   RO         8520    .text               mf_p.l(dfixul.o)
    0x08000b1c   0x08000b1c   0x00000028   Code   RO         8522    .text               mf_p.l(cdcmple.o)
    0x08000b44   0x08000b44   0x00000024   Code   RO         8524    .text               mc_p.l(init.o)
    0x08000b68   0x08000b68   0x00000000   Code   RO         8526    .text               mc_p.l(semi.o)
    0x08000b68   0x08000b68   0x00000000   Code   RO         8527    .text               mc_p.l(iusesemip.o)
    0x08000b68   0x08000b68   0x00000056   Code   RO         8536    .text               mc_p.l(__dczerorl2.o)
    0x08000bbe   0x08000bbe   0x00000002   PAD
    0x08000bc0   0x08000bc0   0x00000024   Code   RO         1508    i.ADC_DelayMicroSecond  stm32l0xx_hal_adc.o
    0x08000be4   0x08000be4   0x00000064   Code   RO         1510    i.ADC_Enable        stm32l0xx_hal_adc.o
    0x08000c48   0x08000c48   0x0000013c   Code   RO         8122    i.AES_CMAC_Final    cmac.o
    0x08000d84   0x08000d84   0x00000020   Code   RO         8123    i.AES_CMAC_Init     cmac.o
    0x08000da4   0x08000da4   0x00000010   Code   RO         8124    i.AES_CMAC_SetKey   cmac.o
    0x08000db4   0x08000db4   0x000000be   Code   RO         8125    i.AES_CMAC_Update   cmac.o
    0x08000e72   0x08000e72   0x00000002   PAD
    0x08000e74   0x08000e74   0x00000098   Code   RO         5610    i.AddMacCommand     loramac.o
    0x08000f0c   0x08000f0c   0x0000004c   Code   RO          511    i.BSP_oil_float_Init  oil_float.o
    0x08000f58   0x08000f58   0x00000010   Code   RO         4095    i.BSP_sensor_Init   bsp.o
    0x08000f68   0x08000f68   0x00000080   Code   RO         4096    i.BSP_sensor_Read   bsp.o
    0x08000fe8   0x08000fe8   0x0000000c   Code   RO         5271    i.CMD_Init          command.o
    0x08000ff4   0x08000ff4   0x0000005c   Code   RO         5272    i.CMD_Process       command.o
    0x08001050   0x08001050   0x0000003c   Code   RO         5611    i.CalculateBackOff  loramac.o
    0x0800108c   0x0800108c   0x0000009e   Code   RO         7003    i.CountNbOfEnabledChannels  regioneu868.o
    0x0800112a   0x0800112a   0x00000002   PAD
    0x0800112c   0x0800112c   0x00000060   Code   RO         4136    i.DBG_Init          debug.o
    0x0800118c   0x0800118c   0x00000044   Code   RO          419    i.DS18B20_GetTemp_SkipRom  ds18b20.o
    0x080011d0   0x080011d0   0x00000034   Code   RO          421    i.DS18B20_IoDeInit  ds18b20.o
    0x08001204   0x08001204   0x00000034   Code   RO          422    i.DS18B20_Mode_IPU  ds18b20.o
    0x08001238   0x08001238   0x00000034   Code   RO          423    i.DS18B20_Mode_Out_PP  ds18b20.o
    0x0800126c   0x0800126c   0x0000005c   Code   RO          424    i.DS18B20_Presence  ds18b20.o
    0x080012c8   0x080012c8   0x0000003c   Code   RO          425    i.DS18B20_ReadBit   ds18b20.o
    0x08001304   0x08001304   0x0000001c   Code   RO          426    i.DS18B20_ReadByte  ds18b20.o
    0x08001320   0x08001320   0x00000034   Code   RO          428    i.DS18B20_Rst       ds18b20.o
    0x08001354   0x08001354   0x00000012   Code   RO          429    i.DS18B20_SkipRom   ds18b20.o
    0x08001366   0x08001366   0x00000002   PAD
    0x08001368   0x08001368   0x00000064   Code   RO          430    i.DS18B20_WriteByte  ds18b20.o
    0x080013cc   0x080013cc   0x00000016   Code   RO          431    i.DS18B20_delay     ds18b20.o
    0x080013e2   0x080013e2   0x00000008   Code   RO         7864    i.DelayMs           delay.o
    0x080013ea   0x080013ea   0x00000010   Code   RO         4615    i.EXTI0_1_IRQHandler  stm32l0xx_it.o
    0x080013fa   0x080013fa   0x00000010   Code   RO         4616    i.EXTI2_3_IRQHandler  stm32l0xx_it.o
    0x0800140a   0x0800140a   0x00000002   PAD
    0x0800140c   0x0800140c   0x00000074   Code   RO         4617    i.EXTI4_15_IRQHandler  stm32l0xx_it.o
    0x08001480   0x08001480   0x00000002   Code   RO         4137    i.Error_Handler     debug.o
    0x08001482   0x08001482   0x00000002   PAD
    0x08001484   0x08001484   0x00000050   Code   RO          535    i.GPIO_EXTI_IoInit  gpio_exti.o
    0x080014d4   0x080014d4   0x00000040   Code   RO          536    i.GPIO_INPUT_IoInit  gpio_exti.o
    0x08001514   0x08001514   0x00000024   Code   RO         7004    i.GetBandwidth      regioneu868.o
    0x08001538   0x08001538   0x0000002c   Code   RO            3    i.GetFskBandwidthRegValue  sx1276.o
    0x08001564   0x08001564   0x00000020   Code   RO         4715    i.GetNewChar        vcom.o
    0x08001584   0x08001584   0x000000aa   Code   RO         3498    i.HAL_ADCEx_Calibration_Start  stm32l0xx_hal_adc_ex.o
    0x0800162e   0x0800162e   0x00000002   PAD
    0x08001630   0x08001630   0x00000094   Code   RO         1512    i.HAL_ADC_ConfigChannel  stm32l0xx_hal_adc.o
    0x080016c4   0x080016c4   0x00000006   Code   RO         1519    i.HAL_ADC_GetValue  stm32l0xx_hal_adc.o
    0x080016ca   0x080016ca   0x00000002   PAD
    0x080016cc   0x080016cc   0x000001c4   Code   RO         1521    i.HAL_ADC_Init      stm32l0xx_hal_adc.o
    0x08001890   0x08001890   0x00000002   Code   RO         1524    i.HAL_ADC_MspInit   stm32l0xx_hal_adc.o
    0x08001892   0x08001892   0x000000be   Code   RO         1525    i.HAL_ADC_PollForConversion  stm32l0xx_hal_adc.o
    0x08001950   0x08001950   0x0000005c   Code   RO         1527    i.HAL_ADC_Start     stm32l0xx_hal_adc.o
    0x080019ac   0x080019ac   0x00000010   Code   RO         1912    i.HAL_DBGMCU_DisableDBGSleepMode  stm32l0xx_hal.o
    0x080019bc   0x080019bc   0x00000010   Code   RO         1913    i.HAL_DBGMCU_DisableDBGStandbyMode  stm32l0xx_hal.o
    0x080019cc   0x080019cc   0x00000010   Code   RO         1914    i.HAL_DBGMCU_DisableDBGStopMode  stm32l0xx_hal.o
    0x080019dc   0x080019dc   0x00000008   Code   RO         4447    i.HAL_GPIO_EXTI_Callback  stm32l0xx_hal_msp.o
    0x080019e4   0x080019e4   0x00000018   Code   RO         2179    i.HAL_GPIO_EXTI_IRQHandler  stm32l0xx_hal_gpio.o
    0x080019fc   0x080019fc   0x00000184   Code   RO         2180    i.HAL_GPIO_Init     stm32l0xx_hal_gpio.o
    0x08001b80   0x08001b80   0x0000000a   Code   RO         2182    i.HAL_GPIO_ReadPin  stm32l0xx_hal_gpio.o
    0x08001b8a   0x08001b8a   0x0000000c   Code   RO         2184    i.HAL_GPIO_WritePin  stm32l0xx_hal_gpio.o
    0x08001b96   0x08001b96   0x00000002   PAD
    0x08001b98   0x08001b98   0x0000000c   Code   RO         1923    i.HAL_GetTick       stm32l0xx_hal.o
    0x08001ba4   0x08001ba4   0x00000010   Code   RO         1924    i.HAL_IncTick       stm32l0xx_hal.o
    0x08001bb4   0x08001bb4   0x00000020   Code   RO         1925    i.HAL_Init          stm32l0xx_hal.o
    0x08001bd4   0x08001bd4   0x00000004   Code   RO         4448    i.HAL_InitTick      stm32l0xx_hal_msp.o
    0x08001bd8   0x08001bd8   0x0000002c   Code   RO         4449    i.HAL_MspInit       stm32l0xx_hal_msp.o
    0x08001c04   0x08001c04   0x00000014   Code   RO         2080    i.HAL_NVIC_EnableIRQ  stm32l0xx_hal_cortex.o
    0x08001c18   0x08001c18   0x0000001c   Code   RO         2081    i.HAL_NVIC_GetPendingIRQ  stm32l0xx_hal_cortex.o
    0x08001c34   0x08001c34   0x00000008   Code   RO         2084    i.HAL_NVIC_SetPriority  stm32l0xx_hal_cortex.o
    0x08001c3c   0x08001c3c   0x00000010   Code   RO         2437    i.HAL_PWREx_EnableFastWakeUp  stm32l0xx_hal_pwr_ex.o
    0x08001c4c   0x08001c4c   0x00000010   Code   RO         2439    i.HAL_PWREx_EnableUltraLowPower  stm32l0xx_hal_pwr_ex.o
    0x08001c5c   0x08001c5c   0x00000010   Code   RO         2321    i.HAL_PWR_DisablePVD  stm32l0xx_hal_pwr.o
    0x08001c6c   0x08001c6c   0x00000030   Code   RO         2330    i.HAL_PWR_EnterSLEEPMode  stm32l0xx_hal_pwr.o
    0x08001c9c   0x08001c9c   0x00000034   Code   RO         2332    i.HAL_PWR_EnterSTOPMode  stm32l0xx_hal_pwr.o
    0x08001cd0   0x08001cd0   0x000001c0   Code   RO         1797    i.HAL_RCCEx_GetPeriphCLKFreq  stm32l0xx_hal_rcc_ex.o
    0x08001e90   0x08001e90   0x0000018c   Code   RO         1800    i.HAL_RCCEx_PeriphCLKConfig  stm32l0xx_hal_rcc_ex.o
    0x0800201c   0x0800201c   0x00000168   Code   RO         1686    i.HAL_RCC_ClockConfig  stm32l0xx_hal_rcc.o
    0x08002184   0x08002184   0x00000020   Code   RO         1692    i.HAL_RCC_GetPCLK1Freq  stm32l0xx_hal_rcc.o
    0x080021a4   0x080021a4   0x00000020   Code   RO         1693    i.HAL_RCC_GetPCLK2Freq  stm32l0xx_hal_rcc.o
    0x080021c4   0x080021c4   0x00000078   Code   RO         1694    i.HAL_RCC_GetSysClockFreq  stm32l0xx_hal_rcc.o
    0x0800223c   0x0800223c   0x0000045c   Code   RO         1697    i.HAL_RCC_OscConfig  stm32l0xx_hal_rcc.o
    0x08002698   0x08002698   0x0000003c   Code   RO         2632    i.HAL_RTCEx_EnableBypassShadow  stm32l0xx_hal_rtc_ex.o
    0x080026d4   0x080026d4   0x00000008   Code   RO         4450    i.HAL_RTC_AlarmAEventCallback  stm32l0xx_hal_msp.o
    0x080026dc   0x080026dc   0x000000b8   Code   RO         2493    i.HAL_RTC_DeactivateAlarm  stm32l0xx_hal_rtc.o
    0x08002794   0x08002794   0x0000008c   Code   RO         2494    i.HAL_RTC_GetAlarm  stm32l0xx_hal_rtc.o
    0x08002820   0x08002820   0x00000044   Code   RO         2495    i.HAL_RTC_GetDate   stm32l0xx_hal_rtc.o
    0x08002864   0x08002864   0x0000005c   Code   RO         2497    i.HAL_RTC_GetTime   stm32l0xx_hal_rtc.o
    0x080028c0   0x080028c0   0x000000a4   Code   RO         2498    i.HAL_RTC_Init      stm32l0xx_hal_rtc.o
    0x08002964   0x08002964   0x0000005c   Code   RO         4452    i.HAL_RTC_MspInit   stm32l0xx_hal_msp.o
    0x080029c0   0x080029c0   0x000001a0   Code   RO         2503    i.HAL_RTC_SetAlarm_IT  stm32l0xx_hal_rtc.o
    0x08002b60   0x08002b60   0x000000cc   Code   RO         2504    i.HAL_RTC_SetDate   stm32l0xx_hal_rtc.o
    0x08002c2c   0x08002c2c   0x000000f0   Code   RO         2505    i.HAL_RTC_SetTime   stm32l0xx_hal_rtc.o
    0x08002d1c   0x08002d1c   0x00000034   Code   RO         2506    i.HAL_RTC_WaitForSynchro  stm32l0xx_hal_rtc.o
    0x08002d50   0x08002d50   0x00000084   Code   RO          935    i.HAL_SPI_Init      stm32l0xx_hal_spi.o
    0x08002dd4   0x08002dd4   0x00000002   Code   RO          937    i.HAL_SPI_MspInit   stm32l0xx_hal_spi.o
    0x08002dd6   0x08002dd6   0x000002b8   Code   RO          944    i.HAL_SPI_TransmitReceive  stm32l0xx_hal_spi.o
    0x0800308e   0x0800308e   0x0000002a   Code   RO         3557    i.HAL_UARTEx_EnableStopMode  stm32l0xx_hal_uart_ex.o
    0x080030b8   0x080030b8   0x00000098   Code   RO         3558    i.HAL_UARTEx_StopModeWakeUpSourceConfig  stm32l0xx_hal_uart_ex.o
    0x08003150   0x08003150   0x0000006c   Code   RO         1188    i.HAL_UART_Init     stm32l0xx_hal_uart.o
    0x080031bc   0x080031bc   0x00000008   Code   RO         4717    i.HAL_UART_MspInit  vcom.o
    0x080031c4   0x080031c4   0x0000005c   Code   RO         4509    i.HW_AdcInit        stm32l0xx_hw.o
    0x08003220   0x08003220   0x00000094   Code   RO         4510    i.HW_AdcReadChannel  stm32l0xx_hw.o
    0x080032b4   0x080032b4   0x0000000c   Code   RO         4512    i.HW_EnterSleepMode  stm32l0xx_hw.o
    0x080032c0   0x080032c0   0x00000044   Code   RO         4513    i.HW_EnterStopMode  stm32l0xx_hw.o
    0x08003304   0x08003304   0x00000054   Code   RO         4514    i.HW_ExitStopMode   stm32l0xx_hw.o
    0x08003358   0x08003358   0x00000038   Code   RO         4162    i.HW_GPIO_GetBitPos  hw_gpio.o
    0x08003390   0x08003390   0x00000054   Code   RO         4163    i.HW_GPIO_Init      hw_gpio.o
    0x080033e4   0x080033e4   0x00000018   Code   RO         4164    i.HW_GPIO_IrqHandler  hw_gpio.o
    0x080033fc   0x080033fc   0x00000034   Code   RO         4166    i.HW_GPIO_SetIrq    hw_gpio.o
    0x08003430   0x08003430   0x0000000a   Code   RO         4167    i.HW_GPIO_Write     hw_gpio.o
    0x0800343a   0x0800343a   0x00000002   PAD
    0x0800343c   0x0800343c   0x0000005c   Code   RO         4515    i.HW_GetBatteryLevel  stm32l0xx_hw.o
    0x08003498   0x08003498   0x00000014   Code   RO         4516    i.HW_GetRandomSeed  stm32l0xx_hw.o
    0x080034ac   0x080034ac   0x00000044   Code   RO         4518    i.HW_GetUniqueId    stm32l0xx_hw.o
    0x080034f0   0x080034f0   0x00000034   Code   RO         4520    i.HW_Init           stm32l0xx_hw.o
    0x08003524   0x08003524   0x00000026   Code   RO         4213    i.HW_RTC_DelayMs    hw_rtc.o
    0x0800354a   0x0800354a   0x00000002   PAD
    0x0800354c   0x0800354c   0x000000a4   Code   RO         4214    i.HW_RTC_GetCalendarValue  hw_rtc.o
    0x080035f0   0x080035f0   0x00000004   Code   RO         4215    i.HW_RTC_GetMinimumTimeout  hw_rtc.o
    0x080035f4   0x080035f4   0x0000002c   Code   RO         4216    i.HW_RTC_GetTimerContext  hw_rtc.o
    0x08003620   0x08003620   0x0000001c   Code   RO         4217    i.HW_RTC_GetTimerElapsedTime  hw_rtc.o
    0x0800363c   0x0800363c   0x00000010   Code   RO         4218    i.HW_RTC_GetTimerValue  hw_rtc.o
    0x0800364c   0x0800364c   0x00000020   Code   RO         4219    i.HW_RTC_Init       hw_rtc.o
    0x0800366c   0x0800366c   0x0000003c   Code   RO         4220    i.HW_RTC_IrqHandler  hw_rtc.o
    0x080036a8   0x080036a8   0x00000044   Code   RO         4221    i.HW_RTC_SetAlarm   hw_rtc.o
    0x080036ec   0x080036ec   0x00000014   Code   RO         4222    i.HW_RTC_SetAlarmConfig  hw_rtc.o
    0x08003700   0x08003700   0x00000060   Code   RO         4223    i.HW_RTC_SetConfig  hw_rtc.o
    0x08003760   0x08003760   0x00000018   Code   RO         4224    i.HW_RTC_SetTimerContext  hw_rtc.o
    0x08003778   0x08003778   0x00000118   Code   RO         4225    i.HW_RTC_StartWakeUpAlarm  hw_rtc.o
    0x08003890   0x08003890   0x00000020   Code   RO         4226    i.HW_RTC_StopAlarm  hw_rtc.o
    0x080038b0   0x080038b0   0x00000010   Code   RO         4227    i.HW_RTC_Tick2ms    hw_rtc.o
    0x080038c0   0x080038c0   0x00000010   Code   RO         4229    i.HW_RTC_ms2Tick    hw_rtc.o
    0x080038d0   0x080038d0   0x00000074   Code   RO         4230    i.HW_RTC_setMcuWakeUpTime  hw_rtc.o
    0x08003944   0x08003944   0x00000020   Code   RO         4338    i.HW_SPI_InOut      hw_spi.o
    0x08003964   0x08003964   0x00000084   Code   RO         4339    i.HW_SPI_Init       hw_spi.o
    0x080039e8   0x080039e8   0x00000074   Code   RO         4340    i.HW_SPI_IoDeInit   hw_spi.o
    0x08003a5c   0x08003a5c   0x0000005c   Code   RO         4341    i.HW_SPI_IoInit     hw_spi.o
    0x08003ab8   0x08003ab8   0x00000004   Code   RO         4618    i.HardFault_Handler  stm32l0xx_it.o
    0x08003abc   0x08003abc   0x00000020   Code   RO         4718    i.IsNewCharReceived  vcom.o
    0x08003adc   0x08003adc   0x0000007c   Code   RO         5847    i.LoRaMacComputeMic  loramaccrypto.o
    0x08003b58   0x08003b58   0x00000234   Code   RO         5614    i.LoRaMacInitialization  loramac.o
    0x08003d8c   0x08003d8c   0x00000048   Code   RO         5848    i.LoRaMacJoinComputeMic  loramaccrypto.o
    0x08003dd4   0x08003dd4   0x00000088   Code   RO         5849    i.LoRaMacJoinComputeSKeys  loramaccrypto.o
    0x08003e5c   0x08003e5c   0x00000040   Code   RO         5850    i.LoRaMacJoinDecrypt  loramaccrypto.o
    0x08003e9c   0x08003e9c   0x0000012c   Code   RO         5615    i.LoRaMacMcpsRequest  loramac.o
    0x08003fc8   0x08003fc8   0x000000f8   Code   RO         5616    i.LoRaMacMibGetRequestConfirm  loramac.o
    0x080040c0   0x080040c0   0x0000026c   Code   RO         5617    i.LoRaMacMibSetRequestConfirm  loramac.o
    0x0800432c   0x0800432c   0x00000138   Code   RO         5618    i.LoRaMacMlmeRequest  loramac.o
    0x08004464   0x08004464   0x00000010   Code   RO         5851    i.LoRaMacPayloadDecrypt  loramaccrypto.o
    0x08004474   0x08004474   0x000000c0   Code   RO         5852    i.LoRaMacPayloadEncrypt  loramaccrypto.o
    0x08004534   0x08004534   0x000000b8   Code   RO         5621    i.LoRaMacQueryTxPossible  loramac.o
    0x080045ec   0x080045ec   0x00000020   Code   RO         5624    i.LoRaMacTestSetDutyCycleOn  loramac.o
    0x0800460c   0x0800460c   0x0000000e   Code   RO         4383    i.LoraRxData        main.o
    0x0800461a   0x0800461a   0x00000002   PAD
    0x0800461c   0x0800461c   0x000000a0   Code   RO         4384    i.LoraTxData        main.o
    0x080046bc   0x080046bc   0x00000018   Code   RO         7889    i.LowPower_Disable  low_power.o
    0x080046d4   0x080046d4   0x00000018   Code   RO         7890    i.LowPower_Enable   low_power.o
    0x080046ec   0x080046ec   0x0000000c   Code   RO         7891    i.LowPower_GetState  low_power.o
    0x080046f8   0x080046f8   0x00000024   Code   RO         7892    i.LowPower_Handler  low_power.o
    0x0800471c   0x0800471c   0x00000030   Code   RO         4453    i.MSP_GetIRQn       stm32l0xx_hal_msp.o
    0x0800474c   0x0800474c   0x00000010   Code   RO         5322    i.McpsConfirm       lora.o
    0x0800475c   0x0800475c   0x00000194   Code   RO         5323    i.McpsIndication    lora.o
    0x080048f0   0x080048f0   0x00000048   Code   RO         5324    i.MlmeConfirm       lora.o
    0x08004938   0x08004938   0x00000002   Code   RO         4620    i.NMI_Handler       stm32l0xx_it.o
    0x0800493a   0x0800493a   0x00000002   PAD
    0x0800493c   0x0800493c   0x00000044   Code   RO         2090    i.NVIC_SetPriority  stm32l0xx_hal_cortex.o
    0x08004980   0x08004980   0x00000038   Code   RO         5626    i.OnAckTimeoutTimerEvent  loramac.o
    0x080049b8   0x080049b8   0x00000230   Code   RO         5627    i.OnMacStateCheckTimerEvent  loramac.o
    0x08004be8   0x08004be8   0x000004d4   Code   RO         5628    i.OnRadioRxDone     loramac.o
    0x080050bc   0x080050bc   0x00000060   Code   RO         5629    i.OnRadioRxError    loramac.o
    0x0800511c   0x0800511c   0x00000068   Code   RO         5630    i.OnRadioRxTimeout  loramac.o
    0x08005184   0x08005184   0x000000ec   Code   RO         5631    i.OnRadioTxDone     loramac.o
    0x08005270   0x08005270   0x0000003c   Code   RO         5632    i.OnRadioTxTimeout  loramac.o
    0x080052ac   0x080052ac   0x00000060   Code   RO         5633    i.OnRxWindow1TimerEvent  loramac.o
    0x0800530c   0x0800530c   0x0000005c   Code   RO         5634    i.OnRxWindow2TimerEvent  loramac.o
    0x08005368   0x08005368   0x0000002c   Code   RO         5326    i.OnSendEvent       lora.o
    0x08005394   0x08005394   0x00000070   Code   RO         5635    i.OnTxDelayedTimerEvent  loramac.o
    0x08005404   0x08005404   0x00000014   Code   RO         5327    i.OnTxNextPacketTimerEvent  lora.o
    0x08005418   0x08005418   0x00000054   Code   RO         5636    i.ParseMacCommandsToRepeat  loramac.o
    0x0800546c   0x0800546c   0x00000002   Code   RO         4621    i.PendSV_Handler    stm32l0xx_it.o
    0x0800546e   0x0800546e   0x00000002   PAD
    0x08005470   0x08005470   0x00000280   Code   RO         5637    i.PrepareFrame      loramac.o
    0x080056f0   0x080056f0   0x0000003c   Code   RO         5638    i.PrepareRxDoneAbort  loramac.o
    0x0800572c   0x0800572c   0x00000070   Code   RO         5328    i.PrepareTxFrame    lora.o
    0x0800579c   0x0800579c   0x000002b8   Code   RO         5639    i.ProcessMacCommands  loramac.o
    0x08005a54   0x08005a54   0x00000070   Code   RO         1698    i.RCC_SetFlashLatencyFromMSIRange  stm32l0xx_hal_rcc.o
    0x08005ac4   0x08005ac4   0x00000010   Code   RO         4622    i.RNG_LPUART1_IRQHandler  stm32l0xx_it.o
    0x08005ad4   0x08005ad4   0x00000010   Code   RO         2507    i.RTC_Bcd2ToByte    stm32l0xx_hal_rtc.o
    0x08005ae4   0x08005ae4   0x00000016   Code   RO         2508    i.RTC_ByteToBcd2    stm32l0xx_hal_rtc.o
    0x08005afa   0x08005afa   0x00000038   Code   RO         2509    i.RTC_EnterInitMode  stm32l0xx_hal_rtc.o
    0x08005b32   0x08005b32   0x00000008   Code   RO         4623    i.RTC_IRQHandler    stm32l0xx_it.o
    0x08005b3a   0x08005b3a   0x0000001e   Code   RO         5906    i.RegionAdrNext     region.o
    0x08005b58   0x08005b58   0x00000012   Code   RO         5907    i.RegionAlternateDr  region.o
    0x08005b6a   0x08005b6a   0x0000000e   Code   RO         5908    i.RegionApplyCFList  region.o
    0x08005b78   0x08005b78   0x0000001a   Code   RO         5909    i.RegionApplyDrOffset  region.o
    0x08005b92   0x08005b92   0x0000000e   Code   RO         5910    i.RegionCalcBackOff  region.o
    0x08005ba0   0x08005ba0   0x00000012   Code   RO         5911    i.RegionChanMaskSet  region.o
    0x08005bb2   0x08005bb2   0x0000005c   Code   RO         6732    i.RegionCommonCalcBackOff  regioncommon.o
    0x08005c0e   0x08005c0e   0x00000026   Code   RO         6733    i.RegionCommonChanDisable  regioncommon.o
    0x08005c34   0x08005c34   0x0000001e   Code   RO         6734    i.RegionCommonChanMaskCopy  regioncommon.o
    0x08005c52   0x08005c52   0x00000060   Code   RO         6735    i.RegionCommonChanVerifyDr  regioncommon.o
    0x08005cb2   0x08005cb2   0x00000090   Code   RO         6736    i.RegionCommonComputeRxWindowParameters  regioncommon.o
    0x08005d42   0x08005d42   0x00000002   PAD
    0x08005d44   0x08005d44   0x00000018   Code   RO         6737    i.RegionCommonComputeSymbolTimeFsk  regioncommon.o
    0x08005d5c   0x08005d5c   0x0000002c   Code   RO         6738    i.RegionCommonComputeSymbolTimeLoRa  regioncommon.o
    0x08005d88   0x08005d88   0x00000028   Code   RO         6739    i.RegionCommonComputeTxPower  regioncommon.o
    0x08005db0   0x08005db0   0x00000044   Code   RO         6740    i.RegionCommonCountChannels  regioncommon.o
    0x08005df4   0x08005df4   0x00000028   Code   RO         6741    i.RegionCommonGetJoinDc  regioncommon.o
    0x08005e1c   0x08005e1c   0x00000098   Code   RO         6742    i.RegionCommonLinkAdrReqVerifyParams  regioncommon.o
    0x08005eb4   0x08005eb4   0x00000036   Code   RO         6743    i.RegionCommonParseLinkAdrReq  regioncommon.o
    0x08005eea   0x08005eea   0x0000000a   Code   RO         6744    i.RegionCommonSetBandTxDone  regioncommon.o
    0x08005ef4   0x08005ef4   0x000000be   Code   RO         6745    i.RegionCommonUpdateBandTimeOff  regioncommon.o
    0x08005fb2   0x08005fb2   0x00000010   Code   RO         6746    i.RegionCommonValueInRange  regioncommon.o
    0x08005fc2   0x08005fc2   0x0000001a   Code   RO         5914    i.RegionComputeRxWindowParameters  region.o
    0x08005fdc   0x08005fdc   0x00000012   Code   RO         5915    i.RegionDlChannelReq  region.o
    0x08005fee   0x08005fee   0x00000002   PAD
    0x08005ff0   0x08005ff0   0x00000078   Code   RO         7005    i.RegionEU868AdrNext  regioneu868.o
    0x08006068   0x08006068   0x00000040   Code   RO         7006    i.RegionEU868AlternateDr  regioneu868.o
    0x080060a8   0x080060a8   0x00000074   Code   RO         7007    i.RegionEU868ApplyCFList  regioneu868.o
    0x0800611c   0x0800611c   0x0000000e   Code   RO         7008    i.RegionEU868ApplyDrOffset  regioneu868.o
    0x0800612a   0x0800612a   0x00000002   PAD
    0x0800612c   0x0800612c   0x00000038   Code   RO         7009    i.RegionEU868CalcBackOff  regioneu868.o
    0x08006164   0x08006164   0x0000002c   Code   RO         7010    i.RegionEU868ChanMaskSet  regioneu868.o
    0x08006190   0x08006190   0x000000dc   Code   RO         7011    i.RegionEU868ChannelAdd  regioneu868.o
    0x0800626c   0x0800626c   0x00000030   Code   RO         7012    i.RegionEU868ChannelsRemove  regioneu868.o
    0x0800629c   0x0800629c   0x00000064   Code   RO         7013    i.RegionEU868ComputeRxWindowParameters  regioneu868.o
    0x08006300   0x08006300   0x0000003c   Code   RO         7014    i.RegionEU868DlChannelReq  regioneu868.o
    0x0800633c   0x0800633c   0x000000d4   Code   RO         7015    i.RegionEU868GetPhyParam  regioneu868.o
    0x08006410   0x08006410   0x00000050   Code   RO         7016    i.RegionEU868InitDefaults  regioneu868.o
    0x08006460   0x08006460   0x00000118   Code   RO         7017    i.RegionEU868LinkAdrReq  regioneu868.o
    0x08006578   0x08006578   0x00000048   Code   RO         7018    i.RegionEU868NewChannelReq  regioneu868.o
    0x080065c0   0x080065c0   0x000000b8   Code   RO         7019    i.RegionEU868NextChannel  regioneu868.o
    0x08006678   0x08006678   0x000000e0   Code   RO         7020    i.RegionEU868RxConfig  regioneu868.o
    0x08006758   0x08006758   0x00000044   Code   RO         7021    i.RegionEU868RxParamSetupReq  regioneu868.o
    0x0800679c   0x0800679c   0x00000028   Code   RO         7022    i.RegionEU868SetBandTxDone  regioneu868.o
    0x080067c4   0x080067c4   0x00000048   Code   RO         7023    i.RegionEU868SetContinuousWave  regioneu868.o
    0x0800680c   0x0800680c   0x00000110   Code   RO         7024    i.RegionEU868TxConfig  regioneu868.o
    0x0800691c   0x0800691c   0x00000006   Code   RO         7025    i.RegionEU868TxParamSetupReq  regioneu868.o
    0x08006922   0x08006922   0x0000004c   Code   RO         7026    i.RegionEU868Verify  regioneu868.o
    0x0800696e   0x0800696e   0x00000014   Code   RO         5916    i.RegionGetPhyParam  region.o
    0x08006982   0x08006982   0x0000000e   Code   RO         5917    i.RegionInitDefaults  region.o
    0x08006990   0x08006990   0x0000000c   Code   RO         5918    i.RegionIsActive    region.o
    0x0800699c   0x0800699c   0x00000022   Code   RO         5919    i.RegionLinkAdrReq  region.o
    0x080069be   0x080069be   0x00000012   Code   RO         5920    i.RegionNewChannelReq  region.o
    0x080069d0   0x080069d0   0x0000001e   Code   RO         5921    i.RegionNextChannel  region.o
    0x080069ee   0x080069ee   0x00000016   Code   RO         5922    i.RegionRxConfig    region.o
    0x08006a04   0x08006a04   0x00000012   Code   RO         5923    i.RegionRxParamSetupReq  region.o
    0x08006a16   0x08006a16   0x0000000e   Code   RO         5924    i.RegionSetBandTxDone  region.o
    0x08006a24   0x08006a24   0x0000000e   Code   RO         5925    i.RegionSetContinuousWave  region.o
    0x08006a32   0x08006a32   0x0000001a   Code   RO         5926    i.RegionTxConfig    region.o
    0x08006a4c   0x08006a4c   0x00000012   Code   RO         5927    i.RegionTxParamSetupReq  region.o
    0x08006a5e   0x08006a5e   0x00000016   Code   RO         5928    i.RegionVerify      region.o
    0x08006a74   0x08006a74   0x00000080   Code   RO         5640    i.ResetMacParameters  loramac.o
    0x08006af4   0x08006af4   0x00000094   Code   RO            4    i.RxChainCalibration  sx1276.o
    0x08006b88   0x08006b88   0x00000018   Code   RO         5641    i.RxWindowSetup     loramac.o
    0x08006ba0   0x08006ba0   0x000000b2   Code   RO          965    i.SPI_WaitOnFlagUntilTimeout  stm32l0xx_hal_spi.o
    0x08006c52   0x08006c52   0x00000002   Code   RO         4624    i.SVC_Handler       stm32l0xx_it.o
    0x08006c54   0x08006c54   0x0000000c   Code   RO            5    i.SX1276BoardInit   sx1276.o
    0x08006c60   0x08006c60   0x00000004   Code   RO          805    i.SX1276CheckRfFrequency  sx1276mb1las.o
    0x08006c64   0x08006c64   0x0000000c   Code   RO          806    i.SX1276GetPaSelect  sx1276mb1las.o
    0x08006c70   0x08006c70   0x00000014   Code   RO            6    i.SX1276GetRadioWakeUpTime  sx1276.o
    0x08006c84   0x08006c84   0x0000000c   Code   RO            7    i.SX1276GetStatus   sx1276.o
    0x08006c90   0x08006c90   0x000001e4   Code   RO            8    i.SX1276GetTimeOnAir  sx1276.o
    0x08006e74   0x08006e74   0x00000004   Code   RO          807    i.SX1276GetWakeTime  sx1276mb1las.o
    0x08006e78   0x08006e78   0x0000008c   Code   RO            9    i.SX1276Init        sx1276.o
    0x08006f04   0x08006f04   0x00000054   Code   RO          808    i.SX1276IoDeInit    sx1276mb1las.o
    0x08006f58   0x08006f58   0x00000064   Code   RO          809    i.SX1276IoInit      sx1276mb1las.o
    0x08006fbc   0x08006fbc   0x00000048   Code   RO          810    i.SX1276IoIrqInit   sx1276mb1las.o
    0x08007004   0x08007004   0x0000004e   Code   RO           10    i.SX1276IsChannelFree  sx1276.o
    0x08007052   0x08007052   0x00000002   PAD
    0x08007054   0x08007054   0x0000027c   Code   RO           11    i.SX1276OnDio0Irq   sx1276.o
    0x080072d0   0x080072d0   0x000000d8   Code   RO           12    i.SX1276OnDio1Irq   sx1276.o
    0x080073a8   0x080073a8   0x000000b4   Code   RO           13    i.SX1276OnDio2Irq   sx1276.o
    0x0800745c   0x0800745c   0x00000054   Code   RO           14    i.SX1276OnDio3Irq   sx1276.o
    0x080074b0   0x080074b0   0x0000001c   Code   RO           15    i.SX1276OnDio4Irq   sx1276.o
    0x080074cc   0x080074cc   0x000000c8   Code   RO           17    i.SX1276OnTimeoutIrq  sx1276.o
    0x08007594   0x08007594   0x0000003e   Code   RO           18    i.SX1276Random      sx1276.o
    0x080075d2   0x080075d2   0x00000010   Code   RO           19    i.SX1276Read        sx1276.o
    0x080075e2   0x080075e2   0x00000042   Code   RO           20    i.SX1276ReadBuffer  sx1276.o
    0x08007624   0x08007624   0x0000000e   Code   RO           21    i.SX1276ReadFifo    sx1276.o
    0x08007632   0x08007632   0x00000002   PAD
    0x08007634   0x08007634   0x00000044   Code   RO           22    i.SX1276ReadRssi    sx1276.o
    0x08007678   0x08007678   0x00000050   Code   RO           23    i.SX1276Reset       sx1276.o
    0x080076c8   0x080076c8   0x000000f0   Code   RO           24    i.SX1276Send        sx1276.o
    0x080077b8   0x080077b8   0x0000001c   Code   RO          811    i.SX1276SetAntSw    sx1276mb1las.o
    0x080077d4   0x080077d4   0x00000044   Code   RO          812    i.SX1276SetAntSwLowPower  sx1276mb1las.o
    0x08007818   0x08007818   0x00000050   Code   RO           25    i.SX1276SetChannel  sx1276.o
    0x08007868   0x08007868   0x00000030   Code   RO           26    i.SX1276SetMaxPayloadLength  sx1276.o
    0x08007898   0x08007898   0x00000070   Code   RO           27    i.SX1276SetModem    sx1276.o
    0x08007908   0x08007908   0x0000005c   Code   RO           28    i.SX1276SetOpMode   sx1276.o
    0x08007964   0x08007964   0x00000024   Code   RO           29    i.SX1276SetPublicNetwork  sx1276.o
    0x08007988   0x08007988   0x000000a0   Code   RO          813    i.SX1276SetRfTxPower  sx1276mb1las.o
    0x08007a28   0x08007a28   0x000001fc   Code   RO           30    i.SX1276SetRx       sx1276.o
    0x08007c24   0x08007c24   0x00000288   Code   RO           31    i.SX1276SetRxConfig  sx1276.o
    0x08007eac   0x08007eac   0x00000024   Code   RO           32    i.SX1276SetSleep    sx1276.o
    0x08007ed0   0x08007ed0   0x00000024   Code   RO           33    i.SX1276SetStby     sx1276.o
    0x08007ef4   0x08007ef4   0x000000a4   Code   RO           34    i.SX1276SetTx       sx1276.o
    0x08007f98   0x08007f98   0x000001fc   Code   RO           35    i.SX1276SetTxConfig  sx1276.o
    0x08008194   0x08008194   0x0000007c   Code   RO           36    i.SX1276SetTxContinuousWave  sx1276.o
    0x08008210   0x08008210   0x00000002   Code   RO          814    i.SX1276SetXO       sx1276mb1las.o
    0x08008212   0x08008212   0x00000002   PAD
    0x08008214   0x08008214   0x00000038   Code   RO           37    i.SX1276StartCad    sx1276.o
    0x0800824c   0x0800824c   0x0000000c   Code   RO           38    i.SX1276Write       sx1276.o
    0x08008258   0x08008258   0x00000042   Code   RO           39    i.SX1276WriteBuffer  sx1276.o
    0x0800829a   0x0800829a   0x0000000e   Code   RO           40    i.SX1276WriteFifo   sx1276.o
    0x080082a8   0x080082a8   0x0000010c   Code   RO         5642    i.ScheduleTx        loramac.o
    0x080083b4   0x080083b4   0x00000040   Code   RO         5643    i.Send              loramac.o
    0x080083f4   0x080083f4   0x0000006c   Code   RO         5329    i.SendFrame         lora.o
    0x08008460   0x08008460   0x000000c0   Code   RO         5644    i.SendFrameOnChannel  loramac.o
    0x08008520   0x08008520   0x00000054   Code   RO         5645    i.SetTxContinuousWave  loramac.o
    0x08008574   0x08008574   0x0000003c   Code   RO         5646    i.SetTxContinuousWave1  loramac.o
    0x080085b0   0x080085b0   0x00000008   Code   RO         4625    i.SysTick_Handler   stm32l0xx_it.o
    0x080085b8   0x080085b8   0x0000008c   Code   RO         4521    i.SystemClock_Config  stm32l0xx_hw.o
    0x08008644   0x08008644   0x00000054   Code   RO          894    i.SystemInit        system_stm32l0xx.o
    0x08008698   0x08008698   0x0000000c   Code   RO         7929    i.TimerGetCurrentTime  timeserver.o
    0x080086a4   0x080086a4   0x00000018   Code   RO         7930    i.TimerGetElapsedTime  timeserver.o
    0x080086bc   0x080086bc   0x0000000e   Code   RO         7931    i.TimerInit         timeserver.o
    0x080086ca   0x080086ca   0x00000002   PAD
    0x080086cc   0x080086cc   0x0000001c   Code   RO         7932    i.TimerInsertNewHeadTimer  timeserver.o
    0x080086e8   0x080086e8   0x00000078   Code   RO         7933    i.TimerIrqHandler   timeserver.o
    0x08008760   0x08008760   0x0000002c   Code   RO         7935    i.TimerSetTimeout   timeserver.o
    0x0800878c   0x0800878c   0x00000022   Code   RO         7936    i.TimerSetValue     timeserver.o
    0x080087ae   0x080087ae   0x00000002   PAD
    0x080087b0   0x080087b0   0x00000070   Code   RO         7937    i.TimerStart        timeserver.o
    0x08008820   0x08008820   0x00000060   Code   RO         7938    i.TimerStop         timeserver.o
    0x08008880   0x08008880   0x000000ca   Code   RO         1201    i.UART_AdvFeatureConfig  stm32l0xx_hal_uart.o
    0x0800894a   0x0800894a   0x00000002   PAD
    0x0800894c   0x0800894c   0x00000060   Code   RO         1202    i.UART_CheckIdleState  stm32l0xx_hal_uart.o
    0x080089ac   0x080089ac   0x00000230   Code   RO         1216    i.UART_SetConfig    stm32l0xx_hal_uart.o
    0x08008bdc   0x08008bdc   0x00000062   Code   RO         1218    i.UART_WaitOnFlagUntilTimeout  stm32l0xx_hal_uart.o
    0x08008c3e   0x08008c3e   0x00000002   PAD
    0x08008c40   0x08008c40   0x00000048   Code   RO         5647    i.ValidatePayloadLength  loramac.o
    0x08008c88   0x08008c88   0x00000098   Code   RO         7027    i.VerifyTxFreq      regioneu868.o
    0x08008d20   0x08008d20   0x00000020   Code   RO         8422    i.__0printf         mc_p.l(printfa.o)
    0x08008d40   0x08008d40   0x0000002e   Code   RO         8516    i.__ARM_clz         mf_p.l(depilogue.o)
    0x08008d6e   0x08008d6e   0x00000030   Code   RO         4326    i.__ARM_common_ll_muluu  hw_rtc.o
    0x08008d9e   0x08008d9e   0x0000001a   Code   RO          237    i.__ARM_common_switch8  sx1276.o
    0x08008db8   0x08008db8   0x0000000e   Code   RO         8530    i.__scatterload_copy  mc_p.l(handlers.o)
    0x08008dc6   0x08008dc6   0x00000002   Code   RO         8531    i.__scatterload_null  mc_p.l(handlers.o)
    0x08008dc8   0x08008dc8   0x0000000e   Code   RO         8532    i.__scatterload_zeroinit  mc_p.l(handlers.o)
    0x08008dd6   0x08008dd6   0x00000002   PAD
    0x08008dd8   0x08008dd8   0x00000174   Code   RO         8429    i._fp_digits        mc_p.l(printfa.o)
    0x08008f4c   0x08008f4c   0x000006ec   Code   RO         8430    i._printf_core      mc_p.l(printfa.o)
    0x08009638   0x08009638   0x00000020   Code   RO         8431    i._printf_post_padding  mc_p.l(printfa.o)
    0x08009658   0x08009658   0x0000002c   Code   RO         8432    i._printf_pre_padding  mc_p.l(printfa.o)
    0x08009684   0x08009684   0x00000054   Code   RO         8070    i.aes_encrypt       aes.o
    0x080096d8   0x080096d8   0x000000fc   Code   RO         8071    i.aes_set_key       aes.o
    0x080097d4   0x080097d4   0x00000022   Code   RO         4827    i.at_ADR_get        at.o
    0x080097f6   0x080097f6   0x0000002a   Code   RO         4828    i.at_ADR_set        at.o
    0x08009820   0x08009820   0x0000000e   Code   RO         4829    i.at_AppEUI_get     at.o
    0x0800982e   0x0800982e   0x00000002   PAD
    0x08009830   0x08009830   0x00000064   Code   RO         4830    i.at_AppEUI_set     at.o
    0x08009894   0x08009894   0x0000000e   Code   RO         4831    i.at_AppKey_get     at.o
    0x080098a2   0x080098a2   0x0000001c   Code   RO         4832    i.at_AppKey_set     at.o
    0x080098be   0x080098be   0x0000000e   Code   RO         4833    i.at_AppSKey_get    at.o
    0x080098cc   0x080098cc   0x0000001c   Code   RO         4834    i.at_AppSKey_set    at.o
    0x080098e8   0x080098e8   0x00000024   Code   RO         4836    i.at_DataRate_get   at.o
    0x0800990c   0x0800990c   0x0000002c   Code   RO         4837    i.at_DataRate_set   at.o
    0x08009938   0x08009938   0x0000000a   Code   RO         4838    i.at_DevAddr_get    at.o
    0x08009942   0x08009942   0x0000001a   Code   RO         4839    i.at_DevAddr_set    at.o
    0x0800995c   0x0800995c   0x0000000e   Code   RO         4840    i.at_DevEUI_get     at.o
    0x0800996a   0x0800996a   0x00000002   PAD
    0x0800996c   0x0800996c   0x00000064   Code   RO         4841    i.at_DevEUI_set     at.o
    0x080099d0   0x080099d0   0x00000030   Code   RO         4842    i.at_DeviceClass_get  at.o
    0x08009a00   0x08009a00   0x0000002a   Code   RO         4843    i.at_DeviceClass_set  at.o
    0x08009a2a   0x08009a2a   0x00000020   Code   RO         4844    i.at_DownlinkCounter_get  at.o
    0x08009a4a   0x08009a4a   0x00000002   PAD
    0x08009a4c   0x08009a4c   0x00000028   Code   RO         4845    i.at_DownlinkCounter_set  at.o
    0x08009a74   0x08009a74   0x00000020   Code   RO         4846    i.at_DutyCycle_get  at.o
    0x08009a94   0x08009a94   0x0000001e   Code   RO         4847    i.at_DutyCycle_set  at.o
    0x08009ab2   0x08009ab2   0x0000000c   Code   RO         4848    i.at_Join           at.o
    0x08009abe   0x08009abe   0x00000020   Code   RO         4849    i.at_JoinAcceptDelay1_get  at.o
    0x08009ade   0x08009ade   0x00000002   PAD
    0x08009ae0   0x08009ae0   0x00000028   Code   RO         4850    i.at_JoinAcceptDelay1_set  at.o
    0x08009b08   0x08009b08   0x00000020   Code   RO         4851    i.at_JoinAcceptDelay2_get  at.o
    0x08009b28   0x08009b28   0x00000028   Code   RO         4852    i.at_JoinAcceptDelay2_set  at.o
    0x08009b50   0x08009b50   0x00000050   Code   RO         4853    i.at_NetworkID_get  at.o
    0x08009ba0   0x08009ba0   0x00000022   Code   RO         4854    i.at_NetworkID_set  at.o
    0x08009bc2   0x08009bc2   0x00000014   Code   RO         4855    i.at_NetworkJoinMode_get  at.o
    0x08009bd6   0x08009bd6   0x0000001e   Code   RO         4856    i.at_NetworkJoinMode_set  at.o
    0x08009bf4   0x08009bf4   0x00000028   Code   RO         4857    i.at_NetworkJoinStatus  at.o
    0x08009c1c   0x08009c1c   0x0000000e   Code   RO         4858    i.at_NwkSKey_get    at.o
    0x08009c2a   0x08009c2a   0x0000001c   Code   RO         4859    i.at_NwkSKey_set    at.o
    0x08009c46   0x08009c46   0x00000022   Code   RO         4860    i.at_PublicNetwork_get  at.o
    0x08009c68   0x08009c68   0x0000002a   Code   RO         4861    i.at_PublicNetwork_set  at.o
    0x08009c92   0x08009c92   0x00000002   PAD
    0x08009c94   0x08009c94   0x0000003c   Code   RO         4862    i.at_Receive        at.o
    0x08009cd0   0x08009cd0   0x00000048   Code   RO         4863    i.at_ReceiveBinary  at.o
    0x08009d18   0x08009d18   0x00000020   Code   RO         4864    i.at_Rx1Delay_get   at.o
    0x08009d38   0x08009d38   0x00000028   Code   RO         4865    i.at_Rx1Delay_set   at.o
    0x08009d60   0x08009d60   0x00000022   Code   RO         4866    i.at_Rx2DataRate_get  at.o
    0x08009d82   0x08009d82   0x00000002   PAD
    0x08009d84   0x08009d84   0x00000040   Code   RO         4867    i.at_Rx2DataRate_set  at.o
    0x08009dc4   0x08009dc4   0x00000020   Code   RO         4868    i.at_Rx2Delay_get   at.o
    0x08009de4   0x08009de4   0x00000028   Code   RO         4869    i.at_Rx2Delay_set   at.o
    0x08009e0c   0x08009e0c   0x00000020   Code   RO         4870    i.at_Rx2Frequency_get  at.o
    0x08009e2c   0x08009e2c   0x0000003c   Code   RO         4871    i.at_Rx2Frequency_set  at.o
    0x08009e68   0x08009e68   0x00000018   Code   RO         4872    i.at_Send           at.o
    0x08009e80   0x08009e80   0x00000018   Code   RO         4873    i.at_SendBinary     at.o
    0x08009e98   0x08009e98   0x00000014   Code   RO         4874    i.at_TDC_get        at.o
    0x08009eac   0x08009eac   0x00000024   Code   RO         4875    i.at_TDC_set        at.o
    0x08009ed0   0x08009ed0   0x00000024   Code   RO         4876    i.at_TransmitPower_get  at.o
    0x08009ef4   0x08009ef4   0x0000002c   Code   RO         4877    i.at_TransmitPower_set  at.o
    0x08009f20   0x08009f20   0x00000020   Code   RO         4878    i.at_UplinkCounter_get  at.o
    0x08009f40   0x08009f40   0x00000028   Code   RO         4879    i.at_UplinkCounter_set  at.o
    0x08009f68   0x08009f68   0x00000014   Code   RO         4880    i.at_ack_get        at.o
    0x08009f7c   0x08009f7c   0x0000001e   Code   RO         4881    i.at_ack_set        at.o
    0x08009f9a   0x08009f9a   0x00000014   Code   RO         4882    i.at_isack_get      at.o
    0x08009fae   0x08009fae   0x00000002   PAD
    0x08009fb0   0x08009fb0   0x0000001c   Code   RO         4883    i.at_reset          at.o
    0x08009fcc   0x08009fcc   0x00000004   Code   RO         4884    i.at_return_error   at.o
    0x08009fd0   0x08009fd0   0x0000000e   Code   RO         4886    i.at_rssi_get       at.o
    0x08009fde   0x08009fde   0x0000000e   Code   RO         4887    i.at_snr_get        at.o
    0x08009fec   0x08009fec   0x00000014   Code   RO         4888    i.at_version_get    at.o
    0x0800a000   0x0800a000   0x000000c8   Code   RO         8159    i.ceil              m_ps.l(ceil.o)
    0x0800a0c8   0x0800a0c8   0x00000018   Code   RO         5273    i.com_error         command.o
    0x0800a0e0   0x0800a0e0   0x00000084   Code   RO         8072    i.copy_and_key      aes.o
    0x0800a164   0x0800a164   0x00000042   Code   RO         8073    i.copy_block        aes.o
    0x0800a1a6   0x0800a1a6   0x00000002   PAD
    0x0800a1a8   0x0800a1a8   0x00000104   Code   RO         5588    i.ee_number         tiny_vsnprintf.o
    0x0800a2ac   0x0800a2ac   0x000000c8   Code   RO         8163    i.floor             m_ps.l(floor.o)
    0x0800a374   0x0800a374   0x00000012   Code   RO         8502    i.fputc             mc_p.l(fputc.o)
    0x0800a386   0x0800a386   0x00000002   PAD
    0x0800a388   0x0800a388   0x0000019c   Code   RO         5330    i.lora_Init         lora.o
    0x0800a524   0x0800a524   0x00000008   Code   RO         5331    i.lora_config_appeui_get  lora.o
    0x0800a52c   0x0800a52c   0x00000014   Code   RO         5332    i.lora_config_appeui_set  lora.o
    0x0800a540   0x0800a540   0x00000008   Code   RO         5333    i.lora_config_appkey_get  lora.o
    0x0800a548   0x0800a548   0x00000014   Code   RO         5334    i.lora_config_appkey_set  lora.o
    0x0800a55c   0x0800a55c   0x00000008   Code   RO         5337    i.lora_config_appskey_get  lora.o
    0x0800a564   0x0800a564   0x00000014   Code   RO         5338    i.lora_config_appskey_set  lora.o
    0x0800a578   0x0800a578   0x0000001c   Code   RO         5339    i.lora_config_devaddr_get  lora.o
    0x0800a594   0x0800a594   0x0000000c   Code   RO         5340    i.lora_config_devaddr_set  lora.o
    0x0800a5a0   0x0800a5a0   0x00000008   Code   RO         5341    i.lora_config_deveui_get  lora.o
    0x0800a5a8   0x0800a5a8   0x00000014   Code   RO         5342    i.lora_config_deveui_set  lora.o
    0x0800a5bc   0x0800a5bc   0x0000000c   Code   RO         5343    i.lora_config_duty_cycle_get  lora.o
    0x0800a5c8   0x0800a5c8   0x00000018   Code   RO         5344    i.lora_config_duty_cycle_set  lora.o
    0x0800a5e0   0x0800a5e0   0x00000018   Code   RO         5345    i.lora_config_isack_get  lora.o
    0x0800a5f8   0x0800a5f8   0x00000008   Code   RO         5346    i.lora_config_nwkskey_get  lora.o
    0x0800a600   0x0800a600   0x00000014   Code   RO         5347    i.lora_config_nwkskey_set  lora.o
    0x0800a614   0x0800a614   0x0000000c   Code   RO         5348    i.lora_config_otaa_get  lora.o
    0x0800a620   0x0800a620   0x0000000c   Code   RO         5349    i.lora_config_otaa_set  lora.o
    0x0800a62c   0x0800a62c   0x0000000c   Code   RO         5350    i.lora_config_reqack_get  lora.o
    0x0800a638   0x0800a638   0x0000000c   Code   RO         5351    i.lora_config_reqack_set  lora.o
    0x0800a644   0x0800a644   0x0000000c   Code   RO         5352    i.lora_config_rssi_get  lora.o
    0x0800a650   0x0800a650   0x0000000c   Code   RO         5353    i.lora_config_snr_get  lora.o
    0x0800a65c   0x0800a65c   0x00000178   Code   RO         5354    i.lora_fsm          lora.o
    0x0800a7d4   0x0800a7d4   0x0000000c   Code   RO         5355    i.lora_getDeviceState  lora.o
    0x0800a7e0   0x0800a7e0   0x00000038   Code   RO         5356    i.lora_join         lora.o
    0x0800a818   0x0800a818   0x0000010c   Code   RO         5357    i.lora_send         lora.o
    0x0800a924   0x0800a924   0x00000038   Code   RO         5358    i.lora_send_exti    lora.o
    0x0800a95c   0x0800a95c   0x00000048   Code   RO         4385    i.main              main.o
    0x0800a9a4   0x0800a9a4   0x00000016   Code   RO         8014    i.memcpy1           utilities.o
    0x0800a9ba   0x0800a9ba   0x0000001a   Code   RO         8015    i.memcpyr           utilities.o
    0x0800a9d4   0x0800a9d4   0x00000012   Code   RO         8016    i.memset1           utilities.o
    0x0800a9e6   0x0800a9e6   0x00000002   PAD
    0x0800a9e8   0x0800a9e8   0x00000218   Code   RO         8074    i.mix_sub_columns   aes.o
    0x0800ac00   0x0800ac00   0x000000b0   Code   RO         5274    i.parse_cmd         command.o
    0x0800acb0   0x0800acb0   0x00000048   Code   RO         4889    i.print_16_02x      at.o
    0x0800acf8   0x0800acf8   0x00000054   Code   RO         4890    i.print_8_02x       at.o
    0x0800ad4c   0x0800ad4c   0x00000014   Code   RO         4891    i.print_d           at.o
    0x0800ad60   0x0800ad60   0x00000014   Code   RO         4892    i.print_u           at.o
    0x0800ad74   0x0800ad74   0x0000002c   Code   RO         8017    i.rand1             utilities.o
    0x0800ada0   0x0800ada0   0x00000016   Code   RO         8018    i.randr             utilities.o
    0x0800adb6   0x0800adb6   0x00000002   PAD
    0x0800adb8   0x0800adb8   0x0000009c   Code   RO         8166    i.round             m_ps.l(round.o)
    0x0800ae54   0x0800ae54   0x00000014   Code   RO         4386    i.send_exti         main.o
    0x0800ae68   0x0800ae68   0x00000024   Code   RO         4893    i.set_at_receive    at.o
    0x0800ae8c   0x0800ae8c   0x00000010   Code   RO         5360    i.set_comm_param    lora.o
    0x0800ae9c   0x0800ae9c   0x00000068   Code   RO         8075    i.shift_sub_rows    aes.o
    0x0800af04   0x0800af04   0x0000000c   Code   RO         8019    i.srand1            utilities.o
    0x0800af10   0x0800af10   0x0000004c   Code   RO         4894    i.sscanf_16_hhx     at.o
    0x0800af5c   0x0800af5c   0x00000028   Code   RO         4895    i.sscanf_uint32_as_hhx  at.o
    0x0800af84   0x0800af84   0x00000014   Code   RO         5565    i.tiny_sscanf       tiny_sscanf.o
    0x0800af98   0x0800af98   0x00000254   Code   RO         5566    i.tiny_vfscanf      tiny_sscanf.o
    0x0800b1ec   0x0800b1ec   0x0000015c   Code   RO         5589    i.tiny_vsnprintf_like  tiny_vsnprintf.o
    0x0800b348   0x0800b348   0x00000020   Code   RO         4896    i.translate_status  at.o
    0x0800b368   0x0800b368   0x000000e4   Code   RO         4720    i.vcom_IRQHandler   vcom.o
    0x0800b44c   0x0800b44c   0x000000b0   Code   RO         4721    i.vcom_Init         vcom.o
    0x0800b4fc   0x0800b4fc   0x0000007c   Code   RO         4723    i.vcom_IoInit       vcom.o
    0x0800b578   0x0800b578   0x00000034   Code   RO         4725    i.vcom_ReceiveInit  vcom.o
    0x0800b5ac   0x0800b5ac   0x00000098   Code   RO         4726    i.vcom_Send         vcom.o
    0x0800b644   0x0800b644   0x00000082   Code   RO         8076    i.xor_block         aes.o
    0x0800b6c6   0x0800b6c6   0x00000002   PAD
    0x0800b6c8   0x0800b6c8   0x000000e0   Data   RO           42    .constdata          sx1276.o
    0x0800b7a8   0x0800b7a8   0x00000068   Data   RO          815    .constdata          sx1276mb1las.o
    0x0800b810   0x0800b810   0x00000019   Data   RO          895    .constdata          system_stm32l0xx.o
    0x0800b829   0x0800b829   0x00000008   Data   RO          896    .constdata          system_stm32l0xx.o
    0x0800b831   0x0800b831   0x00000018   Data   RO         4232    .constdata          hw_rtc.o
    0x0800b849   0x0800b849   0x00000003   PAD
    0x0800b84c   0x0800b84c   0x00000368   Data   RO         5276    .constdata          command.o
    0x0800bbb4   0x0800bbb4   0x00000010   Data   RO         5649    .constdata          loramac.o
    0x0800bbc4   0x0800bbc4   0x0000005c   Data   RO         7029    .constdata          regioneu868.o
    0x0800bc20   0x0800bc20   0x00000300   Data   RO         8077    .constdata          aes.o
    0x0800bf20   0x0800bf20   0x000000a4   Data   RO         4898    .conststring        at.o
    0x0800bfc4   0x0800bfc4   0x00000a36   Data   RO         5277    .conststring        command.o
    0x0800c9fa   0x0800c9fa   0x00000002   PAD
    0x0800c9fc   0x0800c9fc   0x0000004d   Data   RO         5590    .conststring        tiny_vsnprintf.o
    0x0800ca49   0x0800ca49   0x00000003   PAD
    0x0800ca4c   0x0800ca4c   0x00000020   Data   RO         8528    Region$$Table       anon$$obj.o


    Execution Region RW_IRAM1 (Exec base: 0x20000000, Load base: 0x0800ca6c, Size: 0x000015f0, Max: 0x00005000, ABSOLUTE, COMPRESSED[0x000000c0])

    Exec Addr    Load Addr    Size         Type   Attr      Idx    E Section Name        Object

    0x20000000   COMPRESSED   0x00000020   Data   RW           43    .data               sx1276.o
    0x20000020   COMPRESSED   0x0000001c   Data   RW          816    .data               sx1276mb1las.o
    0x2000003c   COMPRESSED   0x00000004   Data   RW          897    .data               system_stm32l0xx.o
    0x20000040   COMPRESSED   0x00000004   Data   RW         1935    .data               stm32l0xx_hal.o
    0x20000044   COMPRESSED   0x00000004   Data   RW         4097    .data               bsp.o
    0x20000048   COMPRESSED   0x00000004   Data   RW         4233    .data               hw_rtc.o
    0x2000004c   COMPRESSED   0x0000002c   Data   RW         4387    .data               main.o
    0x20000078   COMPRESSED   0x00000002   Data   RW         4523    .data               stm32l0xx_hw.o
    0x2000007a   COMPRESSED   0x00000002   PAD
    0x2000007c   COMPRESSED   0x00000010   Data   RW         4730    .data               vcom.o
    0x2000008c   COMPRESSED   0x00000008   Data   RW         4899    .data               at.o
    0x20000094   COMPRESSED   0x00000004   Data   RW         5278    .data               command.o
    0x20000098   COMPRESSED   0x0000006c   Data   RW         5363    .data               lora.o
    0x20000104   COMPRESSED   0x00000008   Data   RW         5591    .data               tiny_vsnprintf.o
    0x2000010c   COMPRESSED   0x0000006c   Data   RW         5650    .data               loramac.o
    0x20000178   COMPRESSED   0x00000020   Data   RW         5854    .data               loramaccrypto.o
    0x20000198   COMPRESSED   0x00000054   Data   RW         7030    .data               regioneu868.o
    0x200001ec   COMPRESSED   0x00000004   Data   RW         7893    .data               low_power.o
    0x200001f0   COMPRESSED   0x00000004   Data   RW         7939    .data               timeserver.o
    0x200001f4   COMPRESSED   0x00000004   Data   RW         8020    .data               utilities.o
    0x200001f8   COMPRESSED   0x00000004   Data   RW         8504    .data               mc_p.l(stdout.o)
    0x200001fc        -       0x000001a4   Zero   RW           41    .bss                sx1276.o
    0x200003a0        -       0x00000040   Zero   RW         4168    .bss                hw_gpio.o
    0x200003e0        -       0x00000068   Zero   RW         4231    .bss                hw_rtc.o
    0x20000448        -       0x00000058   Zero   RW         4342    .bss                hw_spi.o
    0x200004a0        -       0x00000060   Zero   RW         4522    .bss                stm32l0xx_hw.o
    0x20000500        -       0x0000037c   Zero   RW         4729    .bss                vcom.o
    0x2000087c        -       0x000000ff   Zero   RW         4897    .bss                at.o
    0x2000097b        -       0x00000080   Zero   RW         5275    .bss                command.o
    0x200009fb        -       0x00000040   Zero   RW         5361    .bss                lora.o
    0x20000a3b   COMPRESSED   0x00000001   PAD
    0x20000a3c        -       0x00000054   Zero   RW         5362    .bss                lora.o
    0x20000a90        -       0x00000470   Zero   RW         5648    .bss                loramac.o
    0x20000f00        -       0x0000022c   Zero   RW         5853    .bss                loramaccrypto.o
    0x2000112c        -       0x000000c0   Zero   RW         7028    .bss                regioneu868.o
    0x200011ec   COMPRESSED   0x00000004   PAD
    0x200011f0        -       0x00000400   Zero   RW         4086    STACK               startup_stm32l072xx.o


==============================================================================

Image component sizes


      Code (inc. data)   RO Data    RW Data    ZI Data      Debug   Object Name

      1304         12        768          0          0      14660   aes.o
      2458        360        164          8        255      52530   at.o
       144         12          0          4          0       2760   bsp.o
       554          0          0          0          0       4605   cmac.o
       304         22       3486          4        128       3437   command.o
        98          4          0          0          0       1451   debug.o
         8          0          0          0          0       1178   delay.o
       596         56          0          0          0       8284   ds18b20.o
       144         16          0          0          0       1967   gpio_exti.o
       226         26          0          0         64       3989   hw_gpio.o
      1102        116         24          4        104      12839   hw_rtc.o
       372         24          0          0         88       3315   hw_spi.o
      2284        480          0        108        148      22873   lora.o
      7492        548         16        108       1136      47251   loramac.o
       604         42          0         32        556       8039   loramaccrypto.o
        96         20          0          4          0       3192   low_power.o
       266         16          0         44          0      14295   main.o
        76         10          0          0          0       1253   oil_float.o
       426          0          0          0          0      29945   region.o
         0          0          0          0          0       1232   regionas923.o
      1038         22          0          0          0      15362   regioncommon.o
      2774        312         92         84        192      28260   regioneu868.o
        28          8        192          0       1024        672   startup_stm32l072xx.o
       108         30          0          4          0       4892   stm32l0xx_hal.o
      1026         36          0          0          0       7420   stm32l0xx_hal_adc.o
       170          0          0          0          0       1678   stm32l0xx_hal_adc_ex.o
       124         18          0          0          0      11177   stm32l0xx_hal_cortex.o
       434         38          0          0          0       4126   stm32l0xx_hal_gpio.o
       204         14          0          0          0       4048   stm32l0xx_hal_msp.o
       116         22          0          0          0       2074   stm32l0xx_hal_pwr.o
        32          8          0          0          0       1257   stm32l0xx_hal_pwr_ex.o
      1772        114          0          0          0       7372   stm32l0xx_hal_rcc.o
       844         56          0          0          0       3645   stm32l0xx_hal_rcc_ex.o
      1654         32          0          0          0      11619   stm32l0xx_hal_rtc.o
        60          0          0          0          0       1331   stm32l0xx_hal_rtc_ex.o
      1008          0          0          0          0       4731   stm32l0xx_hal_spi.o
      1064         80          0          0          0       5905   stm32l0xx_hal_uart.o
       194          4          0          0          0       2440   stm32l0xx_hal_uart_ex.o
       776        112          0          2         96       9460   stm32l0xx_hw.o
       190         16          0          0          0       5189   stm32l0xx_it.o
      5394        356        224         32        420     445371   sx1276.o
       534         52        104         28          0      13145   sx1276mb1las.o
        84         18         33          4          0       1767   system_stm32l0xx.o
       484         18          0          4          0       8499   timeserver.o
       616         22          0          0          0       2770   tiny_sscanf.o
       608         16         77          8          0       4622   tiny_vsnprintf.o
       144         24          0          4          0       4963   utilities.o
       804        128          0         16        892       9111   vcom.o

    ----------------------------------------------------------------------
     40906       3320       5220        504       5108     862001   Object Totals
         0          0         32          0          0          0   (incl. Generated)
        68          0          8          2          5          0   (incl. Padding)

    ----------------------------------------------------------------------

      Code (inc. data)   RO Data    RW Data    ZI Data      Debug   Library Member Name

       200         20          0          0          0         76   ceil.o
       200         20          0          0          0         76   floor.o
       156         14          0          0          0         84   round.o
        86          0          0          0          0          0   __dczerorl2.o
         0          0          0          0          0          0   entry.o
         0          0          0          0          0          0   entry10a.o
         0          0          0          0          0          0   entry11a.o
         8          4          0          0          0          0   entry2.o
         4          0          0          0          0          0   entry5.o
         0          0          0          0          0          0   entry7b.o
         0          0          0          0          0          0   entry8b.o
         8          4          0          0          0          0   entry9a.o
        18          0          0          0          0         72   fputc.o
        30          0          0          0          0          0   handlers.o
        40          0          0          0          0         72   idiv.o
        36          8          0          0          0         68   init.o
         0          0          0          0          0          0   iusefp.o
         0          0          0          0          0          0   iusesemip.o
       122          0          0          0          0         84   llmul.o
        32          0          0          0          0         68   llshl.o
        38          0          0          0          0         68   llsshr.o
        34          0          0          0          0         68   llushr.o
        36          0          0          0          0         60   memcpya.o
        36          0          0          0          0        100   memseta.o
      2252         98          0          0          0        412   printfa.o
         0          0          0          0          0          0   semi.o
         0          0          0          4          0          0   stdout.o
        14          0          0          0          0         60   strlen.o
        30          0          0          0          0         72   strncmp.o
        44          0          0          0          0         72   uidiv.o
        96          0          0          0          0         84   uldiv.o
        20          0          0          0          0         60   uread4.o
        40          2          0          0          0         68   cdcmple.o
        40          2          0          0          0         68   cdrcmple.o
        56          0          0          0          0         68   d2f.o
       356          4          0          0          0        140   dadd.o
       240          6          0          0          0         84   ddiv.o
       236          0          0          0          0        216   depilogue.o
        72         10          0          0          0         72   dfixi.o
        60         10          0          0          0         68   dfixui.o
        64         10          0          0          0         68   dfixul.o
        40          6          0          0          0         68   dflti.o
        28          4          0          0          0         68   dfltui.o
       208          6          0          0          0         88   dmul.o
       124         10          0          0          0         76   drnd.o
        44          0          0          0          0         72   dscalb.o
        40          0          0          0          0         60   f2d.o
       178          0          0          0          0        108   fadd.o
       130          0          0          0          0        144   fepilogue.o
        50          0          0          0          0         60   ffixi.o
        14          0          0          0          0         68   ffltui.o
       122          0          0          0          0         72   fmul.o

    ----------------------------------------------------------------------
      5694        238          0          4          0       3392   Library Totals
        12          0          0          0          0          0   (incl. Padding)

    ----------------------------------------------------------------------

      Code (inc. data)   RO Data    RW Data    ZI Data      Debug   Library Name

       556         54          0          0          0        236   m_ps.l
      2984        114          0          4          0       1420   mc_p.l
      2142         70          0          0          0       1736   mf_p.l

    ----------------------------------------------------------------------
      5694        238          0          4          0       3392   Library Totals

    ----------------------------------------------------------------------

==============================================================================


      Code (inc. data)   RO Data    RW Data    ZI Data      Debug   

     46600       3558       5220        508       5108     844921   Grand Totals
     46600       3558       5220        192       5108     844921   ELF Image Totals (compressed)
     46600       3558       5220        192          0          0   ROM Totals

==============================================================================

    Total RO  Size (Code + RO Data)                51820 (  50.61kB)
    Total RW  Size (RW Data + ZI Data)              5616 (   5.48kB)
    Total ROM Size (Code + RO Data + RW Data)      52012 (  50.79kB)

==============================================================================

