Component: ARM Compiler 5.06 update 6 (build 750) Tool: armlink [4d35ed]

==============================================================================

Section Cross References

    sx1276.o(i.GetFskBandwidthRegValue) refers to sx1276.o(.constdata) for .constdata
    sx1276.o(i.RxChainCalibration) refers to sx1276.o(i.SX1276Read) for SX1276Read
    sx1276.o(i.RxChainCalibration) refers to sx1276.o(i.SX1276Write) for SX1276Write
    sx1276.o(i.RxChainCalibration) refers to sx1276.o(i.SX1276SetChannel) for SX1276SetChannel
    sx1276.o(i.SX1276BoardInit) refers to sx1276.o(.data) for .data
    sx1276.o(i.SX1276GetRadioWakeUpTime) refers to sx1276.o(.data) for .data
    sx1276.o(i.SX1276GetStatus) refers to sx1276.o(.bss) for .bss
    sx1276.o(i.SX1276GetTimeOnAir) refers to dfltui.o(.text) for __aeabi_ui2d
    sx1276.o(i.SX1276GetTimeOnAir) refers to sx1276.o(i.SX1276Read) for SX1276Read
    sx1276.o(i.SX1276GetTimeOnAir) refers to dadd.o(.text) for __aeabi_dadd
    sx1276.o(i.SX1276GetTimeOnAir) refers to dscalb.o(.text) for __ARM_scalbn
    sx1276.o(i.SX1276GetTimeOnAir) refers to ddiv.o(.text) for __aeabi_ddiv
    sx1276.o(i.SX1276GetTimeOnAir) refers to dmul.o(.text) for __aeabi_dmul
    sx1276.o(i.SX1276GetTimeOnAir) refers to round.o(i.round) for round
    sx1276.o(i.SX1276GetTimeOnAir) refers to dflti.o(.text) for __aeabi_i2d
    sx1276.o(i.SX1276GetTimeOnAir) refers to ceil.o(i.ceil) for ceil
    sx1276.o(i.SX1276GetTimeOnAir) refers to cdrcmple.o(.text) for __aeabi_cdrcmple
    sx1276.o(i.SX1276GetTimeOnAir) refers to floor.o(i.floor) for floor
    sx1276.o(i.SX1276GetTimeOnAir) refers to dfixui.o(.text) for __aeabi_d2uiz
    sx1276.o(i.SX1276GetTimeOnAir) refers to sx1276.o(.bss) for .bss
    sx1276.o(i.SX1276Init) refers to timeserver.o(i.TimerInit) for TimerInit
    sx1276.o(i.SX1276Init) refers to sx1276.o(i.SX1276Reset) for SX1276Reset
    sx1276.o(i.SX1276Init) refers to sx1276.o(i.RxChainCalibration) for RxChainCalibration
    sx1276.o(i.SX1276Init) refers to sx1276.o(i.SX1276SetOpMode) for SX1276SetOpMode
    sx1276.o(i.SX1276Init) refers to sx1276.o(i.SX1276SetModem) for SX1276SetModem
    sx1276.o(i.SX1276Init) refers to sx1276.o(i.SX1276Write) for SX1276Write
    sx1276.o(i.SX1276Init) refers to sx1276.o(.data) for .data
    sx1276.o(i.SX1276Init) refers to sx1276.o(i.SX1276OnTimeoutIrq) for SX1276OnTimeoutIrq
    sx1276.o(i.SX1276Init) refers to sx1276.o(.bss) for .bss
    sx1276.o(i.SX1276Init) refers to sx1276.o(.constdata) for .constdata
    sx1276.o(i.SX1276IsChannelFree) refers to sx1276.o(i.SX1276SetModem) for SX1276SetModem
    sx1276.o(i.SX1276IsChannelFree) refers to sx1276.o(i.SX1276SetChannel) for SX1276SetChannel
    sx1276.o(i.SX1276IsChannelFree) refers to sx1276.o(i.SX1276SetOpMode) for SX1276SetOpMode
    sx1276.o(i.SX1276IsChannelFree) refers to delay.o(i.DelayMs) for DelayMs
    sx1276.o(i.SX1276IsChannelFree) refers to timeserver.o(i.TimerGetCurrentTime) for TimerGetCurrentTime
    sx1276.o(i.SX1276IsChannelFree) refers to sx1276.o(i.SX1276ReadRssi) for SX1276ReadRssi
    sx1276.o(i.SX1276IsChannelFree) refers to timeserver.o(i.TimerGetElapsedTime) for TimerGetElapsedTime
    sx1276.o(i.SX1276IsChannelFree) refers to sx1276.o(i.SX1276SetSleep) for SX1276SetSleep
    sx1276.o(i.SX1276OnDio0Irq) refers to timeserver.o(i.TimerStop) for TimerStop
    sx1276.o(i.SX1276OnDio0Irq) refers to sx1276.o(i.SX1276Write) for SX1276Write
    sx1276.o(i.SX1276OnDio0Irq) refers to sx1276.o(i.SX1276Read) for SX1276Read
    sx1276.o(i.SX1276OnDio0Irq) refers to timeserver.o(i.TimerStart) for TimerStart
    sx1276.o(i.SX1276OnDio0Irq) refers to sx1276.o(i.SX1276ReadFifo) for SX1276ReadFifo
    sx1276.o(i.SX1276OnDio0Irq) refers to trace.o(i.TraceSend) for TraceSend
    sx1276.o(i.SX1276OnDio0Irq) refers to sx1276.o(.bss) for .bss
    sx1276.o(i.SX1276OnDio0Irq) refers to sx1276.o(.data) for .data
    sx1276.o(i.SX1276OnDio1Irq) refers to sx1276.o(i.SX1276WriteFifo) for SX1276WriteFifo
    sx1276.o(i.SX1276OnDio1Irq) refers to timeserver.o(i.TimerStop) for TimerStop
    sx1276.o(i.SX1276OnDio1Irq) refers to sx1276.o(i.SX1276Write) for SX1276Write
    sx1276.o(i.SX1276OnDio1Irq) refers to trace.o(i.TraceSend) for TraceSend
    sx1276.o(i.SX1276OnDio1Irq) refers to sx1276.o(i.SX1276Read) for SX1276Read
    sx1276.o(i.SX1276OnDio1Irq) refers to sx1276.o(i.SX1276ReadFifo) for SX1276ReadFifo
    sx1276.o(i.SX1276OnDio1Irq) refers to sx1276.o(.bss) for .bss
    sx1276.o(i.SX1276OnDio1Irq) refers to sx1276.o(.data) for .data
    sx1276.o(i.SX1276OnDio2Irq) refers to sx1276.o(i.SX1276Write) for SX1276Write
    sx1276.o(i.SX1276OnDio2Irq) refers to sx1276.o(i.SX1276Read) for SX1276Read
    sx1276.o(i.SX1276OnDio2Irq) refers to timeserver.o(i.TimerStop) for TimerStop
    sx1276.o(i.SX1276OnDio2Irq) refers to sx1276.o(.bss) for .bss
    sx1276.o(i.SX1276OnDio2Irq) refers to sx1276.o(.data) for .data
    sx1276.o(i.SX1276OnDio3Irq) refers to sx1276.o(i.SX1276Read) for SX1276Read
[...]
    at_AppKey_set                            0x0800b5cb   Thumb Code    28  at.o(i.at_AppKey_set)
    at_AppSKey_get                           0x0800b5e7   Thumb Code    14  at.o(i.at_AppSKey_get)
    at_AppSKey_set                           0x0800b5f5   Thumb Code    28  at.o(i.at_AppSKey_set)
    at_CHS_get                               0x0800b611   Thumb Code    14  at.o(i.at_CHS_get)
    at_CHS_set                               0x0800b621   Thumb Code    42  at.o(i.at_CHS_set)
    at_DataRate_get                          0x0800b659   Thumb Code    36  at.o(i.at_DataRate_get)
    at_DataRate_set                          0x0800b67d   Thumb Code    32  at.o(i.at_DataRate_set)
    at_DevAddr_get                           0x0800b6a5   Thumb Code    10  at.o(i.at_DevAddr_get)
    at_DevAddr_set                           0x0800b6af   Thumb Code    26  at.o(i.at_DevAddr_set)
    at_DevEUI_get                            0x0800b6c9   Thumb Code    14  at.o(i.at_DevEUI_get)
    at_DevEUI_set                            0x0800b6d9   Thumb Code    60  at.o(i.at_DevEUI_set)
    at_DeviceClass_get                       0x0800b73d   Thumb Code    40  at.o(i.at_DeviceClass_get)
    at_DeviceClass_set                       0x0800b76d   Thumb Code    42  at.o(i.at_DeviceClass_set)
    at_DownlinkCounter_get                   0x0800b797   Thumb Code    32  at.o(i.at_DownlinkCounter_get)
    at_DownlinkCounter_set                   0x0800b7b9   Thumb Code    36  at.o(i.at_DownlinkCounter_set)
    at_DutyCycle_get                         0x0800b7e1   Thumb Code    36  at.o(i.at_DutyCycle_get)
    at_DutyCycle_set                         0x0800b80d   Thumb Code    30  at.o(i.at_DutyCycle_set)
    at_FDR                                   0x0800b82d   Thumb Code    28  at.o(i.at_FDR)
    at_Join                                  0x0800b855   Thumb Code    10  at.o(i.at_Join)
    at_JoinAcceptDelay1_get                  0x0800b85f   Thumb Code    32  at.o(i.at_JoinAcceptDelay1_get)
    at_JoinAcceptDelay1_set                  0x0800b881   Thumb Code    36  at.o(i.at_JoinAcceptDelay1_set)
    at_JoinAcceptDelay2_get                  0x0800b8a9   Thumb Code    32  at.o(i.at_JoinAcceptDelay2_get)
    at_JoinAcceptDelay2_set                  0x0800b8c9   Thumb Code    36  at.o(i.at_JoinAcceptDelay2_set)
    at_MOD_get                               0x0800b8f1   Thumb Code    14  at.o(i.at_MOD_get)
    at_MOD_set                               0x0800b905   Thumb Code    36  at.o(i.at_MOD_set)
    at_NetworkID_get                         0x0800b931   Thumb Code    60  at.o(i.at_NetworkID_get)
    at_NetworkID_set                         0x0800b985   Thumb Code    34  at.o(i.at_NetworkID_set)
    at_NetworkJoinMode_get                   0x0800b9a7   Thumb Code    20  at.o(i.at_NetworkJoinMode_get)
    at_NetworkJoinMode_set                   0x0800b9bb   Thumb Code    30  at.o(i.at_NetworkJoinMode_set)
    at_NetworkJoinStatus                     0x0800b9d9   Thumb Code    40  at.o(i.at_NetworkJoinStatus)
    at_NwkSKey_get                           0x0800ba01   Thumb Code    14  at.o(i.at_NwkSKey_get)
    at_NwkSKey_set                           0x0800ba0f   Thumb Code    28  at.o(i.at_NwkSKey_set)
    at_PublicNetwork_get                     0x0800ba2b   Thumb Code    34  at.o(i.at_PublicNetwork_get)
    at_PublicNetwork_set                     0x0800ba4d   Thumb Code    42  at.o(i.at_PublicNetwork_set)
    at_Receive                               0x0800ba79   Thumb Code    48  at.o(i.at_Receive)
    at_ReceiveBinary                         0x0800babd   Thumb Code    56  at.o(i.at_ReceiveBinary)
    at_Rx1Delay_get                          0x0800bb0d   Thumb Code    32  at.o(i.at_Rx1Delay_get)
    at_Rx1Delay_set                          0x0800bb2d   Thumb Code    36  at.o(i.at_Rx1Delay_set)
    at_Rx2DataRate_get                       0x0800bb55   Thumb Code    34  at.o(i.at_Rx2DataRate_get)
    at_Rx2DataRate_set                       0x0800bb79   Thumb Code    54  at.o(i.at_Rx2DataRate_set)
    at_Rx2Delay_get                          0x0800bbb9   Thumb Code    32  at.o(i.at_Rx2Delay_get)
    at_Rx2Delay_set                          0x0800bbd9   Thumb Code    36  at.o(i.at_Rx2Delay_set)
    at_Rx2Frequency_get                      0x0800bc01   Thumb Code    32  at.o(i.at_Rx2Frequency_get)
    at_Rx2Frequency_set                      0x0800bc21   Thumb Code    54  at.o(i.at_Rx2Frequency_set)
    at_Send                                  0x0800bc5d   Thumb Code   104  at.o(i.at_Send)
    at_SendBinary                            0x0800bcf5   Thumb Code   148  at.o(i.at_SendBinary)
    at_TDC_get                               0x0800bdc1   Thumb Code    14  at.o(i.at_TDC_get)
    at_TDC_set                               0x0800bdd5   Thumb Code    22  at.o(i.at_TDC_set)
    at_TransmitPower_get                     0x0800bdf5   Thumb Code    36  at.o(i.at_TransmitPower_get)
    at_TransmitPower_set                     0x0800be19   Thumb Code    36  at.o(i.at_TransmitPower_set)
    at_UplinkCounter_get                     0x0800be45   Thumb Code    32  at.o(i.at_UplinkCounter_get)
    at_UplinkCounter_set                     0x0800be65   Thumb Code    36  at.o(i.at_UplinkCounter_set)
    at_ack_get                               0x0800be8d   Thumb Code    20  at.o(i.at_ack_get)
    at_ack_set                               0x0800bea1   Thumb Code    30  at.o(i.at_ack_set)
    at_application_port_get                  0x0800bebf   Thumb Code    14  at.o(i.at_application_port_get)
    at_application_port_set                  0x0800becd   Thumb Code    32  at.o(i.at_application_port_set)
    at_isack_get                             0x0800bef5   Thumb Code    20  at.o(i.at_isack_get)
    at_reset                                 0x0800bf09   Thumb Code     4  at.o(i.at_reset)
    at_return_error                          0x0800bf0d   Thumb Code     4  at.o(i.at_return_error)
    at_rssi_get                              0x0800bf11   Thumb Code    14  at.o(i.at_rssi_get)
    at_snr_get                               0x0800bf1f   Thumb Code    14  at.o(i.at_snr_get)
    at_symbtimeout1LSB_get                   0x0800bf2d   Thumb Code    14  at.o(i.at_symbtimeout1LSB_get)
    at_symbtimeout1LSB_set                   0x0800bf41   Thumb Code    36  at.o(i.at_symbtimeout1LSB_set)
    at_symbtimeout2LSB_get                   0x0800bf6d   Thumb Code    14  at.o(i.at_symbtimeout2LSB_get)
    at_symbtimeout2LSB_set                   0x0800bf81   Thumb Code    36  at.o(i.at_symbtimeout2LSB_set)
    at_version_get                           0x0800bfad   Thumb Code    20  at.o(i.at_version_get)
    ceil                                     0x0800bfc9   Thumb Code   180  ceil.o(i.ceil)
    certif_DownLinkIncrement                 0x0800c091   Thumb Code    10  lora-test.o(i.certif_DownLinkIncrement)
    certif_linkCheck                         0x0800c0a1   Thumb Code    16  lora-test.o(i.certif_linkCheck)
    certif_running                           0x0800c0b5   Thumb Code     6  lora-test.o(i.certif_running)
    certif_rx                                0x0800c0c1   Thumb Code   386  lora-test.o(i.certif_rx)
    customize_freq1_get                      0x0800c3dd   Thumb Code     6  lora.o(i.customize_freq1_get)
    customize_freq1_set                      0x0800c3e9   Thumb Code     6  lora.o(i.customize_freq1_set)
    floor                                    0x0800c3f5   Thumb Code   180  floor.o(i.floor)
    key_printf                               0x0800c4bd   Thumb Code    44  lora.o(i.key_printf)
    lora_config_appeui_get                   0x0800c521   Thumb Code     4  lora.o(i.lora_config_appeui_get)
    lora_config_appeui_set                   0x0800c529   Thumb Code    14  lora.o(i.lora_config_appeui_set)
    lora_config_appkey_get                   0x0800c53d   Thumb Code     4  lora.o(i.lora_config_appkey_get)
    lora_config_appkey_set                   0x0800c545   Thumb Code    14  lora.o(i.lora_config_appkey_set)
    lora_config_application_port_get         0x0800c559   Thumb Code     8  lora.o(i.lora_config_application_port_get)
    lora_config_application_port_set         0x0800c565   Thumb Code     6  lora.o(i.lora_config_application_port_set)
    lora_config_appskey_get                  0x0800c571   Thumb Code     4  lora.o(i.lora_config_appskey_get)
    lora_config_appskey_set                  0x0800c579   Thumb Code    14  lora.o(i.lora_config_appskey_set)
    lora_config_devaddr_get                  0x0800c58d   Thumb Code    14  lora.o(i.lora_config_devaddr_get)
    lora_config_devaddr_set                  0x0800c5a9   Thumb Code     6  lora.o(i.lora_config_devaddr_set)
    lora_config_deveui_get                   0x0800c5b5   Thumb Code     4  lora.o(i.lora_config_deveui_get)
    lora_config_deveui_set                   0x0800c5bd   Thumb Code    14  lora.o(i.lora_config_deveui_set)
    lora_config_duty_cycle_get               0x0800c5d1   Thumb Code     6  lora.o(i.lora_config_duty_cycle_get)
    lora_config_duty_cycle_set               0x0800c5dd   Thumb Code    18  lora.o(i.lora_config_duty_cycle_set)
    lora_config_isack_get                    0x0800c5f5   Thumb Code    18  lora.o(i.lora_config_isack_get)
    lora_config_nwkskey_get                  0x0800c60d   Thumb Code     4  lora.o(i.lora_config_nwkskey_get)
    lora_config_nwkskey_set                  0x0800c615   Thumb Code    14  lora.o(i.lora_config_nwkskey_set)
    lora_config_otaa_get                     0x0800c629   Thumb Code     6  lora.o(i.lora_config_otaa_get)
    lora_config_otaa_set                     0x0800c635   Thumb Code     6  lora.o(i.lora_config_otaa_set)
    lora_config_reqack_get                   0x0800c641   Thumb Code     6  lora.o(i.lora_config_reqack_get)
    lora_config_reqack_set                   0x0800c64d   Thumb Code     6  lora.o(i.lora_config_reqack_set)
    lora_config_rssi_get                     0x0800c659   Thumb Code     8  lora.o(i.lora_config_rssi_get)
    lora_config_snr_get                      0x0800c665   Thumb Code     8  lora.o(i.lora_config_snr_get)
    lora_config_tx_datarate_set              0x0800c671   Thumb Code     6  lora.o(i.lora_config_tx_datarate_set)
    main                                     0x0800c67d   Thumb Code    56  main.o(i.main)
    memcpy1                                  0x0800c6b9   Thumb Code    22  utilities.o(i.memcpy1)
    memcpyr                                  0x0800c6cf   Thumb Code    26  utilities.o(i.memcpyr)
    memset1                                  0x0800c6e9   Thumb Code    18  utilities.o(i.memset1)
    pwr_control_IoDeInit                     0x0800cb19   Thumb Code    42  pwr_out.o(i.pwr_control_IoDeInit)
    pwr_control_IoInit                       0x0800cb49   Thumb Code    56  pwr_out.o(i.pwr_control_IoInit)
    rand1                                    0x0800cb89   Thumb Code    26  utilities.o(i.rand1)
    randr                                    0x0800cbb5   Thumb Code    22  utilities.o(i.randr)
    read_data                                0x0800cbcb   Thumb Code   126  lora.o(i.read_data)
    region_printf                            0x0800cc49   Thumb Code    14  lora.o(i.region_printf)
    round                                    0x0800cc61   Thumb Code   142  round.o(i.round)
    send_exti                                0x0800ccfd   Thumb Code    16  main.o(i.send_exti)
    set_at_receive                           0x0800cd11   Thumb Code    28  at.o(i.set_at_receive)
    srand1                                   0x0800cd9d   Thumb Code     6  utilities.o(i.srand1)
    store_data                               0x0800ce1d   Thumb Code   190  lora.o(i.store_data)
    tiny_sscanf                              0x0800cee5   Thumb Code    20  tiny_sscanf.o(i.tiny_sscanf)
    vcom_DMA_TX_IRQHandler                   0x0800d16d   Thumb Code    12  vcom.o(i.vcom_DMA_TX_IRQHandler)
    vcom_IRQHandler                          0x0800d17d   Thumb Code    10  vcom.o(i.vcom_IRQHandler)
    vcom_Init                                0x0800d18d   Thumb Code    46  vcom.o(i.vcom_Init)
    vcom_IoInit                              0x0800d1c9   Thumb Code    90  vcom.o(i.vcom_IoInit)
    vcom_ReceiveInit                         0x0800d229   Thumb Code    34  vcom.o(i.vcom_ReceiveInit)
    vcom_Trace                               0x0800d255   Thumb Code    14  vcom.o(i.vcom_Trace)
    RadioRegsInit                            0x0800d2ec   Data          48  sx1276.o(.constdata)
    FskBandwidths                            0x0800d31c   Data         176  sx1276.o(.constdata)
    Radio                                    0x0800d3cc   Data         104  sx1276mb1las.o(.constdata)
    AHBPrescTable                            0x0800d434   Data          16  system_stm32l0xx.o(.constdata)
    PLLMulTable                              0x0800d444   Data           9  system_stm32l0xx.o(.constdata)
    APBPrescTable                            0x0800d44d   Data           8  system_stm32l0xx.o(.constdata)
    Region$$Table$$Base                      0x0800e910   Number         0  anon$$obj.o(Region$$Table)
    Region$$Table$$Limit                     0x0800e930   Number         0  anon$$obj.o(Region$$Table)
    DioIrq                                   0x20000008   Data          24  sx1276.o(.data)
    PAGEError                                0x20000020   Data           4  flash_eraseprogram.o(.data)
    data32                                   0x20000024   Data           4  flash_eraseprogram.o(.data)
    SystemCoreClock                          0x20000044   Data           4  system_stm32l0xx.o(.data)
    uwTick                                   0x20000048   Data           4  stm32l0xx_hal.o(.data)
    ult                                      0x2000004e   Data           2  bsp.o(.data)
    TDC_flag                                 0x20000054   Data           1  main.o(.data)
    batteryLevel_mV                          0x20000056   Data           2  main.o(.data)
    APP_TX_DUTYCYCLE                         0x20000058   Data           4  main.o(.data)
    exti_flag                                0x2000005c   Data           4  main.o(.data)
    ServerSetTDC                             0x20000064   Data           4  main.o(.data)
    charRx                                   0x20000090   Data           1  vcom.o(.data)
    symbtime1_value                          0x2000009c   Data           1  at.o(.data)
    flag1                                    0x2000009d   Data           1  at.o(.data)
    symbtime2_value                          0x2000009e   Data           1  at.o(.data)
    flag2                                    0x2000009f   Data           1  at.o(.data)
    mode                                     0x200000ba   Data           1  lora.o(.data)
    LoRaMacFlags                             0x20000196   Data           1  loramac.o(.data)
    LoRaMacState                             0x200001b4   Data           4  loramac.o(.data)
    TxTimeOnAir                              0x200001b8   Data           4  loramac.o(.data)
    TracePeripheralReady                     0x2000021c   Data           1  trace.o(.data)
    SX1276                                   0x20000320   Data         104  sx1276.o(.bss)
    TxTimeoutTimer                           0x20000388   Data          20  sx1276.o(.bss)
    RxTimeoutTimer                           0x2000039c   Data          20  sx1276.o(.bss)
    RxTimeoutSyncWord                        0x200003b0   Data          20  sx1276.o(.bss)
    htim2                                    0x200003d0   Data          56  ult.o(.bss)
    pFlash                                   0x20000408   Data          24  stm32l0xx_hal_flash.o(.bss)
    LoRaMacParams                            0x20000d4c   Data          56  loramac.o(.bss)
    LoRaMacParamsDefaults                    0x20000d84   Data          56  loramac.o(.bss)
    __initial_sp                             0x20001648   Data           0  startup_stm32l072xx.o(STACK)



==============================================================================

Memory Map of the image

  Image Entry point : 0x080000c1

  Load Region LR_IROM1 (Base: 0x08000000, Size: 0x0000eb50, Max: 0x00030000, ABSOLUTE, COMPRESSED[0x0000e9b8])

    Execution Region ER_IROM1 (Exec base: 0x08000000, Load base: 0x08000000, Size: 0x0000e930, Max: 0x00030000, ABSOLUTE)

    Exec Addr    Load Addr    Size         Type   Attr      Idx    E Section Name        Object

    0x08000000   0x08000000   0x000000c0   Data   RO         4400    RESET               startup_stm32l072xx.o
    0x080000c0   0x080000c0   0x00000000   Code   RO         8830  * .ARM.Collect$$$$00000000  mc_p.l(entry.o)
    0x080000c0   0x080000c0   0x00000004   Code   RO         9156    .ARM.Collect$$$$00000001  mc_p.l(entry2.o)
    0x080000c4   0x080000c4   0x00000004   Code   RO         9159    .ARM.Collect$$$$00000004  mc_p.l(entry5.o)
    0x080000c8   0x080000c8   0x00000000   Code   RO         9161    .ARM.Collect$$$$00000008  mc_p.l(entry7b.o)
    0x080000c8   0x080000c8   0x00000000   Code   RO         9163    .ARM.Collect$$$$0000000A  mc_p.l(entry8b.o)
    0x080000c8   0x080000c8   0x00000008   Code   RO         9164    .ARM.Collect$$$$0000000B  mc_p.l(entry9a.o)
    0x080000d0   0x080000d0   0x00000000   Code   RO         9166    .ARM.Collect$$$$0000000D  mc_p.l(entry10a.o)
    0x080000d0   0x080000d0   0x00000000   Code   RO         9168    .ARM.Collect$$$$0000000F  mc_p.l(entry11a.o)
    0x080000d0   0x080000d0   0x00000004   Code   RO         9157    .ARM.Collect$$$$00002712  mc_p.l(entry2.o)
    0x080000d4   0x080000d4   0x0000001c   Code   RO         4401    .text               startup_stm32l072xx.o
    0x080000f0   0x080000f0   0x0000002c   Code   RO         8833    .text               mc_p.l(uidiv.o)
    0x0800011c   0x0800011c   0x00000028   Code   RO         8835    .text               mc_p.l(idiv.o)
    0x08000144   0x08000144   0x00000060   Code   RO         8837    .text               mc_p.l(uldiv.o)
    0x080001a4   0x080001a4   0x0000007a   Code   RO         8839    .text               mc_p.l(llmul.o)
    0x0800021e   0x0800021e   0x00000024   Code   RO         8841    .text               mc_p.l(memcpya.o)
    0x08000242   0x08000242   0x00000024   Code   RO         8843    .text               mc_p.l(memseta.o)
    0x08000266   0x08000266   0x0000000e   Code   RO         8845    .text               mc_p.l(strlen.o)
    0x08000274   0x08000274   0x0000001c   Code   RO         8847    .text               mc_p.l(strcmp.o)
    0x08000290   0x08000290   0x0000001e   Code   RO         8849    .text               mc_p.l(strncmp.o)
    0x080002ae   0x080002ae   0x00000014   Code   RO         9116    .text               mc_p.l(uread4.o)
    0x080002c2   0x080002c2   0x000000b2   Code   RO         9118    .text               mf_p.l(fadd.o)
    0x08000374   0x08000374   0x0000007a   Code   RO         9120    .text               mf_p.l(fmul.o)
    0x080003ee   0x080003ee   0x0000007c   Code   RO         9122    .text               mf_p.l(fdiv.o)
    0x0800046a   0x0800046a   0x00000002   PAD
    0x0800046c   0x0800046c   0x00000164   Code   RO         9124    .text               mf_p.l(dadd.o)
    0x080005d0   0x080005d0   0x000000d0   Code   RO         9126    .text               mf_p.l(dmul.o)
    0x080006a0   0x080006a0   0x000000f0   Code   RO         9128    .text               mf_p.l(ddiv.o)
    0x08000790   0x08000790   0x0000002c   Code   RO         9130    .text               mf_p.l(dscalb.o)
    0x080007bc   0x080007bc   0x00000016   Code   RO         9132    .text               mf_p.l(fflti.o)
    0x080007d2   0x080007d2   0x0000000e   Code   RO         9134    .text               mf_p.l(ffltui.o)
    0x080007e0   0x080007e0   0x00000028   Code   RO         9136    .text               mf_p.l(dflti.o)
    0x08000808   0x08000808   0x0000001c   Code   RO         9138    .text               mf_p.l(dfltui.o)
    0x08000824   0x08000824   0x00000032   Code   RO         9140    .text               mf_p.l(ffixi.o)
    0x08000856   0x08000856   0x00000028   Code   RO         9142    .text               mf_p.l(ffixui.o)
    0x0800087e   0x0800087e   0x00000002   PAD
    0x08000880   0x08000880   0x00000048   Code   RO         9144    .text               mf_p.l(dfixi.o)
    0x080008c8   0x080008c8   0x0000003c   Code   RO         9146    .text               mf_p.l(dfixui.o)
    0x08000904   0x08000904   0x00000028   Code   RO         9148    .text               mf_p.l(f2d.o)
    0x0800092c   0x0800092c   0x00000028   Code   RO         9150    .text               mf_p.l(cdrcmple.o)
    0x08000954   0x08000954   0x00000038   Code   RO         9152    .text               mf_p.l(d2f.o)
    0x0800098c   0x0800098c   0x00000020   Code   RO         9173    .text               mc_p.l(llshl.o)
    0x080009ac   0x080009ac   0x00000022   Code   RO         9175    .text               mc_p.l(llushr.o)
    0x080009ce   0x080009ce   0x00000026   Code   RO         9177    .text               mc_p.l(llsshr.o)
    0x080009f4   0x080009f4   0x00000000   Code   RO         9179    .text               mc_p.l(iusefp.o)
    0x080009f4   0x080009f4   0x00000082   Code   RO         9180    .text               mf_p.l(fepilogue.o)
    0x08000a76   0x08000a76   0x000000be   Code   RO         9182    .text               mf_p.l(depilogue.o)
    0x08000b34   0x08000b34   0x0000007c   Code   RO         9186    .text               mf_p.l(drnd.o)
    0x08000bb0   0x08000bb0   0x00000040   Code   RO         9188    .text               mf_p.l(dfixul.o)
    0x08000bf0   0x08000bf0   0x00000028   Code   RO         9190    .text               mf_p.l(cdcmple.o)
    0x08000c18   0x08000c18   0x00000024   Code   RO         9192    .text               mc_p.l(init.o)
    0x08000c3c   0x08000c3c   0x00000056   Code   RO         9204    .text               mc_p.l(__dczerorl2.o)
    0x08000c92   0x08000c92   0x00000002   PAD
    0x08000c94   0x08000c94   0x00000024   Code   RO         1617    i.ADC_DelayMicroSecond  stm32l0xx_hal_adc.o
    0x08000cb8   0x08000cb8   0x00000064   Code   RO         1619    i.ADC_Enable        stm32l0xx_hal_adc.o
    0x08000d1c   0x08000d1c   0x0000013c   Code   RO         8784    i.AES_CMAC_Final    cmac.o
    0x08000e58   0x08000e58   0x00000020   Code   RO         8785    i.AES_CMAC_Init     cmac.o
    0x08000e78   0x08000e78   0x00000010   Code   RO         8786    i.AES_CMAC_SetKey   cmac.o
    0x08000e88   0x08000e88   0x000000be   Code   RO         8787    i.AES_CMAC_Update   cmac.o
    0x08000f46   0x08000f46   0x00000002   PAD
    0x08000f48   0x08000f48   0x00000098   Code   RO         8035    i.AddMacCommand     loramac.o
    0x08000fe0   0x08000fe0   0x0000004c   Code   RO          598    i.BSP_oil_float_Init  oil_float.o
    0x0800102c   0x0800102c   0x00000030   Code   RO         4407    i.BSP_sensor_Init   bsp.o
    0x0800105c   0x0800105c   0x00000088   Code   RO         4408    i.BSP_sensor_Read   bsp.o
    0x080010e4   0x080010e4   0x00000018   Code   RO         5669    i.CMD_GetChar       command.o
    0x080010fc   0x080010fc   0x00000018   Code   RO         5670    i.CMD_Init          command.o
    0x08001114   0x08001114   0x00000054   Code   RO         5671    i.CMD_Process       command.o
    0x08001168   0x08001168   0x0000003c   Code   RO         8036    i.CalculateBackOff  loramac.o
    0x080011a4   0x080011a4   0x000001fc   Code   RO         8683    i.CircularQueue_Add  queue.o
    0x080013a0   0x080013a0   0x00000026   Code   RO         8685    i.CircularQueue_Init  queue.o
    0x080013c6   0x080013c6   0x00000002   PAD
    0x080013c8   0x080013c8   0x000000d0   Code   RO         8687    i.CircularQueue_Remove  queue.o
    0x08001498   0x08001498   0x000000a4   Code   RO         8688    i.CircularQueue_Sense  queue.o
    0x0800153c   0x0800153c   0x0000009e   Code   RO         7175    i.CountNbOfEnabledChannels  regioneu868.o
    0x080015da   0x080015da   0x00000002   PAD
    0x080015dc   0x080015dc   0x00000060   Code   RO         4462    i.DBG_Init          debug.o
    0x0800163c   0x0800163c   0x00000008   Code   RO         4955    i.DMA1_Channel4_5_6_7_IRQHandler  stm32l0xx_it.o
    0x08001644   0x08001644   0x0000001e   Code   RO         2348    i.DMA_SetConfig     stm32l0xx_hal_dma.o
    0x08001662   0x08001662   0x00000002   PAD
    0x08001664   0x08001664   0x00000088   Code   RO          471    i.DS18B20_GetTemp_SkipRom  ds18b20.o
    0x080016ec   0x080016ec   0x00000034   Code   RO          474    i.DS18B20_Mode_IPU  ds18b20.o
    0x08001720   0x08001720   0x00000034   Code   RO          475    i.DS18B20_Mode_Out_PP  ds18b20.o
    0x08001754   0x08001754   0x0000005c   Code   RO          476    i.DS18B20_Presence  ds18b20.o
    0x080017b0   0x080017b0   0x0000003c   Code   RO          477    i.DS18B20_ReadBit   ds18b20.o
    0x080017ec   0x080017ec   0x0000001c   Code   RO          478    i.DS18B20_ReadByte  ds18b20.o
    0x08001808   0x08001808   0x00000034   Code   RO          480    i.DS18B20_Rst       ds18b20.o
    0x0800183c   0x0800183c   0x00000012   Code   RO          481    i.DS18B20_SkipRom   ds18b20.o
    0x0800184e   0x0800184e   0x00000002   PAD
    0x08001850   0x08001850   0x00000064   Code   RO          482    i.DS18B20_WriteByte  ds18b20.o
    0x080018b4   0x080018b4   0x00000016   Code   RO          483    i.DS18B20_delay     ds18b20.o
    0x080018ca   0x080018ca   0x00000008   Code   RO         8392    i.DelayMs           delay.o
    0x080018d2   0x080018d2   0x00000010   Code   RO         4957    i.EXTI0_1_IRQHandler  stm32l0xx_it.o
    0x080018e2   0x080018e2   0x00000010   Code   RO         4958    i.EXTI2_3_IRQHandler  stm32l0xx_it.o
    0x080018f2   0x080018f2   0x00000002   PAD
    0x080018f4   0x080018f4   0x00000074   Code   RO         4959    i.EXTI4_15_IRQHandler  stm32l0xx_it.o
    0x08001968   0x08001968   0x00000002   Code   RO         4463    i.Error_Handler     debug.o
    0x0800196a   0x0800196a   0x00000002   PAD
    0x0800196c   0x0800196c   0x0000002c   Code   RO         4198    i.FLASH_PageErase   stm32l0xx_hal_flash_ex.o
    0x08001998   0x08001998   0x00000090   Code   RO         4306    i.FLASH_SetErrorCode  stm32l0xx_hal_flash.o
    0x08001a28   0x08001a28   0x00000070   Code   RO         4307    i.FLASH_WaitForLastOperation  stm32l0xx_hal_flash.o
    0x08001a98   0x08001a98   0x00000050   Code   RO          426    i.FLASH_erase       flash_eraseprogram.o
    0x08001ae8   0x08001ae8   0x00000054   Code   RO          427    i.FLASH_program     flash_eraseprogram.o
    0x08001b3c   0x08001b3c   0x00000044   Code   RO          428    i.FLASH_program_on_addr  flash_eraseprogram.o
    0x08001b80   0x08001b80   0x00000010   Code   RO          429    i.FLASH_read        flash_eraseprogram.o
    0x08001b90   0x08001b90   0x00000050   Code   RO          564    i.GPIO_EXTI_IoInit  gpio_exti.o
    0x08001be0   0x08001be0   0x00000040   Code   RO          565    i.GPIO_INPUT_IoInit  gpio_exti.o
    0x08001c20   0x08001c20   0x00000040   Code   RO          684    i.GPIO_ULT_INPUT_Init  ult.o
    0x08001c60   0x08001c60   0x0000003c   Code   RO          685    i.GPIO_ULT_OUTPUT_Init  ult.o
    0x08001c9c   0x08001c9c   0x00000024   Code   RO         7176    i.GetBandwidth      regioneu868.o
    0x08001cc0   0x08001cc0   0x0000002c   Code   RO            3    i.GetFskBandwidthRegValue  sx1276.o
    0x08001cec   0x08001cec   0x000000aa   Code   RO         3607    i.HAL_ADCEx_Calibration_Start  stm32l0xx_hal_adc_ex.o
    0x08001d96   0x08001d96   0x00000002   PAD
    0x08001d98   0x08001d98   0x00000094   Code   RO         1621    i.HAL_ADC_ConfigChannel  stm32l0xx_hal_adc.o
    0x08001e2c   0x08001e2c   0x00000006   Code   RO         1628    i.HAL_ADC_GetValue  stm32l0xx_hal_adc.o
    0x08001e32   0x08001e32   0x00000002   PAD
    0x08001e34   0x08001e34   0x000001c4   Code   RO         1630    i.HAL_ADC_Init      stm32l0xx_hal_adc.o
    0x08001ff8   0x08001ff8   0x00000002   Code   RO         1633    i.HAL_ADC_MspInit   stm32l0xx_hal_adc.o
    0x08001ffa   0x08001ffa   0x000000be   Code   RO         1634    i.HAL_ADC_PollForConversion  stm32l0xx_hal_adc.o
    0x080020b8   0x080020b8   0x0000005c   Code   RO         1636    i.HAL_ADC_Start     stm32l0xx_hal_adc.o
    0x08002114   0x08002114   0x00000010   Code   RO         2021    i.HAL_DBGMCU_DisableDBGSleepMode  stm32l0xx_hal.o
    0x08002124   0x08002124   0x00000010   Code   RO         2022    i.HAL_DBGMCU_DisableDBGStandbyMode  stm32l0xx_hal.o
    0x08002134   0x08002134   0x00000010   Code   RO         2023    i.HAL_DBGMCU_DisableDBGStopMode  stm32l0xx_hal.o
    0x08002144   0x08002144   0x00000098   Code   RO         2350    i.HAL_DMA_Abort_IT  stm32l0xx_hal_dma.o
    0x080021dc   0x080021dc   0x00000280   Code   RO         2354    i.HAL_DMA_IRQHandler  stm32l0xx_hal_dma.o
    0x0800245c   0x0800245c   0x00000108   Code   RO         2355    i.HAL_DMA_Init      stm32l0xx_hal_dma.o
    0x08002564   0x08002564   0x0000004e   Code   RO         2358    i.HAL_DMA_Start_IT  stm32l0xx_hal_dma.o
    0x080025b2   0x080025b2   0x0000000a   Code   RO         4787    i.HAL_Delay         stm32l0xx_hal_msp.o
    0x080025bc   0x080025bc   0x00000078   Code   RO         4207    i.HAL_FLASHEx_Erase  stm32l0xx_hal_flash_ex.o
    0x08002634   0x08002634   0x00000014   Code   RO         4311    i.HAL_FLASH_Lock    stm32l0xx_hal_flash.o
    0x08002648   0x08002648   0x0000003c   Code   RO         4316    i.HAL_FLASH_Program  stm32l0xx_hal_flash.o
    0x08002684   0x08002684   0x0000003c   Code   RO         4318    i.HAL_FLASH_Unlock  stm32l0xx_hal_flash.o
    0x080026c0   0x080026c0   0x00000008   Code   RO         4788    i.HAL_GPIO_EXTI_Callback  stm32l0xx_hal_msp.o
    0x080026c8   0x080026c8   0x00000018   Code   RO         2288    i.HAL_GPIO_EXTI_IRQHandler  stm32l0xx_hal_gpio.o
    0x080026e0   0x080026e0   0x00000184   Code   RO         2289    i.HAL_GPIO_Init     stm32l0xx_hal_gpio.o
    0x08002864   0x08002864   0x0000000a   Code   RO         2291    i.HAL_GPIO_ReadPin  stm32l0xx_hal_gpio.o
    0x0800286e   0x0800286e   0x0000000c   Code   RO         2293    i.HAL_GPIO_WritePin  stm32l0xx_hal_gpio.o
    0x0800287a   0x0800287a   0x00000002   PAD
    0x0800287c   0x0800287c   0x0000000c   Code   RO         2032    i.HAL_GetTick       stm32l0xx_hal.o
    0x08002888   0x08002888   0x00000010   Code   RO         2033    i.HAL_IncTick       stm32l0xx_hal.o
    0x08002898   0x08002898   0x00000020   Code   RO         2034    i.HAL_Init          stm32l0xx_hal.o
    0x080028b8   0x080028b8   0x00000004   Code   RO         4789    i.HAL_InitTick      stm32l0xx_hal_msp.o
    0x080028bc   0x080028bc   0x0000002c   Code   RO         4790    i.HAL_MspInit       stm32l0xx_hal_msp.o
    0x080028e8   0x080028e8   0x00000014   Code   RO         2189    i.HAL_NVIC_EnableIRQ  stm32l0xx_hal_cortex.o
    0x080028fc   0x080028fc   0x00000008   Code   RO         2193    i.HAL_NVIC_SetPriority  stm32l0xx_hal_cortex.o
    0x08002904   0x08002904   0x00000010   Code   RO         2546    i.HAL_PWREx_EnableFastWakeUp  stm32l0xx_hal_pwr_ex.o
    0x08002914   0x08002914   0x00000010   Code   RO         2548    i.HAL_PWREx_EnableUltraLowPower  stm32l0xx_hal_pwr_ex.o
    0x08002924   0x08002924   0x00000010   Code   RO         2430    i.HAL_PWR_DisablePVD  stm32l0xx_hal_pwr.o
    0x08002934   0x08002934   0x00000030   Code   RO         2439    i.HAL_PWR_EnterSLEEPMode  stm32l0xx_hal_pwr.o
    0x08002964   0x08002964   0x00000034   Code   RO         2441    i.HAL_PWR_EnterSTOPMode  stm32l0xx_hal_pwr.o
    0x08002998   0x08002998   0x000001c0   Code   RO         1906    i.HAL_RCCEx_GetPeriphCLKFreq  stm32l0xx_hal_rcc_ex.o
    0x08002b58   0x08002b58   0x0000018c   Code   RO         1909    i.HAL_RCCEx_PeriphCLKConfig  stm32l0xx_hal_rcc_ex.o
    0x08002ce4   0x08002ce4   0x00000168   Code   RO         1795    i.HAL_RCC_ClockConfig  stm32l0xx_hal_rcc.o
    0x08002e4c   0x08002e4c   0x00000020   Code   RO         1801    i.HAL_RCC_GetPCLK1Freq  stm32l0xx_hal_rcc.o
    0x08002e6c   0x08002e6c   0x00000020   Code   RO         1802    i.HAL_RCC_GetPCLK2Freq  stm32l0xx_hal_rcc.o
    0x08002e8c   0x08002e8c   0x00000078   Code   RO         1803    i.HAL_RCC_GetSysClockFreq  stm32l0xx_hal_rcc.o
    0x08002f04   0x08002f04   0x0000045c   Code   RO         1806    i.HAL_RCC_OscConfig  stm32l0xx_hal_rcc.o
    0x08003360   0x08003360   0x0000003c   Code   RO         2741    i.HAL_RTCEx_EnableBypassShadow  stm32l0xx_hal_rtc_ex.o
    0x0800339c   0x0800339c   0x00000008   Code   RO         4791    i.HAL_RTC_AlarmAEventCallback  stm32l0xx_hal_msp.o
    0x080033a4   0x080033a4   0x000000b8   Code   RO         2602    i.HAL_RTC_DeactivateAlarm  stm32l0xx_hal_rtc.o
    0x0800345c   0x0800345c   0x00000044   Code   RO         2604    i.HAL_RTC_GetDate   stm32l0xx_hal_rtc.o
    0x080034a0   0x080034a0   0x0000005c   Code   RO         2606    i.HAL_RTC_GetTime   stm32l0xx_hal_rtc.o
    0x080034fc   0x080034fc   0x000000a4   Code   RO         2607    i.HAL_RTC_Init      stm32l0xx_hal_rtc.o
    0x080035a0   0x080035a0   0x0000005c   Code   RO         4793    i.HAL_RTC_MspInit   stm32l0xx_hal_msp.o
    0x080035fc   0x080035fc   0x000001a0   Code   RO         2612    i.HAL_RTC_SetAlarm_IT  stm32l0xx_hal_rtc.o
    0x0800379c   0x0800379c   0x000000cc   Code   RO         2613    i.HAL_RTC_SetDate   stm32l0xx_hal_rtc.o
    0x08003868   0x08003868   0x000000f0   Code   RO         2614    i.HAL_RTC_SetTime   stm32l0xx_hal_rtc.o
    0x08003958   0x08003958   0x00000034   Code   RO         2615    i.HAL_RTC_WaitForSynchro  stm32l0xx_hal_rtc.o
    0x0800398c   0x0800398c   0x00000084   Code   RO         1044    i.HAL_SPI_Init      stm32l0xx_hal_spi.o
    0x08003a10   0x08003a10   0x00000002   Code   RO         1046    i.HAL_SPI_MspInit   stm32l0xx_hal_spi.o
    0x08003a12   0x08003a12   0x000002b8   Code   RO         1053    i.HAL_SPI_TransmitReceive  stm32l0xx_hal_spi.o
    0x08003cca   0x08003cca   0x00000034   Code   RO         2958    i.HAL_TIM_Base_Init  stm32l0xx_hal_tim.o
    0x08003cfe   0x08003cfe   0x00000002   Code   RO         2960    i.HAL_TIM_Base_MspInit  stm32l0xx_hal_tim.o
    0x08003d00   0x08003d00   0x0000002a   Code   RO         3666    i.HAL_UARTEx_EnableStopMode  stm32l0xx_hal_uart_ex.o
    0x08003d2a   0x08003d2a   0x00000002   PAD
    0x08003d2c   0x08003d2c   0x00000098   Code   RO         3667    i.HAL_UARTEx_StopModeWakeUpSourceConfig  stm32l0xx_hal_uart_ex.o
    0x08003dc4   0x08003dc4   0x00000002   Code   RO         3668    i.HAL_UARTEx_WakeupCallback  stm32l0xx_hal_uart_ex.o
    0x08003dc6   0x08003dc6   0x00000002   Code   RO         1293    i.HAL_UART_ErrorCallback  stm32l0xx_hal_uart.o
    0x08003dc8   0x08003dc8   0x00000144   Code   RO         1296    i.HAL_UART_IRQHandler  stm32l0xx_hal_uart.o
    0x08003f0c   0x08003f0c   0x0000006c   Code   RO         1297    i.HAL_UART_Init     stm32l0xx_hal_uart.o
    0x08003f78   0x08003f78   0x000000a8   Code   RO         5063    i.HAL_UART_MspInit  vcom.o
    0x08004020   0x08004020   0x000000a0   Code   RO         1302    i.HAL_UART_Receive_IT  stm32l0xx_hal_uart.o
    0x080040c0   0x080040c0   0x00000028   Code   RO         5064    i.HAL_UART_RxCpltCallback  vcom.o
    0x080040e8   0x080040e8   0x00000098   Code   RO         1306    i.HAL_UART_Transmit_DMA  stm32l0xx_hal_uart.o
    0x08004180   0x08004180   0x00000010   Code   RO         5065    i.HAL_UART_TxCpltCallback  vcom.o
    0x08004190   0x08004190   0x00000002   Code   RO         1309    i.HAL_UART_TxHalfCpltCallback  stm32l0xx_hal_uart.o
    0x08004192   0x08004192   0x00000002   PAD
    0x08004194   0x08004194   0x0000005c   Code   RO         4850    i.HW_AdcInit        stm32l0xx_hw.o
    0x080041f0   0x080041f0   0x00000094   Code   RO         4851    i.HW_AdcReadChannel  stm32l0xx_hw.o
    0x08004284   0x08004284   0x00000038   Code   RO         4488    i.HW_GPIO_GetBitPos  hw_gpio.o
    0x080042bc   0x080042bc   0x00000054   Code   RO         4489    i.HW_GPIO_Init      hw_gpio.o
    0x08004310   0x08004310   0x00000018   Code   RO         4490    i.HW_GPIO_IrqHandler  hw_gpio.o
    0x08004328   0x08004328   0x0000003c   Code   RO         4492    i.HW_GPIO_SetIrq    hw_gpio.o
    0x08004364   0x08004364   0x0000000a   Code   RO         4493    i.HW_GPIO_Write     hw_gpio.o
    0x0800436e   0x0800436e   0x00000002   PAD
    0x08004370   0x08004370   0x0000005c   Code   RO         4853    i.HW_GetBatteryLevel  stm32l0xx_hw.o
    0x080043cc   0x080043cc   0x00000014   Code   RO         4854    i.HW_GetRandomSeed  stm32l0xx_hw.o
    0x080043e0   0x080043e0   0x00000058   Code   RO         4855    i.HW_GetTemperatureLevel  stm32l0xx_hw.o
    0x08004438   0x08004438   0x00000044   Code   RO         4856    i.HW_GetUniqueId    stm32l0xx_hw.o
    0x0800447c   0x0800447c   0x00000034   Code   RO         4858    i.HW_Init           stm32l0xx_hw.o
    0x080044b0   0x080044b0   0x00000026   Code   RO         4539    i.HW_RTC_DelayMs    hw_rtc.o
    0x080044d6   0x080044d6   0x00000002   PAD
    0x080044d8   0x080044d8   0x000000a4   Code   RO         4540    i.HW_RTC_GetCalendarValue  hw_rtc.o
    0x0800457c   0x0800457c   0x00000004   Code   RO         4541    i.HW_RTC_GetMinimumTimeout  hw_rtc.o
    0x08004580   0x08004580   0x0000000c   Code   RO         4542    i.HW_RTC_GetTimerContext  hw_rtc.o
    0x0800458c   0x0800458c   0x0000001c   Code   RO         4543    i.HW_RTC_GetTimerElapsedTime  hw_rtc.o
    0x080045a8   0x080045a8   0x00000010   Code   RO         4544    i.HW_RTC_GetTimerValue  hw_rtc.o
    0x080045b8   0x080045b8   0x0000002c   Code   RO         4545    i.HW_RTC_Init       hw_rtc.o
    0x080045e4   0x080045e4   0x0000003c   Code   RO         4546    i.HW_RTC_IrqHandler  hw_rtc.o
    0x08004620   0x08004620   0x0000003c   Code   RO         4547    i.HW_RTC_SetAlarm   hw_rtc.o
    0x0800465c   0x0800465c   0x00000060   Code   RO         4548    i.HW_RTC_SetConfig  hw_rtc.o
    0x080046bc   0x080046bc   0x00000018   Code   RO         4549    i.HW_RTC_SetTimerContext  hw_rtc.o
    0x080046d4   0x080046d4   0x00000118   Code   RO         4550    i.HW_RTC_StartWakeUpAlarm  hw_rtc.o
    0x080047ec   0x080047ec   0x00000020   Code   RO         4551    i.HW_RTC_StopAlarm  hw_rtc.o
    0x0800480c   0x0800480c   0x00000010   Code   RO         4552    i.HW_RTC_Tick2ms    hw_rtc.o
    0x0800481c   0x0800481c   0x00000010   Code   RO         4554    i.HW_RTC_ms2Tick    hw_rtc.o
    0x0800482c   0x0800482c   0x00000020   Code   RO         4659    i.HW_SPI_InOut      hw_spi.o
    0x0800484c   0x0800484c   0x00000084   Code   RO         4660    i.HW_SPI_Init       hw_spi.o
    0x080048d0   0x080048d0   0x00000074   Code   RO         4661    i.HW_SPI_IoDeInit   hw_spi.o
    0x08004944   0x08004944   0x0000005c   Code   RO         4662    i.HW_SPI_IoInit     hw_spi.o
    0x080049a0   0x080049a0   0x00000004   Code   RO         4960    i.HardFault_Handler  stm32l0xx_it.o
    0x080049a4   0x080049a4   0x00000044   Code   RO         4704    i.LORA_ConfirmClass  main.o
    0x080049e8   0x080049e8   0x00000048   Code   RO         4705    i.LORA_HasJoined    main.o
    0x08004a30   0x08004a30   0x00000170   Code   RO         5727    i.LORA_Init         lora.o
    0x08004ba0   0x08004ba0   0x00000098   Code   RO         5728    i.LORA_Join         lora.o
    0x08004c38   0x08004c38   0x00000018   Code   RO         5729    i.LORA_JoinStatus   lora.o
    0x08004c50   0x08004c50   0x0000006c   Code   RO         5730    i.LORA_RequestClass  lora.o
    0x08004cbc   0x08004cbc   0x00000120   Code   RO         4706    i.LORA_RxData       main.o
    0x08004ddc   0x08004ddc   0x0000007c   Code   RO         5731    i.LORA_send         lora.o
    0x08004e58   0x08004e58   0x00000034   Code   RO         8417    i.LPM_EnterLowPower  low_power_manager.o
    0x08004e8c   0x08004e8c   0x00000002   Code   RO         8418    i.LPM_EnterOffMode  low_power_manager.o
    0x08004e8e   0x08004e8e   0x0000000c   Code   RO         4859    i.LPM_EnterSleepMode  stm32l0xx_hw.o
    0x08004e9a   0x08004e9a   0x00000002   PAD
    0x08004e9c   0x08004e9c   0x00000038   Code   RO         4860    i.LPM_EnterStopMode  stm32l0xx_hw.o
    0x08004ed4   0x08004ed4   0x00000002   Code   RO         8421    i.LPM_ExitOffMode   low_power_manager.o
    0x08004ed6   0x08004ed6   0x00000002   Code   RO         8422    i.LPM_ExitSleepMode  low_power_manager.o
    0x08004ed8   0x08004ed8   0x00000058   Code   RO         4861    i.LPM_ExitStopMode  stm32l0xx_hw.o
    0x08004f30   0x08004f30   0x00000028   Code   RO         8424    i.LPM_GetMode       low_power_manager.o
    0x08004f58   0x08004f58   0x00000028   Code   RO         8425    i.LPM_SetOffMode    low_power_manager.o
    0x08004f80   0x08004f80   0x00000028   Code   RO         8426    i.LPM_SetStopMode   low_power_manager.o
    0x08004fa8   0x08004fa8   0x0000007c   Code   RO         8278    i.LoRaMacComputeMic  loramaccrypto.o
    0x08005024   0x08005024   0x00000234   Code   RO         8039    i.LoRaMacInitialization  loramac.o
    0x08005258   0x08005258   0x00000048   Code   RO         8279    i.LoRaMacJoinComputeMic  loramaccrypto.o
    0x080052a0   0x080052a0   0x00000088   Code   RO         8280    i.LoRaMacJoinComputeSKeys  loramaccrypto.o
    0x08005328   0x08005328   0x00000040   Code   RO         8281    i.LoRaMacJoinDecrypt  loramaccrypto.o
    0x08005368   0x08005368   0x0000012c   Code   RO         8040    i.LoRaMacMcpsRequest  loramac.o
    0x08005494   0x08005494   0x000000f8   Code   RO         8041    i.LoRaMacMibGetRequestConfirm  loramac.o
    0x0800558c   0x0800558c   0x0000027c   Code   RO         8042    i.LoRaMacMibSetRequestConfirm  loramac.o
    0x08005808   0x08005808   0x00000138   Code   RO         8043    i.LoRaMacMlmeRequest  loramac.o
    0x08005940   0x08005940   0x00000010   Code   RO         8282    i.LoRaMacPayloadDecrypt  loramaccrypto.o
    0x08005950   0x08005950   0x000000c0   Code   RO         8283    i.LoRaMacPayloadEncrypt  loramaccrypto.o
    0x08005a10   0x08005a10   0x000000b8   Code   RO         8046    i.LoRaMacQueryTxPossible  loramac.o
    0x08005ac8   0x08005ac8   0x00000020   Code   RO         8049    i.LoRaMacTestSetDutyCycleOn  loramac.o
    0x08005ae8   0x08005ae8   0x00000030   Code   RO         4794    i.MSP_GetIRQn       stm32l0xx_hal_msp.o
    0x08005b18   0x08005b18   0x00000002   Code   RO         5732    i.McpsConfirm       lora.o
    0x08005b1a   0x08005b1a   0x00000002   PAD
    0x08005b1c   0x08005b1c   0x00000058   Code   RO         5733    i.McpsIndication    lora.o
    0x08005b74   0x08005b74   0x00000040   Code   RO         5734    i.MlmeConfirm       lora.o
    0x08005bb4   0x08005bb4   0x00000002   Code   RO         4962    i.NMI_Handler       stm32l0xx_it.o
    0x08005bb6   0x08005bb6   0x00000002   PAD
    0x08005bb8   0x08005bb8   0x00000044   Code   RO         2199    i.NVIC_SetPriority  stm32l0xx_hal_cortex.o
    0x08005bfc   0x08005bfc   0x0000001c   Code   RO         5152    i.NVIC_SystemReset  at.o
    0x08005c18   0x08005c18   0x00000038   Code   RO         8051    i.OnAckTimeoutTimerEvent  loramac.o
    0x08005c50   0x08005c50   0x00000008   Code   RO         8337    i.OnCertifTxNextPacketTimerEvent  lora-test.o
    0x08005c58   0x08005c58   0x00000248   Code   RO         8052    i.OnMacStateCheckTimerEvent  loramac.o
    0x08005ea0   0x08005ea0   0x000004d4   Code   RO         8053    i.OnRadioRxDone     loramac.o
    0x08006374   0x08006374   0x00000060   Code   RO         8054    i.OnRadioRxError    loramac.o
    0x080063d4   0x080063d4   0x00000068   Code   RO         8055    i.OnRadioRxTimeout  loramac.o
    0x0800643c   0x0800643c   0x000000ec   Code   RO         8056    i.OnRadioTxDone     loramac.o
    0x08006528   0x08006528   0x0000003c   Code   RO         8057    i.OnRadioTxTimeout  loramac.o
    0x08006564   0x08006564   0x0000007c   Code   RO         8058    i.OnRxWindow1TimerEvent  loramac.o
    0x080065e0   0x080065e0   0x00000078   Code   RO         8059    i.OnRxWindow2TimerEvent  loramac.o
    0x08006658   0x08006658   0x00000070   Code   RO         8060    i.OnTxDelayedTimerEvent  loramac.o
    0x080066c8   0x080066c8   0x00000020   Code   RO         4707    i.OnTxTimerEvent    main.o
    0x080066e8   0x080066e8   0x00000054   Code   RO         8061    i.ParseMacCommandsToRepeat  loramac.o
    0x0800673c   0x0800673c   0x00000002   Code   RO         4963    i.PendSV_Handler    stm32l0xx_it.o
    0x0800673e   0x0800673e   0x00000002   PAD
    0x08006740   0x08006740   0x00000280   Code   RO         8062    i.PrepareFrame      loramac.o
    0x080069c0   0x080069c0   0x0000003c   Code   RO         8063    i.PrepareRxDoneAbort  loramac.o
    0x080069fc   0x080069fc   0x000002b8   Code   RO         8064    i.ProcessMacCommands  loramac.o
    0x08006cb4   0x08006cb4   0x00000070   Code   RO         1807    i.RCC_SetFlashLatencyFromMSIRange  stm32l0xx_hal_rcc.o
    0x08006d24   0x08006d24   0x00000008   Code   RO         4964    i.RNG_LPUART1_IRQHandler  stm32l0xx_it.o
    0x08006d2c   0x08006d2c   0x00000010   Code   RO         2616    i.RTC_Bcd2ToByte    stm32l0xx_hal_rtc.o
    0x08006d3c   0x08006d3c   0x00000016   Code   RO         2617    i.RTC_ByteToBcd2    stm32l0xx_hal_rtc.o
    0x08006d52   0x08006d52   0x00000038   Code   RO         2618    i.RTC_EnterInitMode  stm32l0xx_hal_rtc.o
    0x08006d8a   0x08006d8a   0x00000008   Code   RO         4965    i.RTC_IRQHandler    stm32l0xx_it.o
    0x08006d92   0x08006d92   0x00000002   PAD
    0x08006d94   0x08006d94   0x00000204   Code   RO         5735    i.Read_Config       lora.o
    0x08006f98   0x08006f98   0x0000001e   Code   RO         6066    i.RegionAdrNext     region.o
    0x08006fb6   0x08006fb6   0x00000012   Code   RO         6067    i.RegionAlternateDr  region.o
    0x08006fc8   0x08006fc8   0x0000000e   Code   RO         6068    i.RegionApplyCFList  region.o
    0x08006fd6   0x08006fd6   0x0000001a   Code   RO         6069    i.RegionApplyDrOffset  region.o
    0x08006ff0   0x08006ff0   0x0000000e   Code   RO         6070    i.RegionCalcBackOff  region.o
    0x08006ffe   0x08006ffe   0x00000012   Code   RO         6071    i.RegionChanMaskSet  region.o
    0x08007010   0x08007010   0x0000005c   Code   RO         6904    i.RegionCommonCalcBackOff  regioncommon.o
    0x0800706c   0x0800706c   0x00000026   Code   RO         6905    i.RegionCommonChanDisable  regioncommon.o
    0x08007092   0x08007092   0x0000001e   Code   RO         6906    i.RegionCommonChanMaskCopy  regioncommon.o
    0x080070b0   0x080070b0   0x00000060   Code   RO         6907    i.RegionCommonChanVerifyDr  regioncommon.o
    0x08007110   0x08007110   0x00000090   Code   RO         6908    i.RegionCommonComputeRxWindowParameters  regioncommon.o
    0x080071a0   0x080071a0   0x00000018   Code   RO         6909    i.RegionCommonComputeSymbolTimeFsk  regioncommon.o
    0x080071b8   0x080071b8   0x0000002c   Code   RO         6910    i.RegionCommonComputeSymbolTimeLoRa  regioncommon.o
    0x080071e4   0x080071e4   0x0000006c   Code   RO         6911    i.RegionCommonComputeTxPower  regioncommon.o
    0x08007250   0x08007250   0x00000044   Code   RO         6912    i.RegionCommonCountChannels  regioncommon.o
    0x08007294   0x08007294   0x00000028   Code   RO         6913    i.RegionCommonGetJoinDc  regioncommon.o
    0x080072bc   0x080072bc   0x00000098   Code   RO         6914    i.RegionCommonLinkAdrReqVerifyParams  regioncommon.o
    0x08007354   0x08007354   0x00000036   Code   RO         6915    i.RegionCommonParseLinkAdrReq  regioncommon.o
    0x0800738a   0x0800738a   0x0000000a   Code   RO         6916    i.RegionCommonSetBandTxDone  regioncommon.o
    0x08007394   0x08007394   0x000000be   Code   RO         6917    i.RegionCommonUpdateBandTimeOff  regioncommon.o
    0x08007452   0x08007452   0x00000010   Code   RO         6918    i.RegionCommonValueInRange  regioncommon.o
    0x08007462   0x08007462   0x0000001a   Code   RO         6074    i.RegionComputeRxWindowParameters  region.o
    0x0800747c   0x0800747c   0x00000012   Code   RO         6075    i.RegionDlChannelReq  region.o
    0x0800748e   0x0800748e   0x00000002   PAD
    0x08007490   0x08007490   0x00000078   Code   RO         7177    i.RegionEU868AdrNext  regioneu868.o
    0x08007508   0x08007508   0x00000040   Code   RO         7178    i.RegionEU868AlternateDr  regioneu868.o
    0x08007548   0x08007548   0x00000074   Code   RO         7179    i.RegionEU868ApplyCFList  regioneu868.o
    0x080075bc   0x080075bc   0x0000000e   Code   RO         7180    i.RegionEU868ApplyDrOffset  regioneu868.o
    0x080075ca   0x080075ca   0x00000002   PAD
    0x080075cc   0x080075cc   0x00000038   Code   RO         7181    i.RegionEU868CalcBackOff  regioneu868.o
    0x08007604   0x08007604   0x0000002c   Code   RO         7182    i.RegionEU868ChanMaskSet  regioneu868.o
    0x08007630   0x08007630   0x000000dc   Code   RO         7183    i.RegionEU868ChannelAdd  regioneu868.o
    0x0800770c   0x0800770c   0x00000030   Code   RO         7184    i.RegionEU868ChannelsRemove  regioneu868.o
    0x0800773c   0x0800773c   0x00000064   Code   RO         7185    i.RegionEU868ComputeRxWindowParameters  regioneu868.o
    0x080077a0   0x080077a0   0x0000003c   Code   RO         7186    i.RegionEU868DlChannelReq  regioneu868.o
    0x080077dc   0x080077dc   0x000000d0   Code   RO         7187    i.RegionEU868GetPhyParam  regioneu868.o
    0x080078ac   0x080078ac   0x00000064   Code   RO         7188    i.RegionEU868InitDefaults  regioneu868.o
    0x08007910   0x08007910   0x00000118   Code   RO         7189    i.RegionEU868LinkAdrReq  regioneu868.o
    0x08007a28   0x08007a28   0x00000048   Code   RO         7190    i.RegionEU868NewChannelReq  regioneu868.o
    0x08007a70   0x08007a70   0x000000b8   Code   RO         7191    i.RegionEU868NextChannel  regioneu868.o
    0x08007b28   0x08007b28   0x000000e0   Code   RO         7192    i.RegionEU868RxConfig  regioneu868.o
    0x08007c08   0x08007c08   0x00000044   Code   RO         7193    i.RegionEU868RxParamSetupReq  regioneu868.o
    0x08007c4c   0x08007c4c   0x00000028   Code   RO         7194    i.RegionEU868SetBandTxDone  regioneu868.o
    0x08007c74   0x08007c74   0x00000048   Code   RO         7195    i.RegionEU868SetContinuousWave  regioneu868.o
    0x08007cbc   0x08007cbc   0x00000110   Code   RO         7196    i.RegionEU868TxConfig  regioneu868.o
    0x08007dcc   0x08007dcc   0x00000006   Code   RO         7197    i.RegionEU868TxParamSetupReq  regioneu868.o
    0x08007dd2   0x08007dd2   0x0000004c   Code   RO         7198    i.RegionEU868Verify  regioneu868.o
    0x08007e1e   0x08007e1e   0x00000014   Code   RO         6076    i.RegionGetPhyParam  region.o
    0x08007e32   0x08007e32   0x0000000e   Code   RO         6077    i.RegionInitDefaults  region.o
    0x08007e40   0x08007e40   0x0000000c   Code   RO         6078    i.RegionIsActive    region.o
    0x08007e4c   0x08007e4c   0x00000022   Code   RO         6079    i.RegionLinkAdrReq  region.o
    0x08007e6e   0x08007e6e   0x00000012   Code   RO         6080    i.RegionNewChannelReq  region.o
    0x08007e80   0x08007e80   0x0000001e   Code   RO         6081    i.RegionNextChannel  region.o
    0x08007e9e   0x08007e9e   0x00000016   Code   RO         6082    i.RegionRxConfig    region.o
    0x08007eb4   0x08007eb4   0x00000012   Code   RO         6083    i.RegionRxParamSetupReq  region.o
    0x08007ec6   0x08007ec6   0x0000000e   Code   RO         6084    i.RegionSetBandTxDone  region.o
    0x08007ed4   0x08007ed4   0x0000000e   Code   RO         6085    i.RegionSetContinuousWave  region.o
    0x08007ee2   0x08007ee2   0x0000001a   Code   RO         6086    i.RegionTxConfig    region.o
    0x08007efc   0x08007efc   0x00000012   Code   RO         6087    i.RegionTxParamSetupReq  region.o
    0x08007f0e   0x08007f0e   0x00000016   Code   RO         6088    i.RegionVerify      region.o
    0x08007f24   0x08007f24   0x00000080   Code   RO         8065    i.ResetMacParameters  loramac.o
    0x08007fa4   0x08007fa4   0x00000094   Code   RO            4    i.RxChainCalibration  sx1276.o
    0x08008038   0x08008038   0x00000018   Code   RO         8066    i.RxWindowSetup     loramac.o
    0x08008050   0x08008050   0x000000b2   Code   RO         1074    i.SPI_WaitOnFlagUntilTimeout  stm32l0xx_hal_spi.o
    0x08008102   0x08008102   0x00000002   Code   RO         4966    i.SVC_Handler       stm32l0xx_it.o
    0x08008104   0x08008104   0x0000000c   Code   RO            5    i.SX1276BoardInit   sx1276.o
    0x08008110   0x08008110   0x00000004   Code   RO          914    i.SX1276CheckRfFrequency  sx1276mb1las.o
    0x08008114   0x08008114   0x0000000c   Code   RO          915    i.SX1276GetPaSelect  sx1276mb1las.o
    0x08008120   0x08008120   0x00000014   Code   RO            6    i.SX1276GetRadioWakeUpTime  sx1276.o
    0x08008134   0x08008134   0x0000000c   Code   RO            7    i.SX1276GetStatus   sx1276.o
    0x08008140   0x08008140   0x000001e4   Code   RO            8    i.SX1276GetTimeOnAir  sx1276.o
    0x08008324   0x08008324   0x00000004   Code   RO          916    i.SX1276GetWakeTime  sx1276mb1las.o
    0x08008328   0x08008328   0x0000008c   Code   RO            9    i.SX1276Init        sx1276.o
    0x080083b4   0x080083b4   0x00000054   Code   RO          917    i.SX1276IoDeInit    sx1276mb1las.o
    0x08008408   0x08008408   0x00000064   Code   RO          918    i.SX1276IoInit      sx1276mb1las.o
    0x0800846c   0x0800846c   0x00000048   Code   RO          919    i.SX1276IoIrqInit   sx1276mb1las.o
    0x080084b4   0x080084b4   0x0000004e   Code   RO           10    i.SX1276IsChannelFree  sx1276.o
    0x08008502   0x08008502   0x00000002   PAD
    0x08008504   0x08008504   0x0000027c   Code   RO           11    i.SX1276OnDio0Irq   sx1276.o
    0x08008780   0x08008780   0x000000d8   Code   RO           12    i.SX1276OnDio1Irq   sx1276.o
    0x08008858   0x08008858   0x000000b4   Code   RO           13    i.SX1276OnDio2Irq   sx1276.o
    0x0800890c   0x0800890c   0x00000054   Code   RO           14    i.SX1276OnDio3Irq   sx1276.o
    0x08008960   0x08008960   0x0000001c   Code   RO           15    i.SX1276OnDio4Irq   sx1276.o
    0x0800897c   0x0800897c   0x000000c8   Code   RO           17    i.SX1276OnTimeoutIrq  sx1276.o
    0x08008a44   0x08008a44   0x0000003e   Code   RO           18    i.SX1276Random      sx1276.o
    0x08008a82   0x08008a82   0x00000010   Code   RO           19    i.SX1276Read        sx1276.o
    0x08008a92   0x08008a92   0x00000042   Code   RO           20    i.SX1276ReadBuffer  sx1276.o
    0x08008ad4   0x08008ad4   0x0000000e   Code   RO           21    i.SX1276ReadFifo    sx1276.o
    0x08008ae2   0x08008ae2   0x00000002   PAD
    0x08008ae4   0x08008ae4   0x00000044   Code   RO           22    i.SX1276ReadRssi    sx1276.o
    0x08008b28   0x08008b28   0x00000050   Code   RO           23    i.SX1276Reset       sx1276.o
    0x08008b78   0x08008b78   0x000000f0   Code   RO           24    i.SX1276Send        sx1276.o
    0x08008c68   0x08008c68   0x0000001c   Code   RO          920    i.SX1276SetAntSw    sx1276mb1las.o
    0x08008c84   0x08008c84   0x00000044   Code   RO          921    i.SX1276SetAntSwLowPower  sx1276mb1las.o
    0x08008cc8   0x08008cc8   0x00000050   Code   RO           25    i.SX1276SetChannel  sx1276.o
    0x08008d18   0x08008d18   0x00000030   Code   RO           26    i.SX1276SetMaxPayloadLength  sx1276.o
    0x08008d48   0x08008d48   0x00000070   Code   RO           27    i.SX1276SetModem    sx1276.o
    0x08008db8   0x08008db8   0x0000005c   Code   RO           28    i.SX1276SetOpMode   sx1276.o
    0x08008e14   0x08008e14   0x00000024   Code   RO           29    i.SX1276SetPublicNetwork  sx1276.o
    0x08008e38   0x08008e38   0x000000a0   Code   RO          922    i.SX1276SetRfTxPower  sx1276mb1las.o
    0x08008ed8   0x08008ed8   0x000001fc   Code   RO           30    i.SX1276SetRx       sx1276.o
    0x080090d4   0x080090d4   0x00000288   Code   RO           31    i.SX1276SetRxConfig  sx1276.o
    0x0800935c   0x0800935c   0x00000024   Code   RO           32    i.SX1276SetSleep    sx1276.o
    0x08009380   0x08009380   0x00000024   Code   RO           33    i.SX1276SetStby     sx1276.o
    0x080093a4   0x080093a4   0x000000a4   Code   RO           34    i.SX1276SetTx       sx1276.o
    0x08009448   0x08009448   0x000001fc   Code   RO           35    i.SX1276SetTxConfig  sx1276.o
    0x08009644   0x08009644   0x0000007c   Code   RO           36    i.SX1276SetTxContinuousWave  sx1276.o
    0x080096c0   0x080096c0   0x00000002   Code   RO          923    i.SX1276SetXO       sx1276mb1las.o
    0x080096c2   0x080096c2   0x00000002   PAD
    0x080096c4   0x080096c4   0x00000038   Code   RO           37    i.SX1276StartCad    sx1276.o
    0x080096fc   0x080096fc   0x0000000c   Code   RO           38    i.SX1276Write       sx1276.o
    0x08009708   0x08009708   0x00000042   Code   RO           39    i.SX1276WriteBuffer  sx1276.o
    0x0800974a   0x0800974a   0x0000000e   Code   RO           40    i.SX1276WriteFifo   sx1276.o
    0x08009758   0x08009758   0x00000134   Code   RO         8067    i.ScheduleTx        loramac.o
    0x0800988c   0x0800988c   0x0000015c   Code   RO         4708    i.Send              main.o
    0x080099e8   0x080099e8   0x00000040   Code   RO         8068    i.Send              loramac.o
    0x08009a28   0x08009a28   0x000000c4   Code   RO         8069    i.SendFrameOnChannel  loramac.o
    0x08009aec   0x08009aec   0x00000054   Code   RO         8070    i.SetTxContinuousWave  loramac.o
    0x08009b40   0x08009b40   0x0000003c   Code   RO         8071    i.SetTxContinuousWave1  loramac.o
    0x08009b7c   0x08009b7c   0x00000248   Code   RO         5736    i.Store_Config      lora.o
    0x08009dc4   0x08009dc4   0x00000070   Code   RO         5737    i.Store_key         lora.o
    0x08009e34   0x08009e34   0x00000008   Code   RO         4967    i.SysTick_Handler   stm32l0xx_it.o
    0x08009e3c   0x08009e3c   0x0000008c   Code   RO         4862    i.SystemClock_Config  stm32l0xx_hw.o
    0x08009ec8   0x08009ec8   0x00000054   Code   RO         1003    i.SystemInit        system_stm32l0xx.o
    0x08009f1c   0x08009f1c   0x0000004c   Code   RO          686    i.TIM2_Init         ult.o
    0x08009f68   0x08009f68   0x00000060   Code   RO         3042    i.TIM_Base_SetConfig  stm32l0xx_hal_tim.o
    0x08009fc8   0x08009fc8   0x0000000c   Code   RO         8493    i.TimerGetCurrentTime  timeserver.o
    0x08009fd4   0x08009fd4   0x00000018   Code   RO         8494    i.TimerGetElapsedTime  timeserver.o
    0x08009fec   0x08009fec   0x0000000e   Code   RO         8495    i.TimerInit         timeserver.o
    0x08009ffa   0x08009ffa   0x00000002   PAD
    0x08009ffc   0x08009ffc   0x0000001c   Code   RO         8496    i.TimerInsertNewHeadTimer  timeserver.o
    0x0800a018   0x0800a018   0x00000078   Code   RO         8497    i.TimerIrqHandler   timeserver.o
    0x0800a090   0x0800a090   0x0000002c   Code   RO         8499    i.TimerSetTimeout   timeserver.o
    0x0800a0bc   0x0800a0bc   0x00000022   Code   RO         8500    i.TimerSetValue     timeserver.o
    0x0800a0de   0x0800a0de   0x00000002   PAD
    0x0800a0e0   0x0800a0e0   0x00000070   Code   RO         8501    i.TimerStart        timeserver.o
    0x0800a150   0x0800a150   0x00000060   Code   RO         8502    i.TimerStop         timeserver.o
    0x0800a1b0   0x0800a1b0   0x00000024   Code   RO         8636    i.TraceInit         trace.o
    0x0800a1d4   0x0800a1d4   0x00000088   Code   RO         8637    i.TraceSend         trace.o
    0x0800a25c   0x0800a25c   0x00000048   Code   RO         8638    i.Trace_TxCpltCallback  trace.o
    0x0800a2a4   0x0800a2a4   0x000000ca   Code   RO         1310    i.UART_AdvFeatureConfig  stm32l0xx_hal_uart.o
    0x0800a36e   0x0800a36e   0x00000002   PAD
    0x0800a370   0x0800a370   0x00000060   Code   RO         1311    i.UART_CheckIdleState  stm32l0xx_hal_uart.o
    0x0800a3d0   0x0800a3d0   0x00000014   Code   RO         1312    i.UART_DMAAbortOnError  stm32l0xx_hal_uart.o
    0x0800a3e4   0x0800a3e4   0x0000004a   Code   RO         1313    i.UART_DMAError     stm32l0xx_hal_uart.o
    0x0800a42e   0x0800a42e   0x00000030   Code   RO         1318    i.UART_DMATransmitCplt  stm32l0xx_hal_uart.o
    0x0800a45e   0x0800a45e   0x0000000a   Code   RO         1320    i.UART_DMATxHalfCplt  stm32l0xx_hal_uart.o
    0x0800a468   0x0800a468   0x0000001e   Code   RO         1322    i.UART_EndRxTransfer  stm32l0xx_hal_uart.o
    0x0800a486   0x0800a486   0x00000012   Code   RO         1323    i.UART_EndTxTransfer  stm32l0xx_hal_uart.o
    0x0800a498   0x0800a498   0x0000007e   Code   RO         1324    i.UART_Receive_IT   stm32l0xx_hal_uart.o
    0x0800a516   0x0800a516   0x00000002   PAD
    0x0800a518   0x0800a518   0x00000230   Code   RO         1325    i.UART_SetConfig    stm32l0xx_hal_uart.o
    0x0800a748   0x0800a748   0x00000066   Code   RO         1326    i.UART_Transmit_IT  stm32l0xx_hal_uart.o
    0x0800a7ae   0x0800a7ae   0x00000062   Code   RO         1327    i.UART_WaitOnFlagUntilTimeout  stm32l0xx_hal_uart.o
    0x0800a810   0x0800a810   0x00000134   Code   RO          687    i.ULT_test          ult.o
    0x0800a944   0x0800a944   0x00000048   Code   RO         8072    i.ValidatePayloadLength  loramac.o
    0x0800a98c   0x0800a98c   0x00000098   Code   RO         7199    i.VerifyTxFreq      regioneu868.o
    0x0800aa24   0x0800aa24   0x0000002c   Code   RO         9093    i.__0vsnprintf      mc_p.l(printfa.o)
    0x0800aa50   0x0800aa50   0x0000002e   Code   RO         9184    i.__ARM_clz         mf_p.l(depilogue.o)
    0x0800aa7e   0x0800aa7e   0x00000030   Code   RO         4647    i.__ARM_common_ll_muluu  hw_rtc.o
    0x0800aaae   0x0800aaae   0x0000001a   Code   RO          238    i.__ARM_common_switch8  sx1276.o
    0x0800aac8   0x0800aac8   0x0000000e   Code   RO         9198    i.__scatterload_copy  mc_p.l(handlers.o)
    0x0800aad6   0x0800aad6   0x00000002   Code   RO         9199    i.__scatterload_null  mc_p.l(handlers.o)
    0x0800aad8   0x0800aad8   0x0000000e   Code   RO         9200    i.__scatterload_zeroinit  mc_p.l(handlers.o)
    0x0800aae6   0x0800aae6   0x00000002   PAD
    0x0800aae8   0x0800aae8   0x00000174   Code   RO         9095    i._fp_digits        mc_p.l(printfa.o)
    0x0800ac5c   0x0800ac5c   0x000006ec   Code   RO         9096    i._printf_core      mc_p.l(printfa.o)
    0x0800b348   0x0800b348   0x00000020   Code   RO         9097    i._printf_post_padding  mc_p.l(printfa.o)
    0x0800b368   0x0800b368   0x0000002c   Code   RO         9098    i._printf_pre_padding  mc_p.l(printfa.o)
    0x0800b394   0x0800b394   0x00000016   Code   RO         9099    i._snputc           mc_p.l(printfa.o)
    0x0800b3aa   0x0800b3aa   0x00000054   Code   RO         8732    i.aes_encrypt       aes.o
    0x0800b3fe   0x0800b3fe   0x00000002   PAD
    0x0800b400   0x0800b400   0x000000fc   Code   RO         8733    i.aes_set_key       aes.o
    0x0800b4fc   0x0800b4fc   0x00000022   Code   RO         5153    i.at_ADR_get        at.o
    0x0800b51e   0x0800b51e   0x0000002a   Code   RO         5154    i.at_ADR_set        at.o
    0x0800b548   0x0800b548   0x0000000e   Code   RO         5155    i.at_AppEUI_get     at.o
    0x0800b556   0x0800b556   0x00000002   PAD
    0x0800b558   0x0800b558   0x00000064   Code   RO         5156    i.at_AppEUI_set     at.o
    0x0800b5bc   0x0800b5bc   0x0000000e   Code   RO         5157    i.at_AppKey_get     at.o
    0x0800b5ca   0x0800b5ca   0x0000001c   Code   RO         5158    i.at_AppKey_set     at.o
    0x0800b5e6   0x0800b5e6   0x0000000e   Code   RO         5159    i.at_AppSKey_get    at.o
    0x0800b5f4   0x0800b5f4   0x0000001c   Code   RO         5160    i.at_AppSKey_set    at.o
    0x0800b610   0x0800b610   0x0000000e   Code   RO         5163    i.at_CHS_get        at.o
    0x0800b61e   0x0800b61e   0x00000002   PAD
    0x0800b620   0x0800b620   0x00000038   Code   RO         5164    i.at_CHS_set        at.o
    0x0800b658   0x0800b658   0x00000024   Code   RO         5165    i.at_DataRate_get   at.o
    0x0800b67c   0x0800b67c   0x00000028   Code   RO         5166    i.at_DataRate_set   at.o
    0x0800b6a4   0x0800b6a4   0x0000000a   Code   RO         5167    i.at_DevAddr_get    at.o
    0x0800b6ae   0x0800b6ae   0x0000001a   Code   RO         5168    i.at_DevAddr_set    at.o
    0x0800b6c8   0x0800b6c8   0x0000000e   Code   RO         5169    i.at_DevEUI_get     at.o
    0x0800b6d6   0x0800b6d6   0x00000002   PAD
    0x0800b6d8   0x0800b6d8   0x00000064   Code   RO         5170    i.at_DevEUI_set     at.o
    0x0800b73c   0x0800b73c   0x00000030   Code   RO         5171    i.at_DeviceClass_get  at.o
    0x0800b76c   0x0800b76c   0x0000002a   Code   RO         5172    i.at_DeviceClass_set  at.o
    0x0800b796   0x0800b796   0x00000020   Code   RO         5173    i.at_DownlinkCounter_get  at.o
    0x0800b7b6   0x0800b7b6   0x00000002   PAD
    0x0800b7b8   0x0800b7b8   0x00000028   Code   RO         5174    i.at_DownlinkCounter_set  at.o
    0x0800b7e0   0x0800b7e0   0x0000002c   Code   RO         5175    i.at_DutyCycle_get  at.o
    0x0800b80c   0x0800b80c   0x0000001e   Code   RO         5176    i.at_DutyCycle_set  at.o
    0x0800b82a   0x0800b82a   0x00000002   PAD
    0x0800b82c   0x0800b82c   0x00000028   Code   RO         5177    i.at_FDR            at.o
    0x0800b854   0x0800b854   0x0000000a   Code   RO         5178    i.at_Join           at.o
    0x0800b85e   0x0800b85e   0x00000020   Code   RO         5179    i.at_JoinAcceptDelay1_get  at.o
    0x0800b87e   0x0800b87e   0x00000002   PAD
    0x0800b880   0x0800b880   0x00000028   Code   RO         5180    i.at_JoinAcceptDelay1_set  at.o
    0x0800b8a8   0x0800b8a8   0x00000020   Code   RO         5181    i.at_JoinAcceptDelay2_get  at.o
    0x0800b8c8   0x0800b8c8   0x00000028   Code   RO         5182    i.at_JoinAcceptDelay2_set  at.o
    0x0800b8f0   0x0800b8f0   0x00000014   Code   RO         5183    i.at_MOD_get        at.o
    0x0800b904   0x0800b904   0x0000002c   Code   RO         5184    i.at_MOD_set        at.o
    0x0800b930   0x0800b930   0x00000054   Code   RO         5185    i.at_NetworkID_get  at.o
    0x0800b984   0x0800b984   0x00000022   Code   RO         5186    i.at_NetworkID_set  at.o
    0x0800b9a6   0x0800b9a6   0x00000014   Code   RO         5187    i.at_NetworkJoinMode_get  at.o
    0x0800b9ba   0x0800b9ba   0x0000001e   Code   RO         5188    i.at_NetworkJoinMode_set  at.o
    0x0800b9d8   0x0800b9d8   0x00000028   Code   RO         5189    i.at_NetworkJoinStatus  at.o
    0x0800ba00   0x0800ba00   0x0000000e   Code   RO         5190    i.at_NwkSKey_get    at.o
    0x0800ba0e   0x0800ba0e   0x0000001c   Code   RO         5191    i.at_NwkSKey_set    at.o
    0x0800ba2a   0x0800ba2a   0x00000022   Code   RO         5192    i.at_PublicNetwork_get  at.o
    0x0800ba4c   0x0800ba4c   0x0000002a   Code   RO         5193    i.at_PublicNetwork_set  at.o
    0x0800ba76   0x0800ba76   0x00000002   PAD
    0x0800ba78   0x0800ba78   0x00000044   Code   RO         5194    i.at_Receive        at.o
    0x0800babc   0x0800babc   0x00000050   Code   RO         5195    i.at_ReceiveBinary  at.o
    0x0800bb0c   0x0800bb0c   0x00000020   Code   RO         5196    i.at_Rx1Delay_get   at.o
    0x0800bb2c   0x0800bb2c   0x00000028   Code   RO         5197    i.at_Rx1Delay_set   at.o
    0x0800bb54   0x0800bb54   0x00000022   Code   RO         5198    i.at_Rx2DataRate_get  at.o
    0x0800bb76   0x0800bb76   0x00000002   PAD
    0x0800bb78   0x0800bb78   0x00000040   Code   RO         5199    i.at_Rx2DataRate_set  at.o
    0x0800bbb8   0x0800bbb8   0x00000020   Code   RO         5200    i.at_Rx2Delay_get   at.o
    0x0800bbd8   0x0800bbd8   0x00000028   Code   RO         5201    i.at_Rx2Delay_set   at.o
    0x0800bc00   0x0800bc00   0x00000020   Code   RO         5202    i.at_Rx2Frequency_get  at.o
    0x0800bc20   0x0800bc20   0x0000003c   Code   RO         5203    i.at_Rx2Frequency_set  at.o
    0x0800bc5c   0x0800bc5c   0x00000098   Code   RO         5204    i.at_Send           at.o
    0x0800bcf4   0x0800bcf4   0x000000cc   Code   RO         5205    i.at_SendBinary     at.o
    0x0800bdc0   0x0800bdc0   0x00000014   Code   RO         5206    i.at_TDC_get        at.o
    0x0800bdd4   0x0800bdd4   0x00000020   Code   RO         5207    i.at_TDC_set        at.o
    0x0800bdf4   0x0800bdf4   0x00000024   Code   RO         5208    i.at_TransmitPower_get  at.o
    0x0800be18   0x0800be18   0x0000002c   Code   RO         5209    i.at_TransmitPower_set  at.o
    0x0800be44   0x0800be44   0x00000020   Code   RO         5210    i.at_UplinkCounter_get  at.o
    0x0800be64   0x0800be64   0x00000028   Code   RO         5211    i.at_UplinkCounter_set  at.o
    0x0800be8c   0x0800be8c   0x00000014   Code   RO         5212    i.at_ack_get        at.o
    0x0800bea0   0x0800bea0   0x0000001e   Code   RO         5213    i.at_ack_set        at.o
    0x0800bebe   0x0800bebe   0x0000000e   Code   RO         5214    i.at_application_port_get  at.o
    0x0800becc   0x0800becc   0x00000028   Code   RO         5215    i.at_application_port_set  at.o
    0x0800bef4   0x0800bef4   0x00000014   Code   RO         5216    i.at_isack_get      at.o
    0x0800bf08   0x0800bf08   0x00000004   Code   RO         5217    i.at_reset          at.o
    0x0800bf0c   0x0800bf0c   0x00000004   Code   RO         5218    i.at_return_error   at.o
    0x0800bf10   0x0800bf10   0x0000000e   Code   RO         5220    i.at_rssi_get       at.o
    0x0800bf1e   0x0800bf1e   0x0000000e   Code   RO         5221    i.at_snr_get        at.o
    0x0800bf2c   0x0800bf2c   0x00000014   Code   RO         5222    i.at_symbtimeout1LSB_get  at.o
    0x0800bf40   0x0800bf40   0x0000002c   Code   RO         5223    i.at_symbtimeout1LSB_set  at.o
    0x0800bf6c   0x0800bf6c   0x00000014   Code   RO         5224    i.at_symbtimeout2LSB_get  at.o
    0x0800bf80   0x0800bf80   0x0000002c   Code   RO         5225    i.at_symbtimeout2LSB_set  at.o
    0x0800bfac   0x0800bfac   0x0000001c   Code   RO         5226    i.at_version_get    at.o
    0x0800bfc8   0x0800bfc8   0x000000c8   Code   RO         8821    i.ceil              m_ps.l(ceil.o)
    0x0800c090   0x0800c090   0x00000010   Code   RO         8338    i.certif_DownLinkIncrement  lora-test.o
    0x0800c0a0   0x0800c0a0   0x00000014   Code   RO         8339    i.certif_linkCheck  lora-test.o
    0x0800c0b4   0x0800c0b4   0x0000000c   Code   RO         8340    i.certif_running    lora-test.o
    0x0800c0c0   0x0800c0c0   0x00000194   Code   RO         8341    i.certif_rx         lora-test.o
    0x0800c254   0x0800c254   0x000000a4   Code   RO         8342    i.certif_tx         lora-test.o
    0x0800c2f8   0x0800c2f8   0x0000001c   Code   RO         5672    i.com_error         command.o
    0x0800c314   0x0800c314   0x00000084   Code   RO         8734    i.copy_and_key      aes.o
    0x0800c398   0x0800c398   0x00000042   Code   RO         8735    i.copy_block        aes.o
    0x0800c3da   0x0800c3da   0x00000002   PAD
    0x0800c3dc   0x0800c3dc   0x0000000c   Code   RO         5738    i.customize_freq1_get  lora.o
    0x0800c3e8   0x0800c3e8   0x0000000c   Code   RO         5739    i.customize_freq1_set  lora.o
    0x0800c3f4   0x0800c3f4   0x000000c8   Code   RO         8825    i.floor             m_ps.l(floor.o)
    0x0800c4bc   0x0800c4bc   0x00000064   Code   RO         5742    i.key_printf        lora.o
    0x0800c520   0x0800c520   0x00000008   Code   RO         5743    i.lora_config_appeui_get  lora.o
    0x0800c528   0x0800c528   0x00000014   Code   RO         5744    i.lora_config_appeui_set  lora.o
    0x0800c53c   0x0800c53c   0x00000008   Code   RO         5745    i.lora_config_appkey_get  lora.o
    0x0800c544   0x0800c544   0x00000014   Code   RO         5746    i.lora_config_appkey_set  lora.o
    0x0800c558   0x0800c558   0x0000000c   Code   RO         5747    i.lora_config_application_port_get  lora.o
    0x0800c564   0x0800c564   0x0000000c   Code   RO         5748    i.lora_config_application_port_set  lora.o
    0x0800c570   0x0800c570   0x00000008   Code   RO         5749    i.lora_config_appskey_get  lora.o
    0x0800c578   0x0800c578   0x00000014   Code   RO         5750    i.lora_config_appskey_set  lora.o
    0x0800c58c   0x0800c58c   0x0000001c   Code   RO         5751    i.lora_config_devaddr_get  lora.o
    0x0800c5a8   0x0800c5a8   0x0000000c   Code   RO         5752    i.lora_config_devaddr_set  lora.o
    0x0800c5b4   0x0800c5b4   0x00000008   Code   RO         5753    i.lora_config_deveui_get  lora.o
    0x0800c5bc   0x0800c5bc   0x00000014   Code   RO         5754    i.lora_config_deveui_set  lora.o
    0x0800c5d0   0x0800c5d0   0x0000000c   Code   RO         5755    i.lora_config_duty_cycle_get  lora.o
    0x0800c5dc   0x0800c5dc   0x00000018   Code   RO         5756    i.lora_config_duty_cycle_set  lora.o
    0x0800c5f4   0x0800c5f4   0x00000018   Code   RO         5757    i.lora_config_isack_get  lora.o
    0x0800c60c   0x0800c60c   0x00000008   Code   RO         5758    i.lora_config_nwkskey_get  lora.o
    0x0800c614   0x0800c614   0x00000014   Code   RO         5759    i.lora_config_nwkskey_set  lora.o
    0x0800c628   0x0800c628   0x0000000c   Code   RO         5760    i.lora_config_otaa_get  lora.o
    0x0800c634   0x0800c634   0x0000000c   Code   RO         5761    i.lora_config_otaa_set  lora.o
    0x0800c640   0x0800c640   0x0000000c   Code   RO         5762    i.lora_config_reqack_get  lora.o
    0x0800c64c   0x0800c64c   0x0000000c   Code   RO         5763    i.lora_config_reqack_set  lora.o
    0x0800c658   0x0800c658   0x0000000c   Code   RO         5764    i.lora_config_rssi_get  lora.o
    0x0800c664   0x0800c664   0x0000000c   Code   RO         5765    i.lora_config_snr_get  lora.o
    0x0800c670   0x0800c670   0x0000000c   Code   RO         5767    i.lora_config_tx_datarate_set  lora.o
    0x0800c67c   0x0800c67c   0x0000003c   Code   RO         4709    i.main              main.o
    0x0800c6b8   0x0800c6b8   0x00000016   Code   RO         8578    i.memcpy1           utilities.o
    0x0800c6ce   0x0800c6ce   0x0000001a   Code   RO         8579    i.memcpyr           utilities.o
    0x0800c6e8   0x0800c6e8   0x00000012   Code   RO         8580    i.memset1           utilities.o
    0x0800c6fa   0x0800c6fa   0x00000002   PAD
    0x0800c6fc   0x0800c6fc   0x00000218   Code   RO         8736    i.mix_sub_columns   aes.o
    0x0800c914   0x0800c914   0x00000010   Code   RO         8073    i.onNetworkJointimesout  loramac.o
    0x0800c924   0x0800c924   0x00000118   Code   RO         5673    i.parse_cmd         command.o
    0x0800ca3c   0x0800ca3c   0x0000004c   Code   RO         5227    i.print_16_02x      at.o
    0x0800ca88   0x0800ca88   0x00000058   Code   RO         5228    i.print_8_02x       at.o
    0x0800cae0   0x0800cae0   0x0000001c   Code   RO         5229    i.print_d           at.o
    0x0800cafc   0x0800cafc   0x0000001c   Code   RO         5230    i.print_u           at.o
    0x0800cb18   0x0800cb18   0x00000030   Code   RO          638    i.pwr_control_IoDeInit  pwr_out.o
    0x0800cb48   0x0800cb48   0x00000040   Code   RO          639    i.pwr_control_IoInit  pwr_out.o
    0x0800cb88   0x0800cb88   0x0000002c   Code   RO         8581    i.rand1             utilities.o
    0x0800cbb4   0x0800cbb4   0x00000016   Code   RO         8582    i.randr             utilities.o
    0x0800cbca   0x0800cbca   0x0000007e   Code   RO         5768    i.read_data         lora.o
    0x0800cc48   0x0800cc48   0x00000018   Code   RO         5769    i.region_printf     lora.o
    0x0800cc60   0x0800cc60   0x0000009c   Code   RO         8828    i.round             m_ps.l(round.o)
    0x0800ccfc   0x0800ccfc   0x00000014   Code   RO         4710    i.send_exti         main.o
    0x0800cd10   0x0800cd10   0x00000024   Code   RO         5231    i.set_at_receive    at.o
    0x0800cd34   0x0800cd34   0x00000068   Code   RO         8737    i.shift_sub_rows    aes.o
    0x0800cd9c   0x0800cd9c   0x0000000c   Code   RO         8583    i.srand1            utilities.o
    0x0800cda8   0x0800cda8   0x0000004c   Code   RO         5232    i.sscanf_16_hhx     at.o
    0x0800cdf4   0x0800cdf4   0x00000028   Code   RO         5233    i.sscanf_uint32_as_hhx  at.o
    0x0800ce1c   0x0800ce1c   0x000000c8   Code   RO         5770    i.store_data        lora.o
    0x0800cee4   0x0800cee4   0x00000014   Code   RO         6011    i.tiny_sscanf       tiny_sscanf.o
    0x0800cef8   0x0800cef8   0x00000254   Code   RO         6012    i.tiny_vfscanf      tiny_sscanf.o
    0x0800d14c   0x0800d14c   0x00000020   Code   RO         5234    i.translate_status  at.o
    0x0800d16c   0x0800d16c   0x00000010   Code   RO         5066    i.vcom_DMA_TX_IRQHandler  vcom.o
    0x0800d17c   0x0800d17c   0x00000010   Code   RO         5068    i.vcom_IRQHandler   vcom.o
    0x0800d18c   0x0800d18c   0x0000003c   Code   RO         5069    i.vcom_Init         vcom.o
    0x0800d1c8   0x0800d1c8   0x00000060   Code   RO         5071    i.vcom_IoInit       vcom.o
    0x0800d228   0x0800d228   0x0000002c   Code   RO         5072    i.vcom_ReceiveInit  vcom.o
    0x0800d254   0x0800d254   0x00000014   Code   RO         5073    i.vcom_Trace        vcom.o
    0x0800d268   0x0800d268   0x00000082   Code   RO         8738    i.xor_block         aes.o
    0x0800d2ea   0x0800d2ea   0x00000002   PAD
    0x0800d2ec   0x0800d2ec   0x000000e0   Data   RO           42    .constdata          sx1276.o
    0x0800d3cc   0x0800d3cc   0x00000068   Data   RO          924    .constdata          sx1276mb1las.o
    0x0800d434   0x0800d434   0x00000019   Data   RO         1004    .constdata          system_stm32l0xx.o
    0x0800d44d   0x0800d44d   0x00000008   Data   RO         1005    .constdata          system_stm32l0xx.o
    0x0800d455   0x0800d455   0x00000018   Data   RO         4557    .constdata          hw_rtc.o
    0x0800d46d   0x0800d46d   0x00000003   PAD
    0x0800d470   0x0800d470   0x00000410   Data   RO         5675    .constdata          command.o
    0x0800d880   0x0800d880   0x00000068   Data   RO         7201    .constdata          regioneu868.o
    0x0800d8e8   0x0800d8e8   0x00000010   Data   RO         8075    .constdata          loramac.o
    0x0800d8f8   0x0800d8f8   0x00000300   Data   RO         8739    .constdata          aes.o
    0x0800dbf8   0x0800dbf8   0x000000a4   Data   RO         5237    .conststring        at.o
    0x0800dc9c   0x0800dc9c   0x00000c72   Data   RO         5676    .conststring        command.o
    0x0800e90e   0x0800e90e   0x00000002   PAD
    0x0800e910   0x0800e910   0x00000020   Data   RO         9196    Region$$Table       anon$$obj.o


    Execution Region RW_IRAM1 (Exec base: 0x20000000, Load base: 0x0800e930, Size: 0x00001648, Max: 0x00005000, ABSOLUTE, COMPRESSED[0x00000088])

    Exec Addr    Load Addr    Size         Type   Attr      Idx    E Section Name        Object

    0x20000000   COMPRESSED   0x00000020   Data   RW           43    .data               sx1276.o
    0x20000020   COMPRESSED   0x00000008   Data   RW          431    .data               flash_eraseprogram.o
    0x20000028   COMPRESSED   0x0000001c   Data   RW          925    .data               sx1276mb1las.o
    0x20000044   COMPRESSED   0x00000004   Data   RW         1006    .data               system_stm32l0xx.o
    0x20000048   COMPRESSED   0x00000004   Data   RW         2044    .data               stm32l0xx_hal.o
    0x2000004c   COMPRESSED   0x00000004   Data   RW         4411    .data               bsp.o
    0x20000050   COMPRESSED   0x00000004   Data   RW         4558    .data               hw_rtc.o
    0x20000054   COMPRESSED   0x00000038   Data   RW         4713    .data               main.o
    0x2000008c   COMPRESSED   0x00000002   Data   RW         4864    .data               stm32l0xx_hw.o
    0x2000008e   COMPRESSED   0x00000002   PAD
    0x20000090   COMPRESSED   0x0000000c   Data   RW         5075    .data               vcom.o
    0x2000009c   COMPRESSED   0x00000014   Data   RW         5238    .data               at.o
    0x200000b0   COMPRESSED   0x00000008   Data   RW         5677    .data               command.o
    0x200000b8   COMPRESSED   0x00000070   Data   RW         5772    .data               lora.o
    0x20000128   COMPRESSED   0x00000054   Data   RW         7202    .data               regioneu868.o
    0x2000017c   COMPRESSED   0x0000006c   Data   RW         8076    .data               loramac.o
    0x200001e8   COMPRESSED   0x00000020   Data   RW         8285    .data               loramaccrypto.o
    0x20000208   COMPRESSED   0x00000002   Data   RW         8344    .data               lora-test.o
    0x2000020a   COMPRESSED   0x00000002   PAD
    0x2000020c   COMPRESSED   0x00000008   Data   RW         8427    .data               low_power_manager.o
    0x20000214   COMPRESSED   0x00000004   Data   RW         8503    .data               timeserver.o
    0x20000218   COMPRESSED   0x00000004   Data   RW         8584    .data               utilities.o
    0x2000021c   COMPRESSED   0x00000001   Data   RW         8640    .data               trace.o
    0x2000021d   COMPRESSED   0x00000003   PAD
    0x20000220        -       0x000001a4   Zero   RW           41    .bss                sx1276.o
    0x200003c4        -       0x0000000c   Zero   RW          430    .bss                flash_eraseprogram.o
    0x200003d0        -       0x00000038   Zero   RW          688    .bss                ult.o
    0x20000408        -       0x00000018   Zero   RW         4319    .bss                stm32l0xx_hal_flash.o
    0x20000420        -       0x00000040   Zero   RW         4494    .bss                hw_gpio.o
    0x20000460        -       0x00000068   Zero   RW         4556    .bss                hw_rtc.o
    0x200004c8        -       0x00000058   Zero   RW         4663    .bss                hw_spi.o
    0x20000520        -       0x00000040   Zero   RW         4711    .bss                main.o
    0x20000560        -       0x00000014   Zero   RW         4712    .bss                main.o
    0x20000574        -       0x00000060   Zero   RW         4863    .bss                stm32l0xx_hw.o
    0x200005d4        -       0x000000b0   Zero   RW         5074    .bss                vcom.o
    0x20000684        -       0x00000040   Zero   RW         5235    .bss                at.o
    0x200006c4        -       0x000000ff   Zero   RW         5236    .bss                at.o
    0x200007c3        -       0x00000080   Zero   RW         5674    .bss                command.o
    0x20000843   COMPRESSED   0x00000001   PAD
    0x20000844        -       0x00000128   Zero   RW         5771    .bss                lora.o
    0x2000096c        -       0x000000c0   Zero   RW         7200    .bss                regioneu868.o
    0x20000a2c        -       0x00000470   Zero   RW         8074    .bss                loramac.o
    0x20000e9c        -       0x0000022c   Zero   RW         8284    .bss                loramaccrypto.o
    0x200010c8        -       0x0000005e   Zero   RW         8343    .bss                lora-test.o
    0x20001126   COMPRESSED   0x00000002   PAD
    0x20001128        -       0x00000120   Zero   RW         8639    .bss                trace.o
    0x20001248        -       0x00000400   Zero   RW         4398    STACK               startup_stm32l072xx.o


==============================================================================

Image component sizes


      Code (inc. data)   RO Data    RW Data    ZI Data      Debug   Object Name

      1304         12        768          0          0      14804   aes.o
      3180        536        164         20        319      53337   at.o
       184         24          0          4          0       3065   bsp.o
       554          0          0          0          0       4685   cmac.o
       440         58       4226          8        128       4274   command.o
        98          4          0          0          0       1499   debug.o
         8          0          0          0          0       1210   delay.o
       612         50          0          0          0       7817   ds18b20.o
       248        102          0          8         12       4226   flash_eraseprogram.o
       144         20          0          0          0       2007   gpio_exti.o
       234         26          0          0         64       4145   hw_gpio.o
       938         98         24          4        104      12525   hw_rtc.o
       372         24          0          0         88       3411   hw_spi.o
       624         52          0          2         94       7583   lora-test.o
      2964        522          0        112        296      27518   lora.o
      7648        586         16        108       1136      48797   loramac.o
       604         42          0         32        556       8199   loramaccrypto.o
       178         22          0          8          0       5702   low_power_manager.o
       888        180          0         56         84      24651   main.o
        76         10          0          0          0       1285   oil_float.o
       112         14          0          0          0       1956   pwr_out.o
       918          8          0          0          0       6222   queue.o
       426          0          0          0          0      30313   region.o
         0          0          0          0          0      13732   regionas923.o
         0          0          0          0          0       1248   regionau915.o
      1106         36          0          0          0      15902   regioncommon.o
      2790        310        104         84        192      28804   regioneu868.o
        28          8        192          0       1024        688   startup_stm32l072xx.o
       108         30          0          4          0       5020   stm32l0xx_hal.o
      1026         36          0          0          0       7564   stm32l0xx_hal_adc.o
       170          0          0          0          0       1710   stm32l0xx_hal_adc_ex.o
        96         14          0          0          0      10380   stm32l0xx_hal_cortex.o
      1164         20          0          0          0       5238   stm32l0xx_hal_dma.o
       396         54          0          0         24       4370   stm32l0xx_hal_flash.o
       164         24          0          0          0       3149   stm32l0xx_hal_flash_ex.o
       434         38          0          0          0       4206   stm32l0xx_hal_gpio.o
       214         14          0          0          0       4692   stm32l0xx_hal_msp.o
       116         22          0          0          0       2122   stm32l0xx_hal_pwr.o
        32          8          0          0          0       1289   stm32l0xx_hal_pwr_ex.o
      1772        114          0          0          0       7484   stm32l0xx_hal_rcc.o
       844         56          0          0          0       3693   stm32l0xx_hal_rcc_ex.o
      1514         26          0          0          0      10804   stm32l0xx_hal_rtc.o
        60          0          0          0          0       1363   stm32l0xx_hal_rtc_ex.o
      1008          0          0          0          0       4811   stm32l0xx_hal_spi.o
       150         14          0          0          0       3539   stm32l0xx_hal_tim.o
      2132        106          0          0          0      16096   stm32l0xx_hal_uart.o
       196          4          0          0          0       3136   stm32l0xx_hal_uart_ex.o
       856        128          0          2         96      10444   stm32l0xx_hw.o
       190         10          0          0          0       5918   stm32l0xx_it.o
      5394        356        224         32        420     489232   sx1276.o
       534         52        104         28          0      13369   sx1276mb1las.o
        84         18         33          4          0       1815   system_stm32l0xx.o
       484         18          0          4          0       8675   timeserver.o
       616         22          0          0          0       4586   tiny_sscanf.o
       244         28          0          1        288       4691   trace.o
       508        132          0          0         56       3728   ult.o
       144         24          0          4          0       5091   utilities.o
       476         68          0         12        176       6329   vcom.o

    ----------------------------------------------------------------------
     47884       4180       5892        544       5160     994149   Object Totals
         0          0         32          0          0          0   (incl. Generated)
        80          0          5          7          3          0   (incl. Padding)

    ----------------------------------------------------------------------

      Code (inc. data)   RO Data    RW Data    ZI Data      Debug   Library Member Name

       200         20          0          0          0         76   ceil.o
       200         20          0          0          0         76   floor.o
       156         14          0          0          0         84   round.o
        86          0          0          0          0          0   __dczerorl2.o
         0          0          0          0          0          0   entry.o
         0          0          0          0          0          0   entry10a.o
         0          0          0          0          0          0   entry11a.o
         8          4          0          0          0          0   entry2.o
         4          0          0          0          0          0   entry5.o
         0          0          0          0          0          0   entry7b.o
         0          0          0          0          0          0   entry8b.o
         8          4          0          0          0          0   entry9a.o
        30          0          0          0          0          0   handlers.o
        40          0          0          0          0         72   idiv.o
        36          8          0          0          0         68   init.o
         0          0          0          0          0          0   iusefp.o
       122          0          0          0          0         84   llmul.o
        32          0          0          0          0         68   llshl.o
        38          0          0          0          0         68   llsshr.o
        34          0          0          0          0         68   llushr.o
        36          0          0          0          0         60   memcpya.o
        36          0          0          0          0        100   memseta.o
      2286         94          0          0          0        460   printfa.o
        28          0          0          0          0         68   strcmp.o
        14          0          0          0          0         60   strlen.o
        30          0          0          0          0         72   strncmp.o
        44          0          0          0          0         72   uidiv.o
        96          0          0          0          0         84   uldiv.o
        20          0          0          0          0         60   uread4.o
        40          2          0          0          0         68   cdcmple.o
        40          2          0          0          0         68   cdrcmple.o
        56          0          0          0          0         68   d2f.o
       356          4          0          0          0        140   dadd.o
       240          6          0          0          0         84   ddiv.o
       236          0          0          0          0        216   depilogue.o
        72         10          0          0          0         72   dfixi.o
        60         10          0          0          0         68   dfixui.o
        64         10          0          0          0         68   dfixul.o
        40          6          0          0          0         68   dflti.o
        28          4          0          0          0         68   dfltui.o
       208          6          0          0          0         88   dmul.o
       124         10          0          0          0         76   drnd.o
        44          0          0          0          0         72   dscalb.o
        40          0          0          0          0         60   f2d.o
       178          0          0          0          0        108   fadd.o
       124          0          0          0          0         72   fdiv.o
       130          0          0          0          0        144   fepilogue.o
        50          0          0          0          0         60   ffixi.o
        40          0          0          0          0         60   ffixui.o
        22          0          0          0          0         68   fflti.o
        14          0          0          0          0         68   ffltui.o
       122          0          0          0          0         72   fmul.o

    ----------------------------------------------------------------------
      5920        234          0          0          0       3636   Library Totals
         8          0          0          0          0          0   (incl. Padding)

    ----------------------------------------------------------------------

      Code (inc. data)   RO Data    RW Data    ZI Data      Debug   Library Name

       556         54          0          0          0        236   m_ps.l
      3028        110          0          0          0       1464   mc_p.l
      2328         70          0          0          0       1936   mf_p.l

    ----------------------------------------------------------------------
      5920        234          0          0          0       3636   Library Totals

    ----------------------------------------------------------------------

==============================================================================


      Code (inc. data)   RO Data    RW Data    ZI Data      Debug   

     53804       4414       5892        544       5160     973837   Grand Totals
     53804       4414       5892        136       5160     973837   ELF Image Totals (compressed)
     53804       4414       5892        136          0          0   ROM Totals

==============================================================================

    Total RO  Size (Code + RO Data)                59696 (  58.30kB)
    Total RW  Size (RW Data + ZI Data)              5704 (   5.57kB)
    Total ROM Size (Code + RO Data + RW Data)      59832 (  58.43kB)

==============================================================================

