<html>
<body>
<pre>
<h1>µVision Build Log</h1>
<h2>Tool Versions:</h2>
IDE-Version: µVision V5.25.2.0
Copyright (C) 2018 ARM Ltd and ARM Germany GmbH. All rights reserved.
License Information: Niall Rayner, N/A, LIC=EE774-FV1KQ-PQKH2-M6Y60-PS14X-VRYUS
 
Tool Versions:
Toolchain:       MDK-ARM Cortex-M0/M0+ 256K for ST  Version: 5.25.2.0
Toolchain Path:  C:\Keil_v5\ARM\ARMCC\Bin
C Compiler:      Armcc.exe V5.06 update 6 (build 750)
Assembler:       Armasm.exe V5.06 update 6 (build 750)
Linker/Locator:  ArmLink.exe V5.06 update 6 (build 750)
Library Manager: ArmAr.exe V5.06 update 6 (build 750)
Hex Converter:   FromElf.exe V5.06 update 6 (build 750)
CPU DLL:         SARMCM3.DLL V5.25.2.0
Dialog DLL:      DARMCM1.DLL V1.19.1.0
Target DLL:      STLink\ST-LINKIII-KEIL_SWO.dll V3.0.1.0
Dialog DLL:      TARMCM1.DLL V1.14.0.0
 
<h2>Project:</h2>
C:\temp\LoRa_STM32-master (1)\LoRa_STM32-master\STM32CubeExpansion_LRWAN\Projects\Multi\Applications\LoRa\DRAGINO-LRWAN(AT)\MDK-ARM\STM32L072CZ-Nucleo\Lora.uvprojx
Project File Date:  05/14/2019

<h2>Output:</h2>
*** Using Compiler 'V5.06 update 6 (build 750)', folder: 'C:\Keil_v5\ARM\ARMCC\Bin'
Rebuild target 'sx1276mb1las'
compiling oil_float.c...
compiling gpio_exti.c...
compiling sx1276.c...
compiling pwr_out.c...
compiling flash_eraseprogram.c...
compiling sht20.c...
compiling ds18b20.c...
compiling sht31.c...
compiling ult.c...
compiling system_stm32l0xx.c...
compiling stm32l0xx_nucleo.c...
compiling sx1276mb1las.c...
compiling stm32l0xx_hal_spi.c...
compiling stm32l0xx_hal_uart.c...
compiling stm32l0xx_hal_rcc.c...
compiling stm32l0xx_hal_adc.c...
compiling stm32l0xx_hal.c...
compiling stm32l0xx_hal_cortex.c...
compiling stm32l0xx_hal_gpio.c...
compiling stm32l0xx_hal_rcc_ex.c...
compiling stm32l0xx_hal_dma.c...
compiling stm32l0xx_hal_pwr_ex.c...
compiling stm32l0xx_hal_pwr.c...
compiling stm32l0xx_hal_tim_ex.c...
compiling stm32l0xx_hal_adc_ex.c...
compiling stm32l0xx_hal_rtc_ex.c...
compiling stm32l0xx_hal_rtc.c...
assembling startup_stm32l072xx.s...
compiling stm32l0xx_hal_tim.c...
compiling stm32l0xx_hal_uart_ex.c...
compiling stm32l0xx_hal_i2c_ex.c...
compiling stm32l0xx_hal_flash_ex.c...
compiling stm32l0xx_hal_i2c.c...
compiling stm32l0xx_hal_flash.c...
compiling bsp.c...
compiling debug.c...
compiling hw_gpio.c...
compiling hw_rtc.c...
compiling main.c...
compiling hw_spi.c...
compiling stm32l0xx_hal_msp.c...
compiling stm32l0xx_hw.c...
compiling stm32l0xx_it.c...
compiling vcom.c...
compiling tiny_vsnprintf.c...
compiling tiny_sscanf.c...
compiling at.c...
compiling command.c...
compiling lora.c...
compiling Region.c...
compiling RegionAU915.c...
compiling RegionCN470.c...
compiling RegionAS923.c...
compiling RegionCommon.c...
compiling RegionEU433.c...
compiling RegionCN779.c...
compiling RegionKR920.c...
compiling RegionIN865.c...
compiling RegionEU868.c...
compiling RegionUS915.c...
compiling LoRaMacCrypto.c...
compiling low_power_manager.c...
compiling RegionUS915-Hybrid.c...
compiling delay.c...
compiling lora-test.c...
compiling timeServer.c...
compiling aes.c...
compiling LoRaMac.c...
compiling utilities.c...
compiling trace.c...
compiling queue.c...
compiling cmac.c...
linking...
Program Size: Code=53804 RO-data=5892 RW-data=544 ZI-data=5160  
FromELF: creating hex file...
".\sx1276mb1las\NUCLEO_CUBE_LORA.axf" - 0 Error(s), 0 Warning(s).

<h2>Software Packages used:</h2>

Package Vendor: Keil
                http://www.keil.com/pack/Keil.STM32L0xx_DFP.2.0.0.pack
                Keil.STM32L0xx_DFP.2.0.0
                STMicroelectronics STM32L0 Series Device Support, Drivers and Examples

<h2>Collection of Component include folders:</h2>
  .\RTE\_sx1276mb1las
  C:\Keil_v5\ARM\PACK\Keil\STM32L0xx_DFP\2.0.0\Drivers\CMSIS\Device\ST\STM32L0xx\Include

<h2>Collection of Component Files used:</h2>
Build Time Elapsed:  00:00:33
</pre>
</body>
</html>
