Component: ARM Compiler 5.06 update 6 (build 750) Tool: armlink [4d35ed]

==============================================================================

Section Cross References

    sx1276.o(i.GetFskBandwidthRegValue) refers to sx1276.o(.constdata) for .constdata
    sx1276.o(i.RxChainCalibration) refers to sx1276.o(i.SX1276Read) for SX1276Read
    sx1276.o(i.RxChainCalibration) refers to sx1276.o(i.SX1276Write) for SX1276Write
    sx1276.o(i.RxChainCalibration) refers to sx1276.o(i.SX1276SetChannel) for SX1276SetChannel
    sx1276.o(i.SX1276BoardInit) refers to sx1276.o(.data) for .data
    sx1276.o(i.SX1276GetRadioWakeUpTime) refers to sx1276.o(.data) for .data
    sx1276.o(i.SX1276GetStatus) refers to sx1276.o(.bss) for .bss
    sx1276.o(i.SX1276GetTimeOnAir) refers to dfltui.o(.text) for __aeabi_ui2d
    sx1276.o(i.SX1276GetTimeOnAir) refers to sx1276.o(i.SX1276Read) for SX1276Read
    sx1276.o(i.SX1276GetTimeOnAir) refers to dadd.o(.text) for __aeabi_dadd
    sx1276.o(i.SX1276GetTimeOnAir) refers to dscalb.o(.text) for __ARM_scalbn
    sx1276.o(i.SX1276GetTimeOnAir) refers to ddiv.o(.text) for __aeabi_ddiv
    sx1276.o(i.SX1276GetTimeOnAir) refers to dmul.o(.text) for __aeabi_dmul
    sx1276.o(i.SX1276GetTimeOnAir) refers to round.o(i.round) for round
    sx1276.o(i.SX1276GetTimeOnAir) refers to dflti.o(.text) for __aeabi_i2d
    sx1276.o(i.SX1276GetTimeOnAir) refers to ceil.o(i.ceil) for ceil
    sx1276.o(i.SX1276GetTimeOnAir) refers to cdrcmple.o(.text) for __aeabi_cdrcmple
    sx1276.o(i.SX1276GetTimeOnAir) refers to floor.o(i.floor) for floor
    sx1276.o(i.SX1276GetTimeOnAir) refers to dfixui.o(.text) for __aeabi_d2uiz
    sx1276.o(i.SX1276GetTimeOnAir) refers to sx1276.o(.bss) for .bss
    sx1276.o(i.SX1276Init) refers to timeserver.o(i.TimerInit) for TimerInit
    sx1276.o(i.SX1276Init) refers to sx1276.o(i.SX1276Reset) for SX1276Reset
    sx1276.o(i.SX1276Init) refers to sx1276.o(i.RxChainCalibration) for RxChainCalibration
    sx1276.o(i.SX1276Init) refers to sx1276.o(i.SX1276SetOpMode) for SX1276SetOpMode
    sx1276.o(i.SX1276Init) refers to sx1276.o(i.SX1276SetModem) for SX1276SetModem
    sx1276.o(i.SX1276Init) refers to sx1276.o(i.SX1276Write) for SX1276Write
    sx1276.o(i.SX1276Init) refers to sx1276.o(.data) for .data
    sx1276.o(i.SX1276Init) refers to sx1276.o(i.SX1276OnTimeoutIrq) for SX1276OnTimeoutIrq
    sx1276.o(i.SX1276Init) refers to sx1276.o(.bss) for .bss
    sx1276.o(i.SX1276Init) refers to sx1276.o(.constdata) for .constdata
    sx1276.o(i.SX1276IsChannelFree) refers to sx1276.o(i.SX1276SetModem) for SX1276SetModem
    sx1276.o(i.SX1276IsChannelFree) refers to sx1276.o(i.SX1276SetChannel) for SX1276SetChannel
    sx1276.o(i.SX1276IsChannelFree) refers to sx1276.o(i.SX1276SetOpMode) for SX1276SetOpMode
    sx1276.o(i.SX1276IsChannelFree) refers to delay.o(i.DelayMs) for DelayMs
    sx1276.o(i.SX1276IsChannelFree) refers to timeserver.o(i.TimerGetCurrentTime) for TimerGetCurrentTime
    sx1276.o(i.SX1276IsChannelFree) refers to sx1276.o(i.SX1276ReadRssi) for SX1276ReadRssi
    sx1276.o(i.SX1276IsChannelFree) refers to timeserver.o(i.TimerGetElapsedTime) for TimerGetElapsedTime
    sx1276.o(i.SX1276IsChannelFree) refers to sx1276.o(i.SX1276SetSleep) for SX1276SetSleep
    sx1276.o(i.SX1276OnDio0Irq) refers to timeserver.o(i.TimerStop) for TimerStop
    sx1276.o(i.SX1276OnDio0Irq) refers to sx1276.o(i.SX1276Write) for SX1276Write
    sx1276.o(i.SX1276OnDio0Irq) refers to sx1276.o(i.SX1276Read) for SX1276Read
    sx1276.o(i.SX1276OnDio0Irq) refers to timeserver.o(i.TimerStart) for TimerStart
    sx1276.o(i.SX1276OnDio0Irq) refers to sx1276.o(i.SX1276ReadFifo) for SX1276ReadFifo
    sx1276.o(i.SX1276OnDio0Irq) refers to vcom.o(i.vcom_Send) for vcom_Send
    sx1276.o(i.SX1276OnDio0Irq) refers to sx1276.o(.bss) for .bss
    sx1276.o(i.SX1276OnDio0Irq) refers to sx1276.o(.data) for .data
    sx1276.o(i.SX1276OnDio1Irq) refers to sx1276.o(i.SX1276WriteFifo) for SX1276WriteFifo
    sx1276.o(i.SX1276OnDio1Irq) refers to timeserver.o(i.TimerStop) for TimerStop
    sx1276.o(i.SX1276OnDio1Irq) refers to sx1276.o(i.SX1276Write) for SX1276Write
    sx1276.o(i.SX1276OnDio1Irq) refers to vcom.o(i.vcom_Send) for vcom_Send
    sx1276.o(i.SX1276OnDio1Irq) refers to sx1276.o(i.SX1276Read) for SX1276Read
    sx1276.o(i.SX1276OnDio1Irq) refers to sx1276.o(i.SX1276ReadFifo) for SX1276ReadFifo
    sx1276.o(i.SX1276OnDio1Irq) refers to sx1276.o(.bss) for .bss
    sx1276.o(i.SX1276OnDio1Irq) refers to sx1276.o(.data) for .data
    sx1276.o(i.SX1276OnDio2Irq) refers to sx1276.o(i.SX1276Write) for SX1276Write
    sx1276.o(i.SX1276OnDio2Irq) refers to sx1276.o(i.SX1276Read) for SX1276Read
    sx1276.o(i.SX1276OnDio2Irq) refers to timeserver.o(i.TimerStop) for TimerStop
    sx1276.o(i.SX1276OnDio2Irq) refers to sx1276.o(.bss) for .bss
    sx1276.o(i.SX1276OnDio2Irq) refers to sx1276.o(.data) for .data
    sx1276.o(i.SX1276OnDio3Irq) refers to sx1276.o(i.SX1276Read) for SX1276Read
[...]
    SX1276GetPaSelect                        0x0800738d   Thumb Code     6  sx1276mb1las.o(i.SX1276GetPaSelect)
    SX1276GetRadioWakeUpTime                 0x08007399   Thumb Code    14  sx1276.o(i.SX1276GetRadioWakeUpTime)
    SX1276GetStatus                          0x080073ad   Thumb Code     6  sx1276.o(i.SX1276GetStatus)
    SX1276GetTimeOnAir                       0x080073b9   Thumb Code   444  sx1276.o(i.SX1276GetTimeOnAir)
    SX1276GetWakeTime                        0x0800759d   Thumb Code     4  sx1276mb1las.o(i.SX1276GetWakeTime)
    SX1276Init                               0x080075a1   Thumb Code   122  sx1276.o(i.SX1276Init)
    SX1276IoDeInit                           0x0800762d   Thumb Code    72  sx1276mb1las.o(i.SX1276IoDeInit)
    SX1276IoInit                             0x08007681   Thumb Code    84  sx1276mb1las.o(i.SX1276IoInit)
    SX1276IoIrqInit                          0x080076e5   Thumb Code    64  sx1276mb1las.o(i.SX1276IoIrqInit)
    SX1276IsChannelFree                      0x0800772d   Thumb Code    78  sx1276.o(i.SX1276IsChannelFree)
    SX1276OnDio0Irq                          0x0800777d   Thumb Code   594  sx1276.o(i.SX1276OnDio0Irq)
    SX1276OnDio1Irq                          0x080079f9   Thumb Code   194  sx1276.o(i.SX1276OnDio1Irq)
    SX1276OnDio2Irq                          0x08007ad1   Thumb Code   166  sx1276.o(i.SX1276OnDio2Irq)
    SX1276OnDio3Irq                          0x08007b85   Thumb Code    76  sx1276.o(i.SX1276OnDio3Irq)
    SX1276OnDio4Irq                          0x08007bd9   Thumb Code    24  sx1276.o(i.SX1276OnDio4Irq)
    SX1276OnTimeoutIrq                       0x08007bf5   Thumb Code   188  sx1276.o(i.SX1276OnTimeoutIrq)
    SX1276Random                             0x08007cbd   Thumb Code    62  sx1276.o(i.SX1276Random)
    SX1276Read                               0x08007cfb   Thumb Code    16  sx1276.o(i.SX1276Read)
    SX1276ReadBuffer                         0x08007d0b   Thumb Code    66  sx1276.o(i.SX1276ReadBuffer)
    SX1276ReadFifo                           0x08007d4d   Thumb Code    14  sx1276.o(i.SX1276ReadFifo)
    SX1276ReadRssi                           0x08007d5d   Thumb Code    58  sx1276.o(i.SX1276ReadRssi)
    SX1276Reset                              0x08007da1   Thumb Code    74  sx1276.o(i.SX1276Reset)
    SX1276Send                               0x08007df1   Thumb Code   230  sx1276.o(i.SX1276Send)
    SX1276SetAntSw                           0x08007ee1   Thumb Code    28  sx1276mb1las.o(i.SX1276SetAntSw)
    SX1276SetAntSwLowPower                   0x08007efd   Thumb Code    64  sx1276mb1las.o(i.SX1276SetAntSwLowPower)
    SX1276SetChannel                         0x08007f41   Thumb Code    72  sx1276.o(i.SX1276SetChannel)
    SX1276SetMaxPayloadLength                0x08007f91   Thumb Code    42  sx1276.o(i.SX1276SetMaxPayloadLength)
    SX1276SetModem                           0x08007fc1   Thumb Code   106  sx1276.o(i.SX1276SetModem)
    SX1276SetOpMode                          0x08008031   Thumb Code    86  sx1276.o(i.SX1276SetOpMode)
    SX1276SetPublicNetwork                   0x0800808d   Thumb Code    32  sx1276.o(i.SX1276SetPublicNetwork)
    SX1276SetRfTxPower                       0x080080b1   Thumb Code   154  sx1276mb1las.o(i.SX1276SetRfTxPower)
    SX1276SetRx                              0x08008151   Thumb Code   474  sx1276.o(i.SX1276SetRx)
    SX1276SetRxConfig                        0x0800834d   Thumb Code   628  sx1276.o(i.SX1276SetRxConfig)
    SX1276SetSleep                           0x080085d5   Thumb Code    32  sx1276.o(i.SX1276SetSleep)
    SX1276SetStby                            0x080085f9   Thumb Code    32  sx1276.o(i.SX1276SetStby)
    SX1276SetTx                              0x0800861d   Thumb Code   158  sx1276.o(i.SX1276SetTx)
    SX1276SetTxConfig                        0x080086c1   Thumb Code   490  sx1276.o(i.SX1276SetTxConfig)
    SX1276SetTxContinuousWave                0x080088bd   Thumb Code   120  sx1276.o(i.SX1276SetTxContinuousWave)
    SX1276SetXO                              0x08008939   Thumb Code     2  sx1276mb1las.o(i.SX1276SetXO)
    SX1276StartCad                           0x0800893d   Thumb Code    50  sx1276.o(i.SX1276StartCad)
    SX1276Write                              0x08008975   Thumb Code    12  sx1276.o(i.SX1276Write)
    SX1276WriteBuffer                        0x08008981   Thumb Code    66  sx1276.o(i.SX1276WriteBuffer)
    SX1276WriteFifo                          0x080089c3   Thumb Code    14  sx1276.o(i.SX1276WriteFifo)
    Send                                     0x08008bcd   Thumb Code    54  loramac.o(i.Send)
    SendFrameOnChannel                       0x08008c0d   Thumb Code   138  loramac.o(i.SendFrameOnChannel)
    SetTxContinuousWave                      0x08008cd1   Thumb Code    74  loramac.o(i.SetTxContinuousWave)
    SetTxContinuousWave1                     0x08008d25   Thumb Code    48  loramac.o(i.SetTxContinuousWave1)
    Store_Config                             0x08008d61   Thumb Code   500  lora.o(i.Store_Config)
    SysTick_Handler                          0x08008f7d   Thumb Code     8  stm32l0xx_it.o(i.SysTick_Handler)
    SystemClock_Config                       0x08008f85   Thumb Code   130  stm32l0xx_hw.o(i.SystemClock_Config)
    SystemInit                               0x08009011   Thumb Code    66  system_stm32l0xx.o(i.SystemInit)
    TimerGetCurrentTime                      0x08009065   Thumb Code    12  timeserver.o(i.TimerGetCurrentTime)
    TimerGetElapsedTime                      0x08009071   Thumb Code    24  timeserver.o(i.TimerGetElapsedTime)
    TimerInit                                0x08009089   Thumb Code    14  timeserver.o(i.TimerInit)
    TimerIrqHandler                          0x080090b5   Thumb Code   116  timeserver.o(i.TimerIrqHandler)
    TimerSetValue                            0x08009159   Thumb Code    34  timeserver.o(i.TimerSetValue)
    TimerStart                               0x0800917d   Thumb Code   108  timeserver.o(i.TimerStart)
    TimerStop                                0x080091ed   Thumb Code    90  timeserver.o(i.TimerStop)
    UART_AdvFeatureConfig                    0x0800924d   Thumb Code   202  stm32l0xx_hal_uart.o(i.UART_AdvFeatureConfig)
    UART_CheckIdleState                      0x08009319   Thumb Code    90  stm32l0xx_hal_uart.o(i.UART_CheckIdleState)
    UART_SetConfig                           0x08009379   Thumb Code   510  stm32l0xx_hal_uart.o(i.UART_SetConfig)
    UART_WaitOnFlagUntilTimeout              0x080095a9   Thumb Code    98  stm32l0xx_hal_uart.o(i.UART_WaitOnFlagUntilTimeout)
    __0printf                                0x080096ed   Thumb Code    24  printfa.o(i.__0printf)
    __1printf                                0x080096ed   Thumb Code     0  printfa.o(i.__0printf)
    __2printf                                0x080096ed   Thumb Code     0  printfa.o(i.__0printf)
    __c89printf                              0x080096ed   Thumb Code     0  printfa.o(i.__0printf)
    printf                                   0x080096ed   Thumb Code     0  printfa.o(i.__0printf)
    __ARM_clz                                0x0800970d   Thumb Code    46  depilogue.o(i.__ARM_clz)
    __ARM_common_ll_muluu                    0x0800973b   Thumb Code    48  hw_rtc.o(i.__ARM_common_ll_muluu)
    __ARM_common_switch8                     0x0800976b   Thumb Code    26  sx1276.o(i.__ARM_common_switch8)
    __scatterload_copy                       0x08009785   Thumb Code    14  handlers.o(i.__scatterload_copy)
    __scatterload_null                       0x08009793   Thumb Code     2  handlers.o(i.__scatterload_null)
    __scatterload_zeroinit                   0x08009795   Thumb Code    14  handlers.o(i.__scatterload_zeroinit)
    aes_encrypt                              0x0800a051   Thumb Code    84  aes.o(i.aes_encrypt)
    aes_set_key                              0x0800a0a5   Thumb Code   248  aes.o(i.aes_set_key)
    at_ADR_get                               0x0800a1a1   Thumb Code    34  at.o(i.at_ADR_get)
    at_ADR_set                               0x0800a1c3   Thumb Code    42  at.o(i.at_ADR_set)
    at_AppEUI_get                            0x0800a1ed   Thumb Code    14  at.o(i.at_AppEUI_get)
    at_AppEUI_set                            0x0800a1fd   Thumb Code    60  at.o(i.at_AppEUI_set)
    at_AppKey_get                            0x0800a261   Thumb Code    14  at.o(i.at_AppKey_get)
    at_AppKey_set                            0x0800a26f   Thumb Code    28  at.o(i.at_AppKey_set)
    at_AppSKey_get                           0x0800a28b   Thumb Code    14  at.o(i.at_AppSKey_get)
    at_AppSKey_set                           0x0800a299   Thumb Code    28  at.o(i.at_AppSKey_set)
    at_DataRate_get                          0x0800a2b5   Thumb Code    36  at.o(i.at_DataRate_get)
    at_DataRate_set                          0x0800a2d9   Thumb Code    32  at.o(i.at_DataRate_set)
    at_DevAddr_get                           0x0800a301   Thumb Code    10  at.o(i.at_DevAddr_get)
    at_DevAddr_set                           0x0800a30b   Thumb Code    26  at.o(i.at_DevAddr_set)
    at_DevEUI_get                            0x0800a325   Thumb Code    14  at.o(i.at_DevEUI_get)
    at_DevEUI_set                            0x0800a335   Thumb Code    60  at.o(i.at_DevEUI_set)
    at_DeviceClass_get                       0x0800a399   Thumb Code    38  at.o(i.at_DeviceClass_get)
    at_DeviceClass_set                       0x0800a3c9   Thumb Code    42  at.o(i.at_DeviceClass_set)
    at_DownlinkCounter_get                   0x0800a3f3   Thumb Code    32  at.o(i.at_DownlinkCounter_get)
    at_DownlinkCounter_set                   0x0800a415   Thumb Code    36  at.o(i.at_DownlinkCounter_set)
    at_DutyCycle_get                         0x0800a43d   Thumb Code    24  at.o(i.at_DutyCycle_get)
    at_DutyCycle_set                         0x0800a45d   Thumb Code    30  at.o(i.at_DutyCycle_set)
    at_FDR                                   0x0800a47d   Thumb Code    24  at.o(i.at_FDR)
    at_Join                                  0x0800a4a1   Thumb Code    10  at.o(i.at_Join)
    at_JoinAcceptDelay1_get                  0x0800a4ab   Thumb Code    32  at.o(i.at_JoinAcceptDelay1_get)
    at_JoinAcceptDelay1_set                  0x0800a4cd   Thumb Code    36  at.o(i.at_JoinAcceptDelay1_set)
    at_JoinAcceptDelay2_get                  0x0800a4f5   Thumb Code    32  at.o(i.at_JoinAcceptDelay2_get)
    at_JoinAcceptDelay2_set                  0x0800a515   Thumb Code    36  at.o(i.at_JoinAcceptDelay2_set)
    at_NetworkID_get                         0x0800a53d   Thumb Code    54  at.o(i.at_NetworkID_get)
    at_NetworkID_set                         0x0800a58d   Thumb Code    34  at.o(i.at_NetworkID_set)
    at_NetworkJoinMode_get                   0x0800a5af   Thumb Code    20  at.o(i.at_NetworkJoinMode_get)
    at_NetworkJoinMode_set                   0x0800a5c3   Thumb Code    30  at.o(i.at_NetworkJoinMode_set)
    at_NetworkJoinStatus                     0x0800a5e1   Thumb Code    40  at.o(i.at_NetworkJoinStatus)
    at_NwkSKey_get                           0x0800a609   Thumb Code    14  at.o(i.at_NwkSKey_get)
    at_NwkSKey_set                           0x0800a617   Thumb Code    28  at.o(i.at_NwkSKey_set)
    at_PublicNetwork_get                     0x0800a633   Thumb Code    34  at.o(i.at_PublicNetwork_get)
    at_PublicNetwork_set                     0x0800a655   Thumb Code    42  at.o(i.at_PublicNetwork_set)
    at_Receive                               0x0800a681   Thumb Code    40  at.o(i.at_Receive)
    at_ReceiveBinary                         0x0800a6bd   Thumb Code    46  at.o(i.at_ReceiveBinary)
    at_Rx1Delay_get                          0x0800a705   Thumb Code    32  at.o(i.at_Rx1Delay_get)
    at_Rx1Delay_set                          0x0800a725   Thumb Code    36  at.o(i.at_Rx1Delay_set)
    at_Rx2DataRate_get                       0x0800a74d   Thumb Code    34  at.o(i.at_Rx2DataRate_get)
    at_Rx2DataRate_set                       0x0800a771   Thumb Code    54  at.o(i.at_Rx2DataRate_set)
    at_Rx2Delay_get                          0x0800a7b1   Thumb Code    32  at.o(i.at_Rx2Delay_get)
    at_Rx2Delay_set                          0x0800a7d1   Thumb Code    36  at.o(i.at_Rx2Delay_set)
    at_Rx2Frequency_get                      0x0800a7f9   Thumb Code    32  at.o(i.at_Rx2Frequency_get)
    at_Rx2Frequency_set                      0x0800a819   Thumb Code    54  at.o(i.at_Rx2Frequency_set)
    at_Send                                  0x0800a855   Thumb Code   104  at.o(i.at_Send)
    at_SendBinary                            0x0800a8ed   Thumb Code   148  at.o(i.at_SendBinary)
    at_TDC_get                               0x0800a9b9   Thumb Code    14  at.o(i.at_TDC_get)
    at_TDC_set                               0x0800a9cd   Thumb Code    22  at.o(i.at_TDC_set)
    at_TransmitPower_get                     0x0800a9ed   Thumb Code    36  at.o(i.at_TransmitPower_get)
    at_TransmitPower_set                     0x0800aa11   Thumb Code    36  at.o(i.at_TransmitPower_set)
    at_UplinkCounter_get                     0x0800aa3d   Thumb Code    32  at.o(i.at_UplinkCounter_get)
    at_UplinkCounter_set                     0x0800aa5d   Thumb Code    36  at.o(i.at_UplinkCounter_set)
    at_ack_get                               0x0800aa85   Thumb Code    20  at.o(i.at_ack_get)
    at_ack_set                               0x0800aa99   Thumb Code    30  at.o(i.at_ack_set)
    at_isack_get                             0x0800aab7   Thumb Code    20  at.o(i.at_isack_get)
    at_reset                                 0x0800aacb   Thumb Code     4  at.o(i.at_reset)
    at_return_error                          0x0800aacf   Thumb Code     4  at.o(i.at_return_error)
    at_rssi_get                              0x0800aad3   Thumb Code    14  at.o(i.at_rssi_get)
    at_snr_get                               0x0800aae1   Thumb Code    14  at.o(i.at_snr_get)
    at_version_get                           0x0800aaf1   Thumb Code    12  at.o(i.at_version_get)
    ceil                                     0x0800ab05   Thumb Code   180  ceil.o(i.ceil)
    certif_DownLinkIncrement                 0x0800abcd   Thumb Code    10  lora-test.o(i.certif_DownLinkIncrement)
    certif_linkCheck                         0x0800abdd   Thumb Code    16  lora-test.o(i.certif_linkCheck)
    certif_running                           0x0800abf1   Thumb Code     6  lora-test.o(i.certif_running)
    certif_rx                                0x0800abfd   Thumb Code   386  lora-test.o(i.certif_rx)
    configcount                              0x0800ae4d   Thumb Code     6  lora.o(i.configcount)
    floor                                    0x0800b025   Thumb Code   180  floor.o(i.floor)
    fputc                                    0x0800b0ed   Thumb Code    18  fputc.o(i.fputc)
    lora_config_appeui_get                   0x0800b101   Thumb Code     4  lora.o(i.lora_config_appeui_get)
    lora_config_appeui_set                   0x0800b109   Thumb Code    14  lora.o(i.lora_config_appeui_set)
    lora_config_appkey_get                   0x0800b11d   Thumb Code     4  lora.o(i.lora_config_appkey_get)
    lora_config_appkey_set                   0x0800b125   Thumb Code    14  lora.o(i.lora_config_appkey_set)
    lora_config_appskey_get                  0x0800b139   Thumb Code     4  lora.o(i.lora_config_appskey_get)
    lora_config_appskey_set                  0x0800b141   Thumb Code    14  lora.o(i.lora_config_appskey_set)
    lora_config_devaddr_get                  0x0800b155   Thumb Code    14  lora.o(i.lora_config_devaddr_get)
    lora_config_devaddr_set                  0x0800b171   Thumb Code     6  lora.o(i.lora_config_devaddr_set)
    lora_config_deveui_get                   0x0800b17d   Thumb Code     4  lora.o(i.lora_config_deveui_get)
    lora_config_deveui_set                   0x0800b185   Thumb Code    14  lora.o(i.lora_config_deveui_set)
    lora_config_duty_cycle_get               0x0800b199   Thumb Code     6  lora.o(i.lora_config_duty_cycle_get)
    lora_config_duty_cycle_set               0x0800b1a5   Thumb Code    18  lora.o(i.lora_config_duty_cycle_set)
    lora_config_isack_get                    0x0800b1bd   Thumb Code    18  lora.o(i.lora_config_isack_get)
    lora_config_nwkskey_get                  0x0800b1d5   Thumb Code     4  lora.o(i.lora_config_nwkskey_get)
    lora_config_nwkskey_set                  0x0800b1dd   Thumb Code    14  lora.o(i.lora_config_nwkskey_set)
    lora_config_otaa_get                     0x0800b1f1   Thumb Code     6  lora.o(i.lora_config_otaa_get)
    lora_config_otaa_set                     0x0800b1fd   Thumb Code     6  lora.o(i.lora_config_otaa_set)
    lora_config_reqack_get                   0x0800b209   Thumb Code     6  lora.o(i.lora_config_reqack_get)
    lora_config_reqack_set                   0x0800b215   Thumb Code     6  lora.o(i.lora_config_reqack_set)
    lora_config_rssi_get                     0x0800b221   Thumb Code     8  lora.o(i.lora_config_rssi_get)
    lora_config_snr_get                      0x0800b22d   Thumb Code     8  lora.o(i.lora_config_snr_get)
    lora_config_tx_datarate_set              0x0800b239   Thumb Code     6  lora.o(i.lora_config_tx_datarate_set)
    main                                     0x0800b245   Thumb Code    64  main.o(i.main)
    memcpy1                                  0x0800b289   Thumb Code    22  utilities.o(i.memcpy1)
    memcpyr                                  0x0800b29f   Thumb Code    26  utilities.o(i.memcpyr)
    memset1                                  0x0800b2b9   Thumb Code    18  utilities.o(i.memset1)
    rand1                                    0x0800b661   Thumb Code    26  utilities.o(i.rand1)
    randr                                    0x0800b68d   Thumb Code    22  utilities.o(i.randr)
    read_data                                0x0800b6a3   Thumb Code   126  lora.o(i.read_data)
    round                                    0x0800b721   Thumb Code   142  round.o(i.round)
    send_exti                                0x0800b7bd   Thumb Code    16  main.o(i.send_exti)
    set_at_receive                           0x0800b7d1   Thumb Code    28  at.o(i.set_at_receive)
    srand1                                   0x0800b85d   Thumb Code     6  utilities.o(i.srand1)
    store_data                               0x0800b8dd   Thumb Code   190  lora.o(i.store_data)
    tiny_sscanf                              0x0800b9a5   Thumb Code    20  tiny_sscanf.o(i.tiny_sscanf)
    tiny_vsnprintf_like                      0x0800bc0d   Thumb Code   338  tiny_vsnprintf.o(i.tiny_vsnprintf_like)
    vcom_IRQHandler                          0x0800bd89   Thumb Code   162  vcom.o(i.vcom_IRQHandler)
    vcom_Init                                0x0800be71   Thumb Code   154  vcom.o(i.vcom_Init)
    vcom_IoInit                              0x0800bf21   Thumb Code   118  vcom.o(i.vcom_IoInit)
    vcom_ReceiveInit                         0x0800bf9d   Thumb Code    44  vcom.o(i.vcom_ReceiveInit)
    vcom_Send                                0x0800bfd1   Thumb Code   140  vcom.o(i.vcom_Send)
    RadioRegsInit                            0x0800c0ec   Data          48  sx1276.o(.constdata)
    FskBandwidths                            0x0800c11c   Data         176  sx1276.o(.constdata)
    Radio                                    0x0800c1cc   Data         104  sx1276mb1las.o(.constdata)
    AHBPrescTable                            0x0800c234   Data          16  system_stm32l0xx.o(.constdata)
    PLLMulTable                              0x0800c244   Data           9  system_stm32l0xx.o(.constdata)
    APBPrescTable                            0x0800c24d   Data           8  system_stm32l0xx.o(.constdata)
    Region$$Table$$Base                      0x0800d4b8   Number         0  anon$$obj.o(Region$$Table)
    Region$$Table$$Limit                     0x0800d4d8   Number         0  anon$$obj.o(Region$$Table)
    DioIrq                                   0x20000008   Data          24  sx1276.o(.data)
    PAGEError                                0x20000020   Data           4  flash_eraseprogram.o(.data)
    data32                                   0x20000024   Data           4  flash_eraseprogram.o(.data)
    SystemCoreClock                          0x20000044   Data           4  system_stm32l0xx.o(.data)
    uwTick                                   0x20000048   Data           4  stm32l0xx_hal.o(.data)
    batteryLevel_mV                          0x20000054   Data           2  main.o(.data)
    APP_TX_DUTYCYCLE                         0x20000058   Data           4  main.o(.data)
    exti_flag                                0x2000005c   Data           4  main.o(.data)
    iw                                       0x2000008c   Data           2  vcom.o(.data)
    WakeUpSelection                          0x20000094   Data           8  vcom.o(.data)
    LoRaMacFlags                             0x2000018e   Data           1  loramac.o(.data)
    LoRaMacState                             0x200001ac   Data           4  loramac.o(.data)
    TxTimeOnAir                              0x200001b0   Data           4  loramac.o(.data)
    __stdout                                 0x20000214   Data           4  stdout.o(.data)
    SX1276                                   0x20000318   Data         104  sx1276.o(.bss)
    TxTimeoutTimer                           0x20000380   Data          20  sx1276.o(.bss)
    RxTimeoutTimer                           0x20000394   Data          20  sx1276.o(.bss)
    RxTimeoutSyncWord                        0x200003a8   Data          20  sx1276.o(.bss)
    pFlash                                   0x200003c8   Data          24  stm32l0xx_hal_flash.o(.bss)
    UartHandle                               0x200008a0   Data         112  vcom.o(.bss)
    LoRaMacParams                            0x20000f58   Data          56  loramac.o(.bss)
    LoRaMacParamsDefaults                    0x20000f90   Data          56  loramac.o(.bss)
    __initial_sp                             0x20001738   Data           0  startup_stm32l072xx.o(STACK)



==============================================================================

Memory Map of the image

  Image Entry point : 0x080000c1

  Load Region LR_IROM1 (Base: 0x08000000, Size: 0x0000d6f0, Max: 0x00030000, ABSOLUTE, COMPRESSED[0x0000d564])

    Execution Region ER_IROM1 (Exec base: 0x08000000, Load base: 0x08000000, Size: 0x0000d4d8, Max: 0x00030000, ABSOLUTE)

    Exec Addr    Load Addr    Size         Type   Attr      Idx    E Section Name        Object

    0x08000000   0x08000000   0x000000c0   Data   RO         4349    RESET               startup_stm32l072xx.o
    0x080000c0   0x080000c0   0x00000000   Code   RO         8520  * .ARM.Collect$$$$00000000  mc_p.l(entry.o)
    0x080000c0   0x080000c0   0x00000004   Code   RO         8840    .ARM.Collect$$$$00000001  mc_p.l(entry2.o)
    0x080000c4   0x080000c4   0x00000004   Code   RO         8843    .ARM.Collect$$$$00000004  mc_p.l(entry5.o)
    0x080000c8   0x080000c8   0x00000000   Code   RO         8845    .ARM.Collect$$$$00000008  mc_p.l(entry7b.o)
    0x080000c8   0x080000c8   0x00000000   Code   RO         8847    .ARM.Collect$$$$0000000A  mc_p.l(entry8b.o)
    0x080000c8   0x080000c8   0x00000008   Code   RO         8848    .ARM.Collect$$$$0000000B  mc_p.l(entry9a.o)
    0x080000d0   0x080000d0   0x00000000   Code   RO         8850    .ARM.Collect$$$$0000000D  mc_p.l(entry10a.o)
    0x080000d0   0x080000d0   0x00000000   Code   RO         8852    .ARM.Collect$$$$0000000F  mc_p.l(entry11a.o)
    0x080000d0   0x080000d0   0x00000004   Code   RO         8841    .ARM.Collect$$$$00002712  mc_p.l(entry2.o)
    0x080000d4   0x080000d4   0x0000001c   Code   RO         4350    .text               startup_stm32l072xx.o
    0x080000f0   0x080000f0   0x0000002c   Code   RO         8523    .text               mc_p.l(uidiv.o)
    0x0800011c   0x0800011c   0x00000028   Code   RO         8525    .text               mc_p.l(idiv.o)
    0x08000144   0x08000144   0x00000060   Code   RO         8527    .text               mc_p.l(uldiv.o)
    0x080001a4   0x080001a4   0x0000007a   Code   RO         8529    .text               mc_p.l(llmul.o)
    0x0800021e   0x0800021e   0x00000024   Code   RO         8531    .text               mc_p.l(memcpya.o)
    0x08000242   0x08000242   0x00000024   Code   RO         8533    .text               mc_p.l(memseta.o)
    0x08000266   0x08000266   0x0000000e   Code   RO         8535    .text               mc_p.l(strlen.o)
    0x08000274   0x08000274   0x0000001e   Code   RO         8537    .text               mc_p.l(strncmp.o)
    0x08000292   0x08000292   0x00000014   Code   RO         8802    .text               mc_p.l(uread4.o)
    0x080002a6   0x080002a6   0x000000b2   Code   RO         8804    .text               mf_p.l(fadd.o)
    0x08000358   0x08000358   0x0000007a   Code   RO         8806    .text               mf_p.l(fmul.o)
    0x080003d2   0x080003d2   0x00000002   PAD
    0x080003d4   0x080003d4   0x00000164   Code   RO         8808    .text               mf_p.l(dadd.o)
    0x08000538   0x08000538   0x000000d0   Code   RO         8810    .text               mf_p.l(dmul.o)
    0x08000608   0x08000608   0x000000f0   Code   RO         8812    .text               mf_p.l(ddiv.o)
    0x080006f8   0x080006f8   0x0000002c   Code   RO         8814    .text               mf_p.l(dscalb.o)
    0x08000724   0x08000724   0x00000016   Code   RO         8816    .text               mf_p.l(fflti.o)
    0x0800073a   0x0800073a   0x0000000e   Code   RO         8818    .text               mf_p.l(ffltui.o)
    0x08000748   0x08000748   0x00000028   Code   RO         8820    .text               mf_p.l(dflti.o)
    0x08000770   0x08000770   0x0000001c   Code   RO         8822    .text               mf_p.l(dfltui.o)
    0x0800078c   0x0800078c   0x00000032   Code   RO         8824    .text               mf_p.l(ffixi.o)
    0x080007be   0x080007be   0x00000002   PAD
    0x080007c0   0x080007c0   0x00000048   Code   RO         8828    .text               mf_p.l(dfixi.o)
    0x08000808   0x08000808   0x0000003c   Code   RO         8830    .text               mf_p.l(dfixui.o)
    0x08000844   0x08000844   0x00000028   Code   RO         8832    .text               mf_p.l(f2d.o)
    0x0800086c   0x0800086c   0x00000028   Code   RO         8834    .text               mf_p.l(cdrcmple.o)
    0x08000894   0x08000894   0x00000038   Code   RO         8836    .text               mf_p.l(d2f.o)
    0x080008cc   0x080008cc   0x00000020   Code   RO         8857    .text               mc_p.l(llshl.o)
    0x080008ec   0x080008ec   0x00000022   Code   RO         8859    .text               mc_p.l(llushr.o)
    0x0800090e   0x0800090e   0x00000026   Code   RO         8861    .text               mc_p.l(llsshr.o)
    0x08000934   0x08000934   0x00000000   Code   RO         8863    .text               mc_p.l(iusefp.o)
    0x08000934   0x08000934   0x00000082   Code   RO         8864    .text               mf_p.l(fepilogue.o)
    0x080009b6   0x080009b6   0x000000be   Code   RO         8866    .text               mf_p.l(depilogue.o)
    0x08000a74   0x08000a74   0x0000007c   Code   RO         8870    .text               mf_p.l(drnd.o)
    0x08000af0   0x08000af0   0x00000040   Code   RO         8872    .text               mf_p.l(dfixul.o)
    0x08000b30   0x08000b30   0x00000028   Code   RO         8874    .text               mf_p.l(cdcmple.o)
    0x08000b58   0x08000b58   0x00000024   Code   RO         8876    .text               mc_p.l(init.o)
    0x08000b7c   0x08000b7c   0x00000000   Code   RO         8878    .text               mc_p.l(semi.o)
    0x08000b7c   0x08000b7c   0x00000000   Code   RO         8879    .text               mc_p.l(iusesemip.o)
    0x08000b7c   0x08000b7c   0x00000056   Code   RO         8888    .text               mc_p.l(__dczerorl2.o)
    0x08000bd2   0x08000bd2   0x00000002   PAD
    0x08000bd4   0x08000bd4   0x00000024   Code   RO         1566    i.ADC_DelayMicroSecond  stm32l0xx_hal_adc.o
    0x08000bf8   0x08000bf8   0x00000064   Code   RO         1568    i.ADC_Enable        stm32l0xx_hal_adc.o
    0x08000c5c   0x08000c5c   0x0000013c   Code   RO         8474    i.AES_CMAC_Final    cmac.o
    0x08000d98   0x08000d98   0x00000020   Code   RO         8475    i.AES_CMAC_Init     cmac.o
    0x08000db8   0x08000db8   0x00000010   Code   RO         8476    i.AES_CMAC_SetKey   cmac.o
    0x08000dc8   0x08000dc8   0x000000be   Code   RO         8477    i.AES_CMAC_Update   cmac.o
    0x08000e86   0x08000e86   0x00000002   PAD
    0x08000e88   0x08000e88   0x00000098   Code   RO         7829    i.AddMacCommand     loramac.o
    0x08000f20   0x08000f20   0x0000004c   Code   RO          547    i.BSP_oil_float_Init  oil_float.o
    0x08000f6c   0x08000f6c   0x00000010   Code   RO         4356    i.BSP_sensor_Init   bsp.o
    0x08000f7c   0x08000f7c   0x00000064   Code   RO         4357    i.BSP_sensor_Read   bsp.o
    0x08000fe0   0x08000fe0   0x0000000c   Code   RO         5539    i.CMD_Init          command.o
    0x08000fec   0x08000fec   0x0000005c   Code   RO         5540    i.CMD_Process       command.o
    0x08001048   0x08001048   0x0000003c   Code   RO         7830    i.CalculateBackOff  loramac.o
    0x08001084   0x08001084   0x0000009e   Code   RO         6969    i.CountNbOfEnabledChannels  regioneu868.o
    0x08001122   0x08001122   0x00000002   PAD
    0x08001124   0x08001124   0x00000060   Code   RO         4398    i.DBG_Init          debug.o
    0x08001184   0x08001184   0x0000005c   Code   RO          420    i.DS18B20_GetTemp_SkipRom  ds18b20.o
    0x080011e0   0x080011e0   0x00000034   Code   RO          423    i.DS18B20_Mode_IPU  ds18b20.o
    0x08001214   0x08001214   0x00000034   Code   RO          424    i.DS18B20_Mode_Out_PP  ds18b20.o
    0x08001248   0x08001248   0x0000005c   Code   RO          425    i.DS18B20_Presence  ds18b20.o
    0x080012a4   0x080012a4   0x0000003c   Code   RO          426    i.DS18B20_ReadBit   ds18b20.o
    0x080012e0   0x080012e0   0x0000001c   Code   RO          427    i.DS18B20_ReadByte  ds18b20.o
    0x080012fc   0x080012fc   0x00000034   Code   RO          429    i.DS18B20_Rst       ds18b20.o
    0x08001330   0x08001330   0x00000012   Code   RO          430    i.DS18B20_SkipRom   ds18b20.o
    0x08001342   0x08001342   0x00000002   PAD
    0x08001344   0x08001344   0x00000064   Code   RO          431    i.DS18B20_WriteByte  ds18b20.o
    0x080013a8   0x080013a8   0x00000016   Code   RO          432    i.DS18B20_delay     ds18b20.o
    0x080013be   0x080013be   0x00000008   Code   RO         8180    i.DelayMs           delay.o
    0x080013c6   0x080013c6   0x00000010   Code   RO         4880    i.EXTI0_1_IRQHandler  stm32l0xx_it.o
    0x080013d6   0x080013d6   0x00000010   Code   RO         4881    i.EXTI2_3_IRQHandler  stm32l0xx_it.o
    0x080013e6   0x080013e6   0x00000002   PAD
    0x080013e8   0x080013e8   0x00000074   Code   RO         4882    i.EXTI4_15_IRQHandler  stm32l0xx_it.o
    0x0800145c   0x0800145c   0x00000002   Code   RO         4399    i.Error_Handler     debug.o
    0x0800145e   0x0800145e   0x00000002   PAD
    0x08001460   0x08001460   0x0000002c   Code   RO         4147    i.FLASH_PageErase   stm32l0xx_hal_flash_ex.o
    0x0800148c   0x0800148c   0x00000090   Code   RO         4255    i.FLASH_SetErrorCode  stm32l0xx_hal_flash.o
    0x0800151c   0x0800151c   0x00000070   Code   RO         4256    i.FLASH_WaitForLastOperation  stm32l0xx_hal_flash.o
    0x0800158c   0x0800158c   0x00000050   Code   RO          620    i.FLASH_erase       flash_eraseprogram.o
    0x080015dc   0x080015dc   0x00000058   Code   RO          621    i.FLASH_program     flash_eraseprogram.o
    0x08001634   0x08001634   0x00000044   Code   RO          622    i.FLASH_program_on_addr  flash_eraseprogram.o
    0x08001678   0x08001678   0x00000010   Code   RO          623    i.FLASH_read        flash_eraseprogram.o
    0x08001688   0x08001688   0x00000050   Code   RO          513    i.GPIO_EXTI_IoInit  gpio_exti.o
    0x080016d8   0x080016d8   0x00000040   Code   RO          514    i.GPIO_INPUT_IoInit  gpio_exti.o
    0x08001718   0x08001718   0x00000024   Code   RO         6970    i.GetBandwidth      regioneu868.o
    0x0800173c   0x0800173c   0x0000002c   Code   RO            3    i.GetFskBandwidthRegValue  sx1276.o
    0x08001768   0x08001768   0x00000020   Code   RO         4980    i.GetNewChar        vcom.o
    0x08001788   0x08001788   0x000000aa   Code   RO         3556    i.HAL_ADCEx_Calibration_Start  stm32l0xx_hal_adc_ex.o
    0x08001832   0x08001832   0x00000002   PAD
    0x08001834   0x08001834   0x00000094   Code   RO         1570    i.HAL_ADC_ConfigChannel  stm32l0xx_hal_adc.o
    0x080018c8   0x080018c8   0x00000006   Code   RO         1577    i.HAL_ADC_GetValue  stm32l0xx_hal_adc.o
    0x080018ce   0x080018ce   0x00000002   PAD
    0x080018d0   0x080018d0   0x000001c4   Code   RO         1579    i.HAL_ADC_Init      stm32l0xx_hal_adc.o
    0x08001a94   0x08001a94   0x00000002   Code   RO         1582    i.HAL_ADC_MspInit   stm32l0xx_hal_adc.o
    0x08001a96   0x08001a96   0x000000be   Code   RO         1583    i.HAL_ADC_PollForConversion  stm32l0xx_hal_adc.o
    0x08001b54   0x08001b54   0x0000005c   Code   RO         1585    i.HAL_ADC_Start     stm32l0xx_hal_adc.o
    0x08001bb0   0x08001bb0   0x00000010   Code   RO         1970    i.HAL_DBGMCU_DisableDBGSleepMode  stm32l0xx_hal.o
    0x08001bc0   0x08001bc0   0x00000010   Code   RO         1971    i.HAL_DBGMCU_DisableDBGStandbyMode  stm32l0xx_hal.o
    0x08001bd0   0x08001bd0   0x00000010   Code   RO         1972    i.HAL_DBGMCU_DisableDBGStopMode  stm32l0xx_hal.o
    0x08001be0   0x08001be0   0x0000000a   Code   RO         4711    i.HAL_Delay         stm32l0xx_hal_msp.o
    0x08001bea   0x08001bea   0x00000002   PAD
    0x08001bec   0x08001bec   0x00000078   Code   RO         4156    i.HAL_FLASHEx_Erase  stm32l0xx_hal_flash_ex.o
    0x08001c64   0x08001c64   0x00000014   Code   RO         4260    i.HAL_FLASH_Lock    stm32l0xx_hal_flash.o
    0x08001c78   0x08001c78   0x0000003c   Code   RO         4265    i.HAL_FLASH_Program  stm32l0xx_hal_flash.o
    0x08001cb4   0x08001cb4   0x0000003c   Code   RO         4267    i.HAL_FLASH_Unlock  stm32l0xx_hal_flash.o
    0x08001cf0   0x08001cf0   0x00000008   Code   RO         4712    i.HAL_GPIO_EXTI_Callback  stm32l0xx_hal_msp.o
    0x08001cf8   0x08001cf8   0x00000018   Code   RO         2237    i.HAL_GPIO_EXTI_IRQHandler  stm32l0xx_hal_gpio.o
    0x08001d10   0x08001d10   0x00000184   Code   RO         2238    i.HAL_GPIO_Init     stm32l0xx_hal_gpio.o
    0x08001e94   0x08001e94   0x0000000a   Code   RO         2240    i.HAL_GPIO_ReadPin  stm32l0xx_hal_gpio.o
    0x08001e9e   0x08001e9e   0x0000000c   Code   RO         2242    i.HAL_GPIO_WritePin  stm32l0xx_hal_gpio.o
    0x08001eaa   0x08001eaa   0x00000002   PAD
    0x08001eac   0x08001eac   0x0000000c   Code   RO         1981    i.HAL_GetTick       stm32l0xx_hal.o
    0x08001eb8   0x08001eb8   0x00000010   Code   RO         1982    i.HAL_IncTick       stm32l0xx_hal.o
    0x08001ec8   0x08001ec8   0x00000020   Code   RO         1983    i.HAL_Init          stm32l0xx_hal.o
    0x08001ee8   0x08001ee8   0x00000004   Code   RO         4713    i.HAL_InitTick      stm32l0xx_hal_msp.o
    0x08001eec   0x08001eec   0x0000002c   Code   RO         4714    i.HAL_MspInit       stm32l0xx_hal_msp.o
    0x08001f18   0x08001f18   0x00000014   Code   RO         2138    i.HAL_NVIC_EnableIRQ  stm32l0xx_hal_cortex.o
    0x08001f2c   0x08001f2c   0x00000008   Code   RO         2142    i.HAL_NVIC_SetPriority  stm32l0xx_hal_cortex.o
    0x08001f34   0x08001f34   0x00000010   Code   RO         2495    i.HAL_PWREx_EnableFastWakeUp  stm32l0xx_hal_pwr_ex.o
    0x08001f44   0x08001f44   0x00000010   Code   RO         2497    i.HAL_PWREx_EnableUltraLowPower  stm32l0xx_hal_pwr_ex.o
    0x08001f54   0x08001f54   0x00000010   Code   RO         2379    i.HAL_PWR_DisablePVD  stm32l0xx_hal_pwr.o
    0x08001f64   0x08001f64   0x00000030   Code   RO         2388    i.HAL_PWR_EnterSLEEPMode  stm32l0xx_hal_pwr.o
    0x08001f94   0x08001f94   0x00000034   Code   RO         2390    i.HAL_PWR_EnterSTOPMode  stm32l0xx_hal_pwr.o
    0x08001fc8   0x08001fc8   0x000001c0   Code   RO         1855    i.HAL_RCCEx_GetPeriphCLKFreq  stm32l0xx_hal_rcc_ex.o
    0x08002188   0x08002188   0x0000018c   Code   RO         1858    i.HAL_RCCEx_PeriphCLKConfig  stm32l0xx_hal_rcc_ex.o
    0x08002314   0x08002314   0x00000168   Code   RO         1744    i.HAL_RCC_ClockConfig  stm32l0xx_hal_rcc.o
    0x0800247c   0x0800247c   0x00000020   Code   RO         1750    i.HAL_RCC_GetPCLK1Freq  stm32l0xx_hal_rcc.o
    0x0800249c   0x0800249c   0x00000020   Code   RO         1751    i.HAL_RCC_GetPCLK2Freq  stm32l0xx_hal_rcc.o
    0x080024bc   0x080024bc   0x00000078   Code   RO         1752    i.HAL_RCC_GetSysClockFreq  stm32l0xx_hal_rcc.o
    0x08002534   0x08002534   0x0000045c   Code   RO         1755    i.HAL_RCC_OscConfig  stm32l0xx_hal_rcc.o
    0x08002990   0x08002990   0x0000003c   Code   RO         2690    i.HAL_RTCEx_EnableBypassShadow  stm32l0xx_hal_rtc_ex.o
    0x080029cc   0x080029cc   0x00000008   Code   RO         4715    i.HAL_RTC_AlarmAEventCallback  stm32l0xx_hal_msp.o
    0x080029d4   0x080029d4   0x000000b8   Code   RO         2551    i.HAL_RTC_DeactivateAlarm  stm32l0xx_hal_rtc.o
    0x08002a8c   0x08002a8c   0x00000044   Code   RO         2553    i.HAL_RTC_GetDate   stm32l0xx_hal_rtc.o
    0x08002ad0   0x08002ad0   0x0000005c   Code   RO         2555    i.HAL_RTC_GetTime   stm32l0xx_hal_rtc.o
    0x08002b2c   0x08002b2c   0x000000a4   Code   RO         2556    i.HAL_RTC_Init      stm32l0xx_hal_rtc.o
    0x08002bd0   0x08002bd0   0x0000005c   Code   RO         4717    i.HAL_RTC_MspInit   stm32l0xx_hal_msp.o
    0x08002c2c   0x08002c2c   0x000001a0   Code   RO         2561    i.HAL_RTC_SetAlarm_IT  stm32l0xx_hal_rtc.o
    0x08002dcc   0x08002dcc   0x000000cc   Code   RO         2562    i.HAL_RTC_SetDate   stm32l0xx_hal_rtc.o
    0x08002e98   0x08002e98   0x000000f0   Code   RO         2563    i.HAL_RTC_SetTime   stm32l0xx_hal_rtc.o
    0x08002f88   0x08002f88   0x00000034   Code   RO         2564    i.HAL_RTC_WaitForSynchro  stm32l0xx_hal_rtc.o
    0x08002fbc   0x08002fbc   0x00000084   Code   RO          993    i.HAL_SPI_Init      stm32l0xx_hal_spi.o
    0x08003040   0x08003040   0x00000002   Code   RO          995    i.HAL_SPI_MspInit   stm32l0xx_hal_spi.o
    0x08003042   0x08003042   0x000002b8   Code   RO         1002    i.HAL_SPI_TransmitReceive  stm32l0xx_hal_spi.o
    0x080032fa   0x080032fa   0x0000002a   Code   RO         3615    i.HAL_UARTEx_EnableStopMode  stm32l0xx_hal_uart_ex.o
    0x08003324   0x08003324   0x00000098   Code   RO         3616    i.HAL_UARTEx_StopModeWakeUpSourceConfig  stm32l0xx_hal_uart_ex.o
    0x080033bc   0x080033bc   0x0000006c   Code   RO         1246    i.HAL_UART_Init     stm32l0xx_hal_uart.o
    0x08003428   0x08003428   0x00000008   Code   RO         4982    i.HAL_UART_MspInit  vcom.o
    0x08003430   0x08003430   0x0000005c   Code   RO         4774    i.HW_AdcInit        stm32l0xx_hw.o
    0x0800348c   0x0800348c   0x00000094   Code   RO         4775    i.HW_AdcReadChannel  stm32l0xx_hw.o
    0x08003520   0x08003520   0x00000038   Code   RO         4424    i.HW_GPIO_GetBitPos  hw_gpio.o
    0x08003558   0x08003558   0x00000054   Code   RO         4425    i.HW_GPIO_Init      hw_gpio.o
    0x080035ac   0x080035ac   0x00000018   Code   RO         4426    i.HW_GPIO_IrqHandler  hw_gpio.o
    0x080035c4   0x080035c4   0x0000003c   Code   RO         4428    i.HW_GPIO_SetIrq    hw_gpio.o
    0x08003600   0x08003600   0x0000000a   Code   RO         4429    i.HW_GPIO_Write     hw_gpio.o
    0x0800360a   0x0800360a   0x00000002   PAD
    0x0800360c   0x0800360c   0x0000005c   Code   RO         4777    i.HW_GetBatteryLevel  stm32l0xx_hw.o
    0x08003668   0x08003668   0x00000014   Code   RO         4778    i.HW_GetRandomSeed  stm32l0xx_hw.o
    0x0800367c   0x0800367c   0x00000058   Code   RO         4779    i.HW_GetTemperatureLevel  stm32l0xx_hw.o
    0x080036d4   0x080036d4   0x00000044   Code   RO         4780    i.HW_GetUniqueId    stm32l0xx_hw.o
    0x08003718   0x08003718   0x00000034   Code   RO         4782    i.HW_Init           stm32l0xx_hw.o
    0x0800374c   0x0800374c   0x00000026   Code   RO         4475    i.HW_RTC_DelayMs    hw_rtc.o
    0x08003772   0x08003772   0x00000002   PAD
    0x08003774   0x08003774   0x000000a4   Code   RO         4476    i.HW_RTC_GetCalendarValue  hw_rtc.o
    0x08003818   0x08003818   0x00000004   Code   RO         4477    i.HW_RTC_GetMinimumTimeout  hw_rtc.o
    0x0800381c   0x0800381c   0x0000000c   Code   RO         4478    i.HW_RTC_GetTimerContext  hw_rtc.o
    0x08003828   0x08003828   0x0000001c   Code   RO         4479    i.HW_RTC_GetTimerElapsedTime  hw_rtc.o
    0x08003844   0x08003844   0x00000010   Code   RO         4480    i.HW_RTC_GetTimerValue  hw_rtc.o
    0x08003854   0x08003854   0x0000002c   Code   RO         4481    i.HW_RTC_Init       hw_rtc.o
    0x08003880   0x08003880   0x0000003c   Code   RO         4482    i.HW_RTC_IrqHandler  hw_rtc.o
    0x080038bc   0x080038bc   0x0000003c   Code   RO         4483    i.HW_RTC_SetAlarm   hw_rtc.o
    0x080038f8   0x080038f8   0x00000060   Code   RO         4484    i.HW_RTC_SetConfig  hw_rtc.o
    0x08003958   0x08003958   0x00000018   Code   RO         4485    i.HW_RTC_SetTimerContext  hw_rtc.o
    0x08003970   0x08003970   0x00000118   Code   RO         4486    i.HW_RTC_StartWakeUpAlarm  hw_rtc.o
    0x08003a88   0x08003a88   0x00000020   Code   RO         4487    i.HW_RTC_StopAlarm  hw_rtc.o
    0x08003aa8   0x08003aa8   0x00000010   Code   RO         4488    i.HW_RTC_Tick2ms    hw_rtc.o
    0x08003ab8   0x08003ab8   0x00000010   Code   RO         4490    i.HW_RTC_ms2Tick    hw_rtc.o
    0x08003ac8   0x08003ac8   0x00000020   Code   RO         4598    i.HW_SPI_InOut      hw_spi.o
    0x08003ae8   0x08003ae8   0x00000084   Code   RO         4599    i.HW_SPI_Init       hw_spi.o
    0x08003b6c   0x08003b6c   0x00000074   Code   RO         4600    i.HW_SPI_IoDeInit   hw_spi.o
    0x08003be0   0x08003be0   0x0000005c   Code   RO         4601    i.HW_SPI_IoInit     hw_spi.o
    0x08003c3c   0x08003c3c   0x00000004   Code   RO         4883    i.HardFault_Handler  stm32l0xx_it.o
    0x08003c40   0x08003c40   0x00000020   Code   RO         4983    i.IsNewCharReceived  vcom.o
    0x08003c60   0x08003c60   0x00000044   Code   RO         4643    i.LORA_ConfirmClass  main.o
    0x08003ca4   0x08003ca4   0x00000048   Code   RO         4644    i.LORA_HasJoined    main.o
    0x08003cec   0x08003cec   0x000002f4   Code   RO         5591    i.LORA_Init         lora.o
    0x08003fe0   0x08003fe0   0x00000098   Code   RO         5592    i.LORA_Join         lora.o
    0x08004078   0x08004078   0x00000018   Code   RO         5593    i.LORA_JoinStatus   lora.o
    0x08004090   0x08004090   0x0000006c   Code   RO         5594    i.LORA_RequestClass  lora.o
    0x080040fc   0x080040fc   0x00000058   Code   RO         4645    i.LORA_RxData       main.o
    0x08004154   0x08004154   0x0000007c   Code   RO         5595    i.LORA_send         lora.o
    0x080041d0   0x080041d0   0x00000034   Code   RO         8205    i.LPM_EnterLowPower  low_power_manager.o
    0x08004204   0x08004204   0x00000002   Code   RO         8206    i.LPM_EnterOffMode  low_power_manager.o
    0x08004206   0x08004206   0x0000000c   Code   RO         4783    i.LPM_EnterSleepMode  stm32l0xx_hw.o
    0x08004212   0x08004212   0x00000002   PAD
    0x08004214   0x08004214   0x00000040   Code   RO         4784    i.LPM_EnterStopMode  stm32l0xx_hw.o
    0x08004254   0x08004254   0x00000002   Code   RO         8209    i.LPM_ExitOffMode   low_power_manager.o
    0x08004256   0x08004256   0x00000002   Code   RO         8210    i.LPM_ExitSleepMode  low_power_manager.o
    0x08004258   0x08004258   0x00000054   Code   RO         4785    i.LPM_ExitStopMode  stm32l0xx_hw.o
    0x080042ac   0x080042ac   0x00000028   Code   RO         8212    i.LPM_GetMode       low_power_manager.o
    0x080042d4   0x080042d4   0x00000028   Code   RO         8213    i.LPM_SetOffMode    low_power_manager.o
    0x080042fc   0x080042fc   0x00000028   Code   RO         8214    i.LPM_SetStopMode   low_power_manager.o
    0x08004324   0x08004324   0x0000007c   Code   RO         8066    i.LoRaMacComputeMic  loramaccrypto.o
    0x080043a0   0x080043a0   0x00000234   Code   RO         7833    i.LoRaMacInitialization  loramac.o
    0x080045d4   0x080045d4   0x00000048   Code   RO         8067    i.LoRaMacJoinComputeMic  loramaccrypto.o
    0x0800461c   0x0800461c   0x00000088   Code   RO         8068    i.LoRaMacJoinComputeSKeys  loramaccrypto.o
    0x080046a4   0x080046a4   0x00000040   Code   RO         8069    i.LoRaMacJoinDecrypt  loramaccrypto.o
    0x080046e4   0x080046e4   0x0000012c   Code   RO         7834    i.LoRaMacMcpsRequest  loramac.o
    0x08004810   0x08004810   0x000000f8   Code   RO         7835    i.LoRaMacMibGetRequestConfirm  loramac.o
    0x08004908   0x08004908   0x0000026c   Code   RO         7836    i.LoRaMacMibSetRequestConfirm  loramac.o
    0x08004b74   0x08004b74   0x00000138   Code   RO         7837    i.LoRaMacMlmeRequest  loramac.o
    0x08004cac   0x08004cac   0x00000010   Code   RO         8070    i.LoRaMacPayloadDecrypt  loramaccrypto.o
    0x08004cbc   0x08004cbc   0x000000c0   Code   RO         8071    i.LoRaMacPayloadEncrypt  loramaccrypto.o
    0x08004d7c   0x08004d7c   0x000000b8   Code   RO         7840    i.LoRaMacQueryTxPossible  loramac.o
    0x08004e34   0x08004e34   0x00000020   Code   RO         7843    i.LoRaMacTestSetDutyCycleOn  loramac.o
    0x08004e54   0x08004e54   0x00000030   Code   RO         4718    i.MSP_GetIRQn       stm32l0xx_hal_msp.o
    0x08004e84   0x08004e84   0x00000002   Code   RO         5596    i.McpsConfirm       lora.o
    0x08004e86   0x08004e86   0x00000002   PAD
    0x08004e88   0x08004e88   0x00000058   Code   RO         5597    i.McpsIndication    lora.o
    0x08004ee0   0x08004ee0   0x00000040   Code   RO         5598    i.MlmeConfirm       lora.o
    0x08004f20   0x08004f20   0x00000002   Code   RO         4885    i.NMI_Handler       stm32l0xx_it.o
    0x08004f22   0x08004f22   0x00000002   PAD
    0x08004f24   0x08004f24   0x00000044   Code   RO         2148    i.NVIC_SetPriority  stm32l0xx_hal_cortex.o
    0x08004f68   0x08004f68   0x0000001c   Code   RO         5092    i.NVIC_SystemReset  at.o
    0x08004f84   0x08004f84   0x00000038   Code   RO         7845    i.OnAckTimeoutTimerEvent  loramac.o
    0x08004fbc   0x08004fbc   0x00000008   Code   RO         8125    i.OnCertifTxNextPacketTimerEvent  lora-test.o
    0x08004fc4   0x08004fc4   0x00000230   Code   RO         7846    i.OnMacStateCheckTimerEvent  loramac.o
    0x080051f4   0x080051f4   0x000004d4   Code   RO         7847    i.OnRadioRxDone     loramac.o
    0x080056c8   0x080056c8   0x00000060   Code   RO         7848    i.OnRadioRxError    loramac.o
    0x08005728   0x08005728   0x00000068   Code   RO         7849    i.OnRadioRxTimeout  loramac.o
    0x08005790   0x08005790   0x000000ec   Code   RO         7850    i.OnRadioTxDone     loramac.o
    0x0800587c   0x0800587c   0x0000003c   Code   RO         7851    i.OnRadioTxTimeout  loramac.o
    0x080058b8   0x080058b8   0x00000060   Code   RO         7852    i.OnRxWindow1TimerEvent  loramac.o
    0x08005918   0x08005918   0x0000005c   Code   RO         7853    i.OnRxWindow2TimerEvent  loramac.o
    0x08005974   0x08005974   0x00000070   Code   RO         7854    i.OnTxDelayedTimerEvent  loramac.o
    0x080059e4   0x080059e4   0x00000028   Code   RO         4646    i.OnTxTimerEvent    main.o
    0x08005a0c   0x08005a0c   0x00000054   Code   RO         7855    i.ParseMacCommandsToRepeat  loramac.o
    0x08005a60   0x08005a60   0x00000002   Code   RO         4886    i.PendSV_Handler    stm32l0xx_it.o
    0x08005a62   0x08005a62   0x00000002   PAD
    0x08005a64   0x08005a64   0x00000280   Code   RO         7856    i.PrepareFrame      loramac.o
    0x08005ce4   0x08005ce4   0x0000003c   Code   RO         7857    i.PrepareRxDoneAbort  loramac.o
    0x08005d20   0x08005d20   0x000002b8   Code   RO         7858    i.ProcessMacCommands  loramac.o
    0x08005fd8   0x08005fd8   0x00000070   Code   RO         1756    i.RCC_SetFlashLatencyFromMSIRange  stm32l0xx_hal_rcc.o
    0x08006048   0x08006048   0x00000010   Code   RO         4887    i.RNG_LPUART1_IRQHandler  stm32l0xx_it.o
    0x08006058   0x08006058   0x00000010   Code   RO         2565    i.RTC_Bcd2ToByte    stm32l0xx_hal_rtc.o
    0x08006068   0x08006068   0x00000016   Code   RO         2566    i.RTC_ByteToBcd2    stm32l0xx_hal_rtc.o
    0x0800607e   0x0800607e   0x00000038   Code   RO         2567    i.RTC_EnterInitMode  stm32l0xx_hal_rtc.o
    0x080060b6   0x080060b6   0x00000008   Code   RO         4888    i.RTC_IRQHandler    stm32l0xx_it.o
    0x080060be   0x080060be   0x00000002   PAD
    0x080060c0   0x080060c0   0x000001a8   Code   RO         5599    i.Read_Config       lora.o
    0x08006268   0x08006268   0x0000001e   Code   RO         5872    i.RegionAdrNext     region.o
    0x08006286   0x08006286   0x00000012   Code   RO         5873    i.RegionAlternateDr  region.o
    0x08006298   0x08006298   0x0000000e   Code   RO         5874    i.RegionApplyCFList  region.o
    0x080062a6   0x080062a6   0x0000001a   Code   RO         5875    i.RegionApplyDrOffset  region.o
    0x080062c0   0x080062c0   0x0000000e   Code   RO         5876    i.RegionCalcBackOff  region.o
    0x080062ce   0x080062ce   0x00000012   Code   RO         5877    i.RegionChanMaskSet  region.o
    0x080062e0   0x080062e0   0x0000005c   Code   RO         6698    i.RegionCommonCalcBackOff  regioncommon.o
    0x0800633c   0x0800633c   0x00000026   Code   RO         6699    i.RegionCommonChanDisable  regioncommon.o
    0x08006362   0x08006362   0x0000001e   Code   RO         6700    i.RegionCommonChanMaskCopy  regioncommon.o
    0x08006380   0x08006380   0x00000060   Code   RO         6701    i.RegionCommonChanVerifyDr  regioncommon.o
    0x080063e0   0x080063e0   0x00000090   Code   RO         6702    i.RegionCommonComputeRxWindowParameters  regioncommon.o
    0x08006470   0x08006470   0x00000018   Code   RO         6703    i.RegionCommonComputeSymbolTimeFsk  regioncommon.o
    0x08006488   0x08006488   0x0000002c   Code   RO         6704    i.RegionCommonComputeSymbolTimeLoRa  regioncommon.o
    0x080064b4   0x080064b4   0x00000028   Code   RO         6705    i.RegionCommonComputeTxPower  regioncommon.o
    0x080064dc   0x080064dc   0x00000044   Code   RO         6706    i.RegionCommonCountChannels  regioncommon.o
    0x08006520   0x08006520   0x00000028   Code   RO         6707    i.RegionCommonGetJoinDc  regioncommon.o
    0x08006548   0x08006548   0x00000098   Code   RO         6708    i.RegionCommonLinkAdrReqVerifyParams  regioncommon.o
    0x080065e0   0x080065e0   0x00000036   Code   RO         6709    i.RegionCommonParseLinkAdrReq  regioncommon.o
    0x08006616   0x08006616   0x0000000a   Code   RO         6710    i.RegionCommonSetBandTxDone  regioncommon.o
    0x08006620   0x08006620   0x000000be   Code   RO         6711    i.RegionCommonUpdateBandTimeOff  regioncommon.o
    0x080066de   0x080066de   0x00000010   Code   RO         6712    i.RegionCommonValueInRange  regioncommon.o
    0x080066ee   0x080066ee   0x0000001a   Code   RO         5880    i.RegionComputeRxWindowParameters  region.o
    0x08006708   0x08006708   0x00000012   Code   RO         5881    i.RegionDlChannelReq  region.o
    0x0800671a   0x0800671a   0x00000002   PAD
    0x0800671c   0x0800671c   0x00000078   Code   RO         6971    i.RegionEU868AdrNext  regioneu868.o
    0x08006794   0x08006794   0x00000040   Code   RO         6972    i.RegionEU868AlternateDr  regioneu868.o
    0x080067d4   0x080067d4   0x00000074   Code   RO         6973    i.RegionEU868ApplyCFList  regioneu868.o
    0x08006848   0x08006848   0x0000000e   Code   RO         6974    i.RegionEU868ApplyDrOffset  regioneu868.o
    0x08006856   0x08006856   0x00000002   PAD
    0x08006858   0x08006858   0x00000038   Code   RO         6975    i.RegionEU868CalcBackOff  regioneu868.o
    0x08006890   0x08006890   0x0000002c   Code   RO         6976    i.RegionEU868ChanMaskSet  regioneu868.o
    0x080068bc   0x080068bc   0x000000dc   Code   RO         6977    i.RegionEU868ChannelAdd  regioneu868.o
    0x08006998   0x08006998   0x00000030   Code   RO         6978    i.RegionEU868ChannelsRemove  regioneu868.o
    0x080069c8   0x080069c8   0x00000064   Code   RO         6979    i.RegionEU868ComputeRxWindowParameters  regioneu868.o
    0x08006a2c   0x08006a2c   0x0000003c   Code   RO         6980    i.RegionEU868DlChannelReq  regioneu868.o
    0x08006a68   0x08006a68   0x000000d0   Code   RO         6981    i.RegionEU868GetPhyParam  regioneu868.o
    0x08006b38   0x08006b38   0x00000050   Code   RO         6982    i.RegionEU868InitDefaults  regioneu868.o
    0x08006b88   0x08006b88   0x00000118   Code   RO         6983    i.RegionEU868LinkAdrReq  regioneu868.o
    0x08006ca0   0x08006ca0   0x00000048   Code   RO         6984    i.RegionEU868NewChannelReq  regioneu868.o
    0x08006ce8   0x08006ce8   0x000000b8   Code   RO         6985    i.RegionEU868NextChannel  regioneu868.o
    0x08006da0   0x08006da0   0x000000e0   Code   RO         6986    i.RegionEU868RxConfig  regioneu868.o
    0x08006e80   0x08006e80   0x00000044   Code   RO         6987    i.RegionEU868RxParamSetupReq  regioneu868.o
    0x08006ec4   0x08006ec4   0x00000028   Code   RO         6988    i.RegionEU868SetBandTxDone  regioneu868.o
    0x08006eec   0x08006eec   0x00000048   Code   RO         6989    i.RegionEU868SetContinuousWave  regioneu868.o
    0x08006f34   0x08006f34   0x00000110   Code   RO         6990    i.RegionEU868TxConfig  regioneu868.o
    0x08007044   0x08007044   0x00000006   Code   RO         6991    i.RegionEU868TxParamSetupReq  regioneu868.o
    0x0800704a   0x0800704a   0x0000004c   Code   RO         6992    i.RegionEU868Verify  regioneu868.o
    0x08007096   0x08007096   0x00000014   Code   RO         5882    i.RegionGetPhyParam  region.o
    0x080070aa   0x080070aa   0x0000000e   Code   RO         5883    i.RegionInitDefaults  region.o
    0x080070b8   0x080070b8   0x0000000c   Code   RO         5884    i.RegionIsActive    region.o
    0x080070c4   0x080070c4   0x00000022   Code   RO         5885    i.RegionLinkAdrReq  region.o
    0x080070e6   0x080070e6   0x00000012   Code   RO         5886    i.RegionNewChannelReq  region.o
    0x080070f8   0x080070f8   0x0000001e   Code   RO         5887    i.RegionNextChannel  region.o
    0x08007116   0x08007116   0x00000016   Code   RO         5888    i.RegionRxConfig    region.o
    0x0800712c   0x0800712c   0x00000012   Code   RO         5889    i.RegionRxParamSetupReq  region.o
    0x0800713e   0x0800713e   0x0000000e   Code   RO         5890    i.RegionSetBandTxDone  region.o
    0x0800714c   0x0800714c   0x0000000e   Code   RO         5891    i.RegionSetContinuousWave  region.o
    0x0800715a   0x0800715a   0x0000001a   Code   RO         5892    i.RegionTxConfig    region.o
    0x08007174   0x08007174   0x00000012   Code   RO         5893    i.RegionTxParamSetupReq  region.o
    0x08007186   0x08007186   0x00000016   Code   RO         5894    i.RegionVerify      region.o
    0x0800719c   0x0800719c   0x00000080   Code   RO         7859    i.ResetMacParameters  loramac.o
    0x0800721c   0x0800721c   0x00000094   Code   RO            4    i.RxChainCalibration  sx1276.o
    0x080072b0   0x080072b0   0x00000018   Code   RO         7860    i.RxWindowSetup     loramac.o
    0x080072c8   0x080072c8   0x000000b2   Code   RO         1023    i.SPI_WaitOnFlagUntilTimeout  stm32l0xx_hal_spi.o
    0x0800737a   0x0800737a   0x00000002   Code   RO         4889    i.SVC_Handler       stm32l0xx_it.o
    0x0800737c   0x0800737c   0x0000000c   Code   RO            5    i.SX1276BoardInit   sx1276.o
    0x08007388   0x08007388   0x00000004   Code   RO          863    i.SX1276CheckRfFrequency  sx1276mb1las.o
    0x0800738c   0x0800738c   0x0000000c   Code   RO          864    i.SX1276GetPaSelect  sx1276mb1las.o
    0x08007398   0x08007398   0x00000014   Code   RO            6    i.SX1276GetRadioWakeUpTime  sx1276.o
    0x080073ac   0x080073ac   0x0000000c   Code   RO            7    i.SX1276GetStatus   sx1276.o
    0x080073b8   0x080073b8   0x000001e4   Code   RO            8    i.SX1276GetTimeOnAir  sx1276.o
    0x0800759c   0x0800759c   0x00000004   Code   RO          865    i.SX1276GetWakeTime  sx1276mb1las.o
    0x080075a0   0x080075a0   0x0000008c   Code   RO            9    i.SX1276Init        sx1276.o
    0x0800762c   0x0800762c   0x00000054   Code   RO          866    i.SX1276IoDeInit    sx1276mb1las.o
    0x08007680   0x08007680   0x00000064   Code   RO          867    i.SX1276IoInit      sx1276mb1las.o
    0x080076e4   0x080076e4   0x00000048   Code   RO          868    i.SX1276IoIrqInit   sx1276mb1las.o
    0x0800772c   0x0800772c   0x0000004e   Code   RO           10    i.SX1276IsChannelFree  sx1276.o
    0x0800777a   0x0800777a   0x00000002   PAD
    0x0800777c   0x0800777c   0x0000027c   Code   RO           11    i.SX1276OnDio0Irq   sx1276.o
    0x080079f8   0x080079f8   0x000000d8   Code   RO           12    i.SX1276OnDio1Irq   sx1276.o
    0x08007ad0   0x08007ad0   0x000000b4   Code   RO           13    i.SX1276OnDio2Irq   sx1276.o
    0x08007b84   0x08007b84   0x00000054   Code   RO           14    i.SX1276OnDio3Irq   sx1276.o
    0x08007bd8   0x08007bd8   0x0000001c   Code   RO           15    i.SX1276OnDio4Irq   sx1276.o
    0x08007bf4   0x08007bf4   0x000000c8   Code   RO           17    i.SX1276OnTimeoutIrq  sx1276.o
    0x08007cbc   0x08007cbc   0x0000003e   Code   RO           18    i.SX1276Random      sx1276.o
    0x08007cfa   0x08007cfa   0x00000010   Code   RO           19    i.SX1276Read        sx1276.o
    0x08007d0a   0x08007d0a   0x00000042   Code   RO           20    i.SX1276ReadBuffer  sx1276.o
    0x08007d4c   0x08007d4c   0x0000000e   Code   RO           21    i.SX1276ReadFifo    sx1276.o
    0x08007d5a   0x08007d5a   0x00000002   PAD
    0x08007d5c   0x08007d5c   0x00000044   Code   RO           22    i.SX1276ReadRssi    sx1276.o
    0x08007da0   0x08007da0   0x00000050   Code   RO           23    i.SX1276Reset       sx1276.o
    0x08007df0   0x08007df0   0x000000f0   Code   RO           24    i.SX1276Send        sx1276.o
    0x08007ee0   0x08007ee0   0x0000001c   Code   RO          869    i.SX1276SetAntSw    sx1276mb1las.o
    0x08007efc   0x08007efc   0x00000044   Code   RO          870    i.SX1276SetAntSwLowPower  sx1276mb1las.o
    0x08007f40   0x08007f40   0x00000050   Code   RO           25    i.SX1276SetChannel  sx1276.o
    0x08007f90   0x08007f90   0x00000030   Code   RO           26    i.SX1276SetMaxPayloadLength  sx1276.o
    0x08007fc0   0x08007fc0   0x00000070   Code   RO           27    i.SX1276SetModem    sx1276.o
    0x08008030   0x08008030   0x0000005c   Code   RO           28    i.SX1276SetOpMode   sx1276.o
    0x0800808c   0x0800808c   0x00000024   Code   RO           29    i.SX1276SetPublicNetwork  sx1276.o
    0x080080b0   0x080080b0   0x000000a0   Code   RO          871    i.SX1276SetRfTxPower  sx1276mb1las.o
    0x08008150   0x08008150   0x000001fc   Code   RO           30    i.SX1276SetRx       sx1276.o
    0x0800834c   0x0800834c   0x00000288   Code   RO           31    i.SX1276SetRxConfig  sx1276.o
    0x080085d4   0x080085d4   0x00000024   Code   RO           32    i.SX1276SetSleep    sx1276.o
    0x080085f8   0x080085f8   0x00000024   Code   RO           33    i.SX1276SetStby     sx1276.o
    0x0800861c   0x0800861c   0x000000a4   Code   RO           34    i.SX1276SetTx       sx1276.o
    0x080086c0   0x080086c0   0x000001fc   Code   RO           35    i.SX1276SetTxConfig  sx1276.o
    0x080088bc   0x080088bc   0x0000007c   Code   RO           36    i.SX1276SetTxContinuousWave  sx1276.o
    0x08008938   0x08008938   0x00000002   Code   RO          872    i.SX1276SetXO       sx1276mb1las.o
    0x0800893a   0x0800893a   0x00000002   PAD
    0x0800893c   0x0800893c   0x00000038   Code   RO           37    i.SX1276StartCad    sx1276.o
    0x08008974   0x08008974   0x0000000c   Code   RO           38    i.SX1276Write       sx1276.o
    0x08008980   0x08008980   0x00000042   Code   RO           39    i.SX1276WriteBuffer  sx1276.o
    0x080089c2   0x080089c2   0x0000000e   Code   RO           40    i.SX1276WriteFifo   sx1276.o
    0x080089d0   0x080089d0   0x0000010c   Code   RO         7861    i.ScheduleTx        loramac.o
    0x08008adc   0x08008adc   0x000000f0   Code   RO         4647    i.Send              main.o
    0x08008bcc   0x08008bcc   0x00000040   Code   RO         7862    i.Send              loramac.o
    0x08008c0c   0x08008c0c   0x000000c4   Code   RO         7863    i.SendFrameOnChannel  loramac.o
    0x08008cd0   0x08008cd0   0x00000054   Code   RO         7864    i.SetTxContinuousWave  loramac.o
    0x08008d24   0x08008d24   0x0000003c   Code   RO         7865    i.SetTxContinuousWave1  loramac.o
    0x08008d60   0x08008d60   0x0000021c   Code   RO         5600    i.Store_Config      lora.o
    0x08008f7c   0x08008f7c   0x00000008   Code   RO         4890    i.SysTick_Handler   stm32l0xx_it.o
    0x08008f84   0x08008f84   0x0000008c   Code   RO         4786    i.SystemClock_Config  stm32l0xx_hw.o
    0x08009010   0x08009010   0x00000054   Code   RO          952    i.SystemInit        system_stm32l0xx.o
    0x08009064   0x08009064   0x0000000c   Code   RO         8281    i.TimerGetCurrentTime  timeserver.o
    0x08009070   0x08009070   0x00000018   Code   RO         8282    i.TimerGetElapsedTime  timeserver.o
    0x08009088   0x08009088   0x0000000e   Code   RO         8283    i.TimerInit         timeserver.o
    0x08009096   0x08009096   0x00000002   PAD
    0x08009098   0x08009098   0x0000001c   Code   RO         8284    i.TimerInsertNewHeadTimer  timeserver.o
    0x080090b4   0x080090b4   0x00000078   Code   RO         8285    i.TimerIrqHandler   timeserver.o
    0x0800912c   0x0800912c   0x0000002c   Code   RO         8287    i.TimerSetTimeout   timeserver.o
    0x08009158   0x08009158   0x00000022   Code   RO         8288    i.TimerSetValue     timeserver.o
    0x0800917a   0x0800917a   0x00000002   PAD
    0x0800917c   0x0800917c   0x00000070   Code   RO         8289    i.TimerStart        timeserver.o
    0x080091ec   0x080091ec   0x00000060   Code   RO         8290    i.TimerStop         timeserver.o
    0x0800924c   0x0800924c   0x000000ca   Code   RO         1259    i.UART_AdvFeatureConfig  stm32l0xx_hal_uart.o
    0x08009316   0x08009316   0x00000002   PAD
    0x08009318   0x08009318   0x00000060   Code   RO         1260    i.UART_CheckIdleState  stm32l0xx_hal_uart.o
    0x08009378   0x08009378   0x00000230   Code   RO         1274    i.UART_SetConfig    stm32l0xx_hal_uart.o
    0x080095a8   0x080095a8   0x00000062   Code   RO         1276    i.UART_WaitOnFlagUntilTimeout  stm32l0xx_hal_uart.o
    0x0800960a   0x0800960a   0x00000002   PAD
    0x0800960c   0x0800960c   0x00000048   Code   RO         7866    i.ValidatePayloadLength  loramac.o
    0x08009654   0x08009654   0x00000098   Code   RO         6993    i.VerifyTxFreq      regioneu868.o
    0x080096ec   0x080096ec   0x00000020   Code   RO         8774    i.__0printf         mc_p.l(printfa.o)
    0x0800970c   0x0800970c   0x0000002e   Code   RO         8868    i.__ARM_clz         mf_p.l(depilogue.o)
    0x0800973a   0x0800973a   0x00000030   Code   RO         4583    i.__ARM_common_ll_muluu  hw_rtc.o
    0x0800976a   0x0800976a   0x0000001a   Code   RO          238    i.__ARM_common_switch8  sx1276.o
    0x08009784   0x08009784   0x0000000e   Code   RO         8882    i.__scatterload_copy  mc_p.l(handlers.o)
    0x08009792   0x08009792   0x00000002   Code   RO         8883    i.__scatterload_null  mc_p.l(handlers.o)
    0x08009794   0x08009794   0x0000000e   Code   RO         8884    i.__scatterload_zeroinit  mc_p.l(handlers.o)
    0x080097a2   0x080097a2   0x00000002   PAD
    0x080097a4   0x080097a4   0x00000174   Code   RO         8781    i._fp_digits        mc_p.l(printfa.o)
    0x08009918   0x08009918   0x000006ec   Code   RO         8782    i._printf_core      mc_p.l(printfa.o)
    0x0800a004   0x0800a004   0x00000020   Code   RO         8783    i._printf_post_padding  mc_p.l(printfa.o)
    0x0800a024   0x0800a024   0x0000002c   Code   RO         8784    i._printf_pre_padding  mc_p.l(printfa.o)
    0x0800a050   0x0800a050   0x00000054   Code   RO         8422    i.aes_encrypt       aes.o
    0x0800a0a4   0x0800a0a4   0x000000fc   Code   RO         8423    i.aes_set_key       aes.o
    0x0800a1a0   0x0800a1a0   0x00000022   Code   RO         5093    i.at_ADR_get        at.o
    0x0800a1c2   0x0800a1c2   0x0000002a   Code   RO         5094    i.at_ADR_set        at.o
    0x0800a1ec   0x0800a1ec   0x0000000e   Code   RO         5095    i.at_AppEUI_get     at.o
    0x0800a1fa   0x0800a1fa   0x00000002   PAD
    0x0800a1fc   0x0800a1fc   0x00000064   Code   RO         5096    i.at_AppEUI_set     at.o
    0x0800a260   0x0800a260   0x0000000e   Code   RO         5097    i.at_AppKey_get     at.o
    0x0800a26e   0x0800a26e   0x0000001c   Code   RO         5098    i.at_AppKey_set     at.o
    0x0800a28a   0x0800a28a   0x0000000e   Code   RO         5099    i.at_AppSKey_get    at.o
    0x0800a298   0x0800a298   0x0000001c   Code   RO         5100    i.at_AppSKey_set    at.o
    0x0800a2b4   0x0800a2b4   0x00000024   Code   RO         5101    i.at_DataRate_get   at.o
    0x0800a2d8   0x0800a2d8   0x00000028   Code   RO         5102    i.at_DataRate_set   at.o
    0x0800a300   0x0800a300   0x0000000a   Code   RO         5103    i.at_DevAddr_get    at.o
    0x0800a30a   0x0800a30a   0x0000001a   Code   RO         5104    i.at_DevAddr_set    at.o
    0x0800a324   0x0800a324   0x0000000e   Code   RO         5105    i.at_DevEUI_get     at.o
    0x0800a332   0x0800a332   0x00000002   PAD
    0x0800a334   0x0800a334   0x00000064   Code   RO         5106    i.at_DevEUI_set     at.o
    0x0800a398   0x0800a398   0x00000030   Code   RO         5107    i.at_DeviceClass_get  at.o
    0x0800a3c8   0x0800a3c8   0x0000002a   Code   RO         5108    i.at_DeviceClass_set  at.o
    0x0800a3f2   0x0800a3f2   0x00000020   Code   RO         5109    i.at_DownlinkCounter_get  at.o
    0x0800a412   0x0800a412   0x00000002   PAD
    0x0800a414   0x0800a414   0x00000028   Code   RO         5110    i.at_DownlinkCounter_set  at.o
    0x0800a43c   0x0800a43c   0x00000020   Code   RO         5111    i.at_DutyCycle_get  at.o
    0x0800a45c   0x0800a45c   0x0000001e   Code   RO         5112    i.at_DutyCycle_set  at.o
    0x0800a47a   0x0800a47a   0x00000002   PAD
    0x0800a47c   0x0800a47c   0x00000024   Code   RO         5113    i.at_FDR            at.o
    0x0800a4a0   0x0800a4a0   0x0000000a   Code   RO         5114    i.at_Join           at.o
    0x0800a4aa   0x0800a4aa   0x00000020   Code   RO         5115    i.at_JoinAcceptDelay1_get  at.o
    0x0800a4ca   0x0800a4ca   0x00000002   PAD
    0x0800a4cc   0x0800a4cc   0x00000028   Code   RO         5116    i.at_JoinAcceptDelay1_set  at.o
    0x0800a4f4   0x0800a4f4   0x00000020   Code   RO         5117    i.at_JoinAcceptDelay2_get  at.o
    0x0800a514   0x0800a514   0x00000028   Code   RO         5118    i.at_JoinAcceptDelay2_set  at.o
    0x0800a53c   0x0800a53c   0x00000050   Code   RO         5119    i.at_NetworkID_get  at.o
    0x0800a58c   0x0800a58c   0x00000022   Code   RO         5120    i.at_NetworkID_set  at.o
    0x0800a5ae   0x0800a5ae   0x00000014   Code   RO         5121    i.at_NetworkJoinMode_get  at.o
    0x0800a5c2   0x0800a5c2   0x0000001e   Code   RO         5122    i.at_NetworkJoinMode_set  at.o
    0x0800a5e0   0x0800a5e0   0x00000028   Code   RO         5123    i.at_NetworkJoinStatus  at.o
    0x0800a608   0x0800a608   0x0000000e   Code   RO         5124    i.at_NwkSKey_get    at.o
    0x0800a616   0x0800a616   0x0000001c   Code   RO         5125    i.at_NwkSKey_set    at.o
    0x0800a632   0x0800a632   0x00000022   Code   RO         5126    i.at_PublicNetwork_get  at.o
    0x0800a654   0x0800a654   0x0000002a   Code   RO         5127    i.at_PublicNetwork_set  at.o
    0x0800a67e   0x0800a67e   0x00000002   PAD
    0x0800a680   0x0800a680   0x0000003c   Code   RO         5128    i.at_Receive        at.o
    0x0800a6bc   0x0800a6bc   0x00000048   Code   RO         5129    i.at_ReceiveBinary  at.o
    0x0800a704   0x0800a704   0x00000020   Code   RO         5130    i.at_Rx1Delay_get   at.o
    0x0800a724   0x0800a724   0x00000028   Code   RO         5131    i.at_Rx1Delay_set   at.o
    0x0800a74c   0x0800a74c   0x00000022   Code   RO         5132    i.at_Rx2DataRate_get  at.o
    0x0800a76e   0x0800a76e   0x00000002   PAD
    0x0800a770   0x0800a770   0x00000040   Code   RO         5133    i.at_Rx2DataRate_set  at.o
    0x0800a7b0   0x0800a7b0   0x00000020   Code   RO         5134    i.at_Rx2Delay_get   at.o
    0x0800a7d0   0x0800a7d0   0x00000028   Code   RO         5135    i.at_Rx2Delay_set   at.o
    0x0800a7f8   0x0800a7f8   0x00000020   Code   RO         5136    i.at_Rx2Frequency_get  at.o
    0x0800a818   0x0800a818   0x0000003c   Code   RO         5137    i.at_Rx2Frequency_set  at.o
    0x0800a854   0x0800a854   0x00000098   Code   RO         5138    i.at_Send           at.o
    0x0800a8ec   0x0800a8ec   0x000000cc   Code   RO         5139    i.at_SendBinary     at.o
    0x0800a9b8   0x0800a9b8   0x00000014   Code   RO         5140    i.at_TDC_get        at.o
    0x0800a9cc   0x0800a9cc   0x00000020   Code   RO         5141    i.at_TDC_set        at.o
    0x0800a9ec   0x0800a9ec   0x00000024   Code   RO         5142    i.at_TransmitPower_get  at.o
    0x0800aa10   0x0800aa10   0x0000002c   Code   RO         5143    i.at_TransmitPower_set  at.o
    0x0800aa3c   0x0800aa3c   0x00000020   Code   RO         5144    i.at_UplinkCounter_get  at.o
    0x0800aa5c   0x0800aa5c   0x00000028   Code   RO         5145    i.at_UplinkCounter_set  at.o
    0x0800aa84   0x0800aa84   0x00000014   Code   RO         5146    i.at_ack_get        at.o
    0x0800aa98   0x0800aa98   0x0000001e   Code   RO         5147    i.at_ack_set        at.o
    0x0800aab6   0x0800aab6   0x00000014   Code   RO         5148    i.at_isack_get      at.o
    0x0800aaca   0x0800aaca   0x00000004   Code   RO         5149    i.at_reset          at.o
    0x0800aace   0x0800aace   0x00000004   Code   RO         5150    i.at_return_error   at.o
    0x0800aad2   0x0800aad2   0x0000000e   Code   RO         5152    i.at_rssi_get       at.o
    0x0800aae0   0x0800aae0   0x0000000e   Code   RO         5153    i.at_snr_get        at.o
    0x0800aaee   0x0800aaee   0x00000002   PAD
    0x0800aaf0   0x0800aaf0   0x00000014   Code   RO         5154    i.at_version_get    at.o
    0x0800ab04   0x0800ab04   0x000000c8   Code   RO         8511    i.ceil              m_ps.l(ceil.o)
    0x0800abcc   0x0800abcc   0x00000010   Code   RO         8126    i.certif_DownLinkIncrement  lora-test.o
    0x0800abdc   0x0800abdc   0x00000014   Code   RO         8127    i.certif_linkCheck  lora-test.o
    0x0800abf0   0x0800abf0   0x0000000c   Code   RO         8128    i.certif_running    lora-test.o
    0x0800abfc   0x0800abfc   0x00000194   Code   RO         8129    i.certif_rx         lora-test.o
    0x0800ad90   0x0800ad90   0x000000a4   Code   RO         8130    i.certif_tx         lora-test.o
    0x0800ae34   0x0800ae34   0x00000018   Code   RO         5541    i.com_error         command.o
    0x0800ae4c   0x0800ae4c   0x0000000c   Code   RO         5601    i.configcount       lora.o
    0x0800ae58   0x0800ae58   0x00000084   Code   RO         8424    i.copy_and_key      aes.o
    0x0800aedc   0x0800aedc   0x00000042   Code   RO         8425    i.copy_block        aes.o
    0x0800af1e   0x0800af1e   0x00000002   PAD
    0x0800af20   0x0800af20   0x00000104   Code   RO         5850    i.ee_number         tiny_vsnprintf.o
    0x0800b024   0x0800b024   0x000000c8   Code   RO         8515    i.floor             m_ps.l(floor.o)
    0x0800b0ec   0x0800b0ec   0x00000012   Code   RO         8854    i.fputc             mc_p.l(fputc.o)
    0x0800b0fe   0x0800b0fe   0x00000002   PAD
    0x0800b100   0x0800b100   0x00000008   Code   RO         5602    i.lora_config_appeui_get  lora.o
    0x0800b108   0x0800b108   0x00000014   Code   RO         5603    i.lora_config_appeui_set  lora.o
    0x0800b11c   0x0800b11c   0x00000008   Code   RO         5604    i.lora_config_appkey_get  lora.o
    0x0800b124   0x0800b124   0x00000014   Code   RO         5605    i.lora_config_appkey_set  lora.o
    0x0800b138   0x0800b138   0x00000008   Code   RO         5606    i.lora_config_appskey_get  lora.o
    0x0800b140   0x0800b140   0x00000014   Code   RO         5607    i.lora_config_appskey_set  lora.o
    0x0800b154   0x0800b154   0x0000001c   Code   RO         5608    i.lora_config_devaddr_get  lora.o
    0x0800b170   0x0800b170   0x0000000c   Code   RO         5609    i.lora_config_devaddr_set  lora.o
    0x0800b17c   0x0800b17c   0x00000008   Code   RO         5610    i.lora_config_deveui_get  lora.o
    0x0800b184   0x0800b184   0x00000014   Code   RO         5611    i.lora_config_deveui_set  lora.o
    0x0800b198   0x0800b198   0x0000000c   Code   RO         5612    i.lora_config_duty_cycle_get  lora.o
    0x0800b1a4   0x0800b1a4   0x00000018   Code   RO         5613    i.lora_config_duty_cycle_set  lora.o
    0x0800b1bc   0x0800b1bc   0x00000018   Code   RO         5614    i.lora_config_isack_get  lora.o
    0x0800b1d4   0x0800b1d4   0x00000008   Code   RO         5615    i.lora_config_nwkskey_get  lora.o
    0x0800b1dc   0x0800b1dc   0x00000014   Code   RO         5616    i.lora_config_nwkskey_set  lora.o
    0x0800b1f0   0x0800b1f0   0x0000000c   Code   RO         5617    i.lora_config_otaa_get  lora.o
    0x0800b1fc   0x0800b1fc   0x0000000c   Code   RO         5618    i.lora_config_otaa_set  lora.o
    0x0800b208   0x0800b208   0x0000000c   Code   RO         5619    i.lora_config_reqack_get  lora.o
    0x0800b214   0x0800b214   0x0000000c   Code   RO         5620    i.lora_config_reqack_set  lora.o
    0x0800b220   0x0800b220   0x0000000c   Code   RO         5621    i.lora_config_rssi_get  lora.o
    0x0800b22c   0x0800b22c   0x0000000c   Code   RO         5622    i.lora_config_snr_get  lora.o
    0x0800b238   0x0800b238   0x0000000c   Code   RO         5624    i.lora_config_tx_datarate_set  lora.o
    0x0800b244   0x0800b244   0x00000044   Code   RO         4648    i.main              main.o
    0x0800b288   0x0800b288   0x00000016   Code   RO         8366    i.memcpy1           utilities.o
    0x0800b29e   0x0800b29e   0x0000001a   Code   RO         8367    i.memcpyr           utilities.o
    0x0800b2b8   0x0800b2b8   0x00000012   Code   RO         8368    i.memset1           utilities.o
    0x0800b2ca   0x0800b2ca   0x00000002   PAD
    0x0800b2cc   0x0800b2cc   0x00000218   Code   RO         8426    i.mix_sub_columns   aes.o
    0x0800b4e4   0x0800b4e4   0x000000b8   Code   RO         5542    i.parse_cmd         command.o
    0x0800b59c   0x0800b59c   0x00000048   Code   RO         5155    i.print_16_02x      at.o
    0x0800b5e4   0x0800b5e4   0x00000054   Code   RO         5156    i.print_8_02x       at.o
    0x0800b638   0x0800b638   0x00000014   Code   RO         5157    i.print_d           at.o
    0x0800b64c   0x0800b64c   0x00000014   Code   RO         5158    i.print_u           at.o
    0x0800b660   0x0800b660   0x0000002c   Code   RO         8369    i.rand1             utilities.o
    0x0800b68c   0x0800b68c   0x00000016   Code   RO         8370    i.randr             utilities.o
    0x0800b6a2   0x0800b6a2   0x0000007e   Code   RO         5625    i.read_data         lora.o
    0x0800b720   0x0800b720   0x0000009c   Code   RO         8518    i.round             m_ps.l(round.o)
    0x0800b7bc   0x0800b7bc   0x00000014   Code   RO         4649    i.send_exti         main.o
    0x0800b7d0   0x0800b7d0   0x00000024   Code   RO         5159    i.set_at_receive    at.o
    0x0800b7f4   0x0800b7f4   0x00000068   Code   RO         8427    i.shift_sub_rows    aes.o
    0x0800b85c   0x0800b85c   0x0000000c   Code   RO         8371    i.srand1            utilities.o
    0x0800b868   0x0800b868   0x0000004c   Code   RO         5160    i.sscanf_16_hhx     at.o
    0x0800b8b4   0x0800b8b4   0x00000028   Code   RO         5161    i.sscanf_uint32_as_hhx  at.o
    0x0800b8dc   0x0800b8dc   0x000000c8   Code   RO         5626    i.store_data        lora.o
    0x0800b9a4   0x0800b9a4   0x00000014   Code   RO         5827    i.tiny_sscanf       tiny_sscanf.o
    0x0800b9b8   0x0800b9b8   0x00000254   Code   RO         5828    i.tiny_vfscanf      tiny_sscanf.o
    0x0800bc0c   0x0800bc0c   0x0000015c   Code   RO         5851    i.tiny_vsnprintf_like  tiny_vsnprintf.o
    0x0800bd68   0x0800bd68   0x00000020   Code   RO         5162    i.translate_status  at.o
    0x0800bd88   0x0800bd88   0x000000e8   Code   RO         4985    i.vcom_IRQHandler   vcom.o
    0x0800be70   0x0800be70   0x000000b0   Code   RO         4986    i.vcom_Init         vcom.o
    0x0800bf20   0x0800bf20   0x0000007c   Code   RO         4988    i.vcom_IoInit       vcom.o
    0x0800bf9c   0x0800bf9c   0x00000034   Code   RO         4990    i.vcom_ReceiveInit  vcom.o
    0x0800bfd0   0x0800bfd0   0x00000098   Code   RO         4991    i.vcom_Send         vcom.o
    0x0800c068   0x0800c068   0x00000082   Code   RO         8428    i.xor_block         aes.o
    0x0800c0ea   0x0800c0ea   0x00000002   PAD
    0x0800c0ec   0x0800c0ec   0x000000e0   Data   RO           42    .constdata          sx1276.o
    0x0800c1cc   0x0800c1cc   0x00000068   Data   RO          873    .constdata          sx1276mb1las.o
    0x0800c234   0x0800c234   0x00000019   Data   RO          953    .constdata          system_stm32l0xx.o
    0x0800c24d   0x0800c24d   0x00000008   Data   RO          954    .constdata          system_stm32l0xx.o
    0x0800c255   0x0800c255   0x00000018   Data   RO         4493    .constdata          hw_rtc.o
    0x0800c26d   0x0800c26d   0x00000003   PAD
    0x0800c270   0x0800c270   0x00000380   Data   RO         5544    .constdata          command.o
    0x0800c5f0   0x0800c5f0   0x0000005c   Data   RO         6995    .constdata          regioneu868.o
    0x0800c64c   0x0800c64c   0x00000010   Data   RO         7868    .constdata          loramac.o
    0x0800c65c   0x0800c65c   0x00000300   Data   RO         8429    .constdata          aes.o
    0x0800c95c   0x0800c95c   0x000000a4   Data   RO         5165    .conststring        at.o
    0x0800ca00   0x0800ca00   0x00000a66   Data   RO         5545    .conststring        command.o
    0x0800d466   0x0800d466   0x00000002   PAD
    0x0800d468   0x0800d468   0x0000004d   Data   RO         5852    .conststring        tiny_vsnprintf.o
    0x0800d4b5   0x0800d4b5   0x00000003   PAD
    0x0800d4b8   0x0800d4b8   0x00000020   Data   RO         8880    Region$$Table       anon$$obj.o


    Execution Region RW_IRAM1 (Exec base: 0x20000000, Load base: 0x0800d4d8, Size: 0x00001738, Max: 0x00005000, ABSOLUTE, COMPRESSED[0x0000008c])

    Exec Addr    Load Addr    Size         Type   Attr      Idx    E Section Name        Object

    0x20000000   COMPRESSED   0x00000020   Data   RW           43    .data               sx1276.o
    0x20000020   COMPRESSED   0x00000008   Data   RW          625    .data               flash_eraseprogram.o
    0x20000028   COMPRESSED   0x0000001c   Data   RW          874    .data               sx1276mb1las.o
    0x20000044   COMPRESSED   0x00000004   Data   RW          955    .data               system_stm32l0xx.o
    0x20000048   COMPRESSED   0x00000004   Data   RW         1993    .data               stm32l0xx_hal.o
    0x2000004c   COMPRESSED   0x00000002   Data   RW         4358    .data               bsp.o
    0x2000004e   COMPRESSED   0x00000004   Data   RW         4494    .data               hw_rtc.o
    0x20000052   COMPRESSED   0x00000002   PAD
    0x20000054   COMPRESSED   0x00000034   Data   RW         4652    .data               main.o
    0x20000088   COMPRESSED   0x00000002   Data   RW         4788    .data               stm32l0xx_hw.o
    0x2000008a   COMPRESSED   0x00000002   PAD
    0x2000008c   COMPRESSED   0x00000010   Data   RW         4995    .data               vcom.o
    0x2000009c   COMPRESSED   0x00000010   Data   RW         5166    .data               at.o
    0x200000ac   COMPRESSED   0x00000004   Data   RW         5546    .data               command.o
    0x200000b0   COMPRESSED   0x00000068   Data   RW         5628    .data               lora.o
    0x20000118   COMPRESSED   0x00000008   Data   RW         5853    .data               tiny_vsnprintf.o
    0x20000120   COMPRESSED   0x00000054   Data   RW         6996    .data               regioneu868.o
    0x20000174   COMPRESSED   0x0000006c   Data   RW         7869    .data               loramac.o
    0x200001e0   COMPRESSED   0x00000020   Data   RW         8073    .data               loramaccrypto.o
    0x20000200   COMPRESSED   0x00000002   Data   RW         8132    .data               lora-test.o
    0x20000202   COMPRESSED   0x00000002   PAD
    0x20000204   COMPRESSED   0x00000008   Data   RW         8215    .data               low_power_manager.o
    0x2000020c   COMPRESSED   0x00000004   Data   RW         8291    .data               timeserver.o
    0x20000210   COMPRESSED   0x00000004   Data   RW         8372    .data               utilities.o
    0x20000214   COMPRESSED   0x00000004   Data   RW         8856    .data               mc_p.l(stdout.o)
    0x20000218        -       0x000001a4   Zero   RW           41    .bss                sx1276.o
    0x200003bc        -       0x0000000c   Zero   RW          624    .bss                flash_eraseprogram.o
    0x200003c8        -       0x00000018   Zero   RW         4268    .bss                stm32l0xx_hal_flash.o
    0x200003e0        -       0x00000040   Zero   RW         4430    .bss                hw_gpio.o
    0x20000420        -       0x00000068   Zero   RW         4492    .bss                hw_rtc.o
    0x20000488        -       0x00000058   Zero   RW         4602    .bss                hw_spi.o
    0x200004e0        -       0x00000040   Zero   RW         4650    .bss                main.o
    0x20000520        -       0x00000014   Zero   RW         4651    .bss                main.o
    0x20000534        -       0x00000060   Zero   RW         4787    .bss                stm32l0xx_hw.o
    0x20000594        -       0x0000037c   Zero   RW         4994    .bss                vcom.o
    0x20000910        -       0x00000040   Zero   RW         5163    .bss                at.o
    0x20000950        -       0x000000ff   Zero   RW         5164    .bss                at.o
    0x20000a4f        -       0x00000080   Zero   RW         5543    .bss                command.o
    0x20000acf   COMPRESSED   0x00000001   PAD
    0x20000ad0        -       0x000000a8   Zero   RW         5627    .bss                lora.o
    0x20000b78        -       0x000000c0   Zero   RW         6994    .bss                regioneu868.o
    0x20000c38        -       0x00000470   Zero   RW         7867    .bss                loramac.o
    0x200010a8        -       0x0000022c   Zero   RW         8072    .bss                loramaccrypto.o
    0x200012d4        -       0x0000005e   Zero   RW         8131    .bss                lora-test.o
    0x20001332   COMPRESSED   0x00000006   PAD
    0x20001338        -       0x00000400   Zero   RW         4347    STACK               startup_stm32l072xx.o


==============================================================================

Image component sizes


      Code (inc. data)   RO Data    RW Data    ZI Data      Debug   Object Name

      1304         12        768          0          0      14768   aes.o
      2796        478        164         16        319      54758   at.o
       116         18          0          2          0       2718   bsp.o
       554          0          0          0          0       4665   cmac.o
       312         20       3558          4        128       3541   command.o
        98          4          0          0          0       1487   debug.o
         8          0          0          0          0       1202   delay.o
       568         52          0          0          0       7705   ds18b20.o
       252        104          0          8         12      13390   flash_eraseprogram.o
       144         16          0          0          0       2003   gpio_exti.o
       234         26          0          0         64       4117   hw_gpio.o
       938         98         24          4        104      12929   hw_rtc.o
       372         24          0          0         88       3387   hw_spi.o
       624         52          0          2         94       7547   lora-test.o
      2944        412          0        104        168      24368   lora.o
      7496        552         16        108       1136      47671   loramac.o
       604         42          0         32        556       8159   loramaccrypto.o
       178         22          0          8          0       5670   low_power_manager.o
       596        136          0         52         84       6732   main.o
        76         10          0          0          0       1277   oil_float.o
       426          0          0          0          0      30221   region.o
         0          0          0          0          0       1244   regionas923.o
      1038         22          0          0          0      15554   regioncommon.o
      2770        312         92         84        192      28584   regioneu868.o
        28          8        192          0       1024        684   startup_stm32l072xx.o
       108         30          0          4          0       4988   stm32l0xx_hal.o
      1026         36          0          0          0       7528   stm32l0xx_hal_adc.o
       170          0          0          0          0       1702   stm32l0xx_hal_adc_ex.o
        96         14          0          0          0      10364   stm32l0xx_hal_cortex.o
       396         54          0          0         24       4346   stm32l0xx_hal_flash.o
       164         24          0          0          0       3137   stm32l0xx_hal_flash_ex.o
       434         38          0          0          0       4186   stm32l0xx_hal_gpio.o
       214         14          0          0          0       4660   stm32l0xx_hal_msp.o
       116         22          0          0          0       2110   stm32l0xx_hal_pwr.o
        32          8          0          0          0       1281   stm32l0xx_hal_pwr_ex.o
      1772        114          0          0          0       7456   stm32l0xx_hal_rcc.o
       844         56          0          0          0       3681   stm32l0xx_hal_rcc_ex.o
      1514         26          0          0          0      10756   stm32l0xx_hal_rtc.o
        60          0          0          0          0       1355   stm32l0xx_hal_rtc_ex.o
      1008          0          0          0          0       4791   stm32l0xx_hal_spi.o
      1064         80          0          0          0       5977   stm32l0xx_hal_uart.o
       194          4          0          0          0       2476   stm32l0xx_hal_uart_ex.o
       860        130          0          2         96      10320   stm32l0xx_hw.o
       190         16          0          0          0       5309   stm32l0xx_it.o
      5394        356        224         32        420     458604   sx1276.o
       534         52        104         28          0      13313   sx1276mb1las.o
        84         18         33          4          0       1803   system_stm32l0xx.o
       484         18          0          4          0       8631   timeserver.o
       616         22          0          0          0       2794   tiny_sscanf.o
       608         16         77          8          0       4670   tiny_vsnprintf.o
       144         24          0          4          0       5059   utilities.o
       808        128          0         16        892       9243   vcom.o

    ----------------------------------------------------------------------
     43482       3720       5292        532       5408     904921   Object Totals
         0          0         32          0          0          0   (incl. Generated)
        72          0          8          6          7          0   (incl. Padding)

    ----------------------------------------------------------------------

      Code (inc. data)   RO Data    RW Data    ZI Data      Debug   Library Member Name

       200         20          0          0          0         76   ceil.o
       200         20          0          0          0         76   floor.o
       156         14          0          0          0         84   round.o
        86          0          0          0          0          0   __dczerorl2.o
         0          0          0          0          0          0   entry.o
         0          0          0          0          0          0   entry10a.o
         0          0          0          0          0          0   entry11a.o
         8          4          0          0          0          0   entry2.o
         4          0          0          0          0          0   entry5.o
         0          0          0          0          0          0   entry7b.o
         0          0          0          0          0          0   entry8b.o
         8          4          0          0          0          0   entry9a.o
        18          0          0          0          0         72   fputc.o
        30          0          0          0          0          0   handlers.o
        40          0          0          0          0         72   idiv.o
        36          8          0          0          0         68   init.o
         0          0          0          0          0          0   iusefp.o
         0          0          0          0          0          0   iusesemip.o
       122          0          0          0          0         84   llmul.o
        32          0          0          0          0         68   llshl.o
        38          0          0          0          0         68   llsshr.o
        34          0          0          0          0         68   llushr.o
        36          0          0          0          0         60   memcpya.o
        36          0          0          0          0        100   memseta.o
      2252         98          0          0          0        412   printfa.o
         0          0          0          0          0          0   semi.o
         0          0          0          4          0          0   stdout.o
        14          0          0          0          0         60   strlen.o
        30          0          0          0          0         72   strncmp.o
        44          0          0          0          0         72   uidiv.o
        96          0          0          0          0         84   uldiv.o
        20          0          0          0          0         60   uread4.o
        40          2          0          0          0         68   cdcmple.o
        40          2          0          0          0         68   cdrcmple.o
        56          0          0          0          0         68   d2f.o
       356          4          0          0          0        140   dadd.o
       240          6          0          0          0         84   ddiv.o
       236          0          0          0          0        216   depilogue.o
        72         10          0          0          0         72   dfixi.o
        60         10          0          0          0         68   dfixui.o
        64         10          0          0          0         68   dfixul.o
        40          6          0          0          0         68   dflti.o
        28          4          0          0          0         68   dfltui.o
       208          6          0          0          0         88   dmul.o
       124         10          0          0          0         76   drnd.o
        44          0          0          0          0         72   dscalb.o
        40          0          0          0          0         60   f2d.o
       178          0          0          0          0        108   fadd.o
       130          0          0          0          0        144   fepilogue.o
        50          0          0          0          0         60   ffixi.o
        22          0          0          0          0         68   fflti.o
        14          0          0          0          0         68   ffltui.o
       122          0          0          0          0         72   fmul.o

    ----------------------------------------------------------------------
      5714        238          0          4          0       3460   Library Totals
        10          0          0          0          0          0   (incl. Padding)

    ----------------------------------------------------------------------

      Code (inc. data)   RO Data    RW Data    ZI Data      Debug   Library Name

       556         54          0          0          0        236   m_ps.l
      2984        114          0          4          0       1420   mc_p.l
      2164         70          0          0          0       1804   mf_p.l

    ----------------------------------------------------------------------
      5714        238          0          4          0       3460   Library Totals

    ----------------------------------------------------------------------

==============================================================================


      Code (inc. data)   RO Data    RW Data    ZI Data      Debug   

     49196       3958       5292        536       5408     886897   Grand Totals
     49196       3958       5292        140       5408     886897   ELF Image Totals (compressed)
     49196       3958       5292        140          0          0   ROM Totals

==============================================================================

    Total RO  Size (Code + RO Data)                54488 (  53.21kB)
    Total RW  Size (RW Data + ZI Data)              5944 (   5.80kB)
    Total ROM Size (Code + RO Data + RW Data)      54628 (  53.35kB)

==============================================================================

